18:45:27 [INFO ] Logging to /data/user/akanksha/repo/visual_servoing_for_suction_grippers/logs/servo_lastmile_20260510_184527.log
18:45:27 [INFO ] ======================================================================
18:45:27 [INFO ] servo_lastmile_v2_ext starting
18:45:27 [INFO ]   detector=sam3  prompt=box  ref=masked_objects/protein_bar.png  hand-eye=None
18:45:27 [INFO ]   offline=False  debug=False  dry-run=False  no-robot=False
18:45:27 [INFO ] ======================================================================
18:45:27 [INFO ] PyZED available - will use ZED SDK for capture and SVO recording
SDK_VERSION: 1.17.3
ROBOT_IP: 192.168.1.241, VERSION: v2.5.5, PROTOCOL: V1, DETAIL: 7,7,XS1305,MC1303,v2.5.5, TYPE1300: [1, 1]
change protocol identifier to 3
[motion_enable], xArm is not ready to move
[set_state], xArm is ready to move
18:45:28 [INFO ] Robot connected: 192.168.1.241
18:45:28 [INFO ] Home position captured: [181.3, -7.5, -48.6] mm
18:45:28 [INFO ] Processing reference image ...
Loading weights:   0%|          | 0/1468 [00:00<?, ?it/s]Loading weights: 100%|██████████| 1468/1468 [00:00<00:00, 15087.72it/s]
18:45:32 [INFO ] SAM3 loaded: facebook/sam3 on cuda
18:45:32 [INFO ] SAM3: 1 detection(s) for 'box'
18:45:32 [INFO ] Ref image: detected 'box' score=0.96 @ [  2   1 423 715]
18:45:32 [INFO ] Feature extractor (ResNet-18) loaded
18:45:33 [INFO ] Ref features: 512-d vector (norm=1.000)
18:45:33 [WARNING] Hand-eye: no path supplied; using identity. Signal A (locked-3D projection) will be unreliable. Run a one-time calibrateHandEye to populate.
18:45:33 [INFO ] LastMilePipelineV2Ext: detector_name=sam3
QFontDatabase: Cannot find font directory /home/akanksha/miniconda3/envs/semvs/lib/python3.10/site-packages/cv2/qt/fonts.
Note that Qt no longer ships fonts. Deploy some (from https://dejavu-fonts.github.io/ for example) or switch to fontconfig.
QFontDatabase: Cannot find font directory /home/akanksha/miniconda3/envs/semvs/lib/python3.10/site-packages/cv2/qt/fonts.
Note that Qt no longer ships fonts. Deploy some (from https://dejavu-fonts.github.io/ for example) or switch to fontconfig.
QFontDatabase: Cannot find font directory /home/akanksha/miniconda3/envs/semvs/lib/python3.10/site-packages/cv2/qt/fonts.
Note that Qt no longer ships fonts. Deploy some (from https://dejavu-fonts.github.io/ for example) or switch to fontconfig.
QFontDatabase: Cannot find font directory /home/akanksha/miniconda3/envs/semvs/lib/python3.10/site-packages/cv2/qt/fonts.
Note that Qt no longer ships fonts. Deploy some (from https://dejavu-fonts.github.io/ for example) or switch to fontconfig.
QFontDatabase: Cannot find font directory /home/akanksha/miniconda3/envs/semvs/lib/python3.10/site-packages/cv2/qt/fonts.
Note that Qt no longer ships fonts. Deploy some (from https://dejavu-fonts.github.io/ for example) or switch to fontconfig.
[2026-05-10 18:45:33 UTC][ZED][INFO] Logging level INFO
[2026-05-10 18:45:34 UTC][ZED][INFO] [Init]  Camera successfully opened.
[2026-05-10 18:45:34 UTC][ZED][INFO] [Init]  Camera FW version: 1523
[2026-05-10 18:45:34 UTC][ZED][INFO] [Init]  Video mode: HD720@30
[2026-05-10 18:45:34 UTC][ZED][INFO] [Init]  Serial Number: S/N 19668636
[2026-05-10 18:45:34 UTC][ZED][WARNING] [Init]  PERFORMANCE is deprecated. Please update your configuration to use NEURAL instead.
18:45:35 [INFO ] SAM3: 1 detection(s) for 'box'
18:45:35 [INFO ] SAM3: 'box' score=0.98 @ [707 205 942 615]  (top of 1)  sim=0.914
18:45:35 [INFO ] SAM3: mask obtained (score=0.976, area=93462 px)
xFormers not available
xFormers not available
18:45:35 [INFO ] Calibration thread: starting Y/Z Jacobian calibration.
18:45:35 [INFO ] === Calibration: waiting for camera frame ===
18:45:35 [INFO ] Home: [181.3, -7.5, -48.6] mm
18:45:35 [INFO ] frame=0 state=FAR       c=(826,408) z=474.9mm tilt=- tilt_corr=False
18:45:35 [INFO ]   [Y] moving +25 mm at 30 mm/s...
18:45:36 [INFO ] SAM3: 1 detection(s) for 'box'
18:45:36 [INFO ] SAM3: 'box' score=0.98 @ [707 205 942 615]  (top of 1)  sim=0.914
18:45:36 [INFO ] SAM3: mask obtained (score=0.975, area=93441 px)
18:45:36 [INFO ] frame=1 state=FAR       c=(826,408) z=475.1mm tilt=- tilt_corr=False
18:45:36 [INFO ] SAM3: 1 detection(s) for 'box'
18:45:36 [INFO ] SAM3: 'box' score=0.98 @ [710 204 945 616]  (top of 1)  sim=0.914
18:45:36 [INFO ] SAM3: mask obtained (score=0.976, area=93448 px)
Using cache found in /home/akanksha/.cache/torch/hub/facebookresearch_co-tracker_main
18:45:38 [INFO ]   [Y] returning home...
Using cache found in /home/akanksha/.cache/torch/hub/facebookresearch_dinov2_main
18:45:39 [INFO ] frame=2 state=NEAR      c=(829,408) z=476.1mm tilt=- tilt_corr=False
INFO:lastmile_v2_ext:frame=2 state=NEAR      c=(829,408) z=476.1mm tilt=- tilt_corr=False
18:45:39 [INFO ]   [Y] flow: (+3.3, -0.0) px / 25 mm  -> J[:,{col}]=[+0.1337, -0.0015]
18:45:39 [INFO ] SAM3: 1 detection(s) for 'box'
18:45:39 [INFO ] SAM3: 'box' score=0.98 @ [709 207 945 618]  (top of 1)  sim=0.918
18:45:39 [INFO ] SAM3: mask obtained (score=0.976, area=93330 px)
18:45:39 [INFO ]   [Z] moving +25 mm at 30 mm/s...
18:45:39 [INFO ] frame=3 state=NEAR      c=(828,411) z=476.0mm tilt=1.9° tilt_corr=False
INFO:lastmile_v2_ext:frame=3 state=NEAR      c=(828,411) z=476.0mm tilt=1.9° tilt_corr=False
18:45:40 [INFO ] SAM3: 1 detection(s) for 'box'
18:45:40 [INFO ] SAM3: 'box' score=0.98 @ [707 208 942 619]  (top of 1)  sim=0.918
18:45:40 [INFO ] SAM3: mask obtained (score=0.977, area=93467 px)
18:45:40 [INFO ] frame=4 state=NEAR      c=(827,412) z=475.3mm tilt=3.2° tilt_corr=False
INFO:lastmile_v2_ext:frame=4 state=NEAR      c=(827,412) z=475.3mm tilt=3.2° tilt_corr=False
18:45:40 [INFO ] SAM3: 1 detection(s) for 'box'
18:45:40 [INFO ] SAM3: 'box' score=0.98 @ [707 216 942 628]  (top of 1)  sim=0.918
18:45:40 [INFO ] SAM3: mask obtained (score=0.978, area=93512 px)
18:45:40 [INFO ] MaskTracker: anchor locked (IoU streak=5, last IoU=0.956)
18:45:40 [INFO ] frame=5 state=NEAR      c=(826,418) z=476.6mm tilt=2.2° tilt_corr=False
INFO:lastmile_v2_ext:frame=5 state=NEAR      c=(826,418) z=476.6mm tilt=2.2° tilt_corr=False
18:45:41 [INFO ] SAM3: 1 detection(s) for 'box'
18:45:41 [INFO ] SAM3: 'box' score=0.98 @ [707 233 942 645]  (top of 1)  sim=0.916
18:45:41 [INFO ] SAM3: mask obtained (score=0.976, area=93369 px)
18:45:41 [INFO ] MaskTracker: anchor locked (IoU streak=6, last IoU=0.914)
18:45:41 [INFO ] frame=6 state=NEAR      c=(826,431) z=476.2mm tilt=1.9° tilt_corr=False
INFO:lastmile_v2_ext:frame=6 state=NEAR      c=(826,431) z=476.2mm tilt=1.9° tilt_corr=False
18:45:41 [INFO ] SAM3: 1 detection(s) for 'box'
18:45:41 [INFO ] SAM3: 'box' score=0.98 @ [706 248 941 658]  (top of 1)  sim=0.919
18:45:41 [INFO ] SAM3: mask obtained (score=0.978, area=93079 px)
18:45:41 [INFO ] MaskTracker: anchor locked (IoU streak=7, last IoU=0.926)
18:45:41 [INFO ] frame=7 state=NEAR      c=(825,445) z=475.9mm tilt=4.3° tilt_corr=False
INFO:lastmile_v2_ext:frame=7 state=NEAR      c=(825,445) z=475.9mm tilt=4.3° tilt_corr=False
18:45:41 [INFO ] SAM3: 1 detection(s) for 'box'
18:45:42 [INFO ] SAM3: 'box' score=0.98 @ [707 248 941 658]  (top of 1)  sim=0.921
18:45:42 [INFO ] SAM3: mask obtained (score=0.977, area=93028 px)
18:45:42 [INFO ] MaskTracker: anchor locked (IoU streak=8, last IoU=0.997)
18:45:42 [INFO ] frame=8 state=NEAR      c=(825,449) z=475.8mm tilt=2.4° tilt_corr=False
INFO:lastmile_v2_ext:frame=8 state=NEAR      c=(825,449) z=475.8mm tilt=2.4° tilt_corr=False
18:45:42 [INFO ] SAM3: 1 detection(s) for 'box'
18:45:42 [INFO ] SAM3: 'box' score=0.98 @ [706 248 941 658]  (top of 1)  sim=0.916
18:45:42 [INFO ] SAM3: mask obtained (score=0.978, area=93076 px)
18:45:42 [INFO ] MaskTracker: anchor locked (IoU streak=9, last IoU=0.998)
18:45:42 [INFO ] frame=9 state=NEAR      c=(825,450) z=475.5mm tilt=3.3° tilt_corr=False
INFO:lastmile_v2_ext:frame=9 state=NEAR      c=(825,450) z=475.5mm tilt=3.3° tilt_corr=False
18:45:42 [INFO ]   [Z] returning home...
18:45:42 [INFO ] SAM3: 1 detection(s) for 'box'
18:45:42 [INFO ] SAM3: 'box' score=0.98 @ [706 248 941 658]  (top of 1)  sim=0.918
18:45:42 [INFO ] SAM3: mask obtained (score=0.977, area=93013 px)
18:45:42 [INFO ] MaskTracker: anchor locked (IoU streak=10, last IoU=0.998)
18:45:42 [INFO ] frame=10 state=NEAR      c=(825,451) z=475.5mm tilt=2.5° tilt_corr=False
INFO:lastmile_v2_ext:frame=10 state=NEAR      c=(825,451) z=475.5mm tilt=2.5° tilt_corr=False
18:45:43 [INFO ] SAM3: 1 detection(s) for 'box'
18:45:43 [INFO ] SAM3: 'box' score=0.98 @ [707 244 941 654]  (top of 1)  sim=0.918
18:45:43 [INFO ] SAM3: mask obtained (score=0.978, area=93104 px)
18:45:43 [INFO ] MaskTracker: anchor locked (IoU streak=11, last IoU=0.977)
18:45:43 [INFO ] frame=11 state=NEAR      c=(825,448) z=475.7mm tilt=2.0° tilt_corr=False
INFO:lastmile_v2_ext:frame=11 state=NEAR      c=(825,448) z=475.7mm tilt=2.0° tilt_corr=False
18:45:43 [INFO ] SAM3: 1 detection(s) for 'box'
18:45:43 [INFO ] SAM3: 'box' score=0.98 @ [707 225 942 635]  (top of 1)  sim=0.913
18:45:43 [INFO ] SAM3: mask obtained (score=0.978, area=93232 px)
18:45:43 [INFO ]   [Z] flow: (-3.1, +40.0) px / 25 mm  -> J[:,{col}]=[-0.1227, +1.6002]
18:45:43 [INFO ] J_yz (px/mm):
[[ 1.33732910e-01 -1.22705078e-01]
 [-1.47888184e-03  1.60020020e+00]]
18:45:43 [INFO ] J_yz_inv (mm/px):
[[7.48393716e+00 5.73876379e-01]
 [6.91654629e-03 6.25452177e-01]]
18:45:43 [INFO ] === Calibration complete [calibrated] ===
18:45:43 [INFO ] MaskTracker: anchor locked (IoU streak=12, last IoU=0.907)
18:45:44 [INFO ] Servo: err=(+186,+74)px r=200  Δ=(+0.0,-12.0,-12.0)mm  pos=(181,-19,-61)  [calibrated]
18:45:44 [INFO ] frame=12 state=NEAR      c=(826,434) z=474.7mm tilt=1.8° tilt_corr=False
INFO:lastmile_v2_ext:frame=12 state=NEAR      c=(826,434) z=474.7mm tilt=1.8° tilt_corr=False
18:45:44 [INFO ] SAM3: 1 detection(s) for 'box'
18:45:45 [INFO ] SAM3: 'box' score=0.98 @ [686 188 922 603]  (top of 1)  sim=0.922
18:45:45 [INFO ] SAM3: mask obtained (score=0.977, area=91948 px)
18:45:45 [INFO ] Servo: err=(+171,+46)px r=177  Δ=(+0.0,-12.0,-12.0)mm  pos=(181,-31,-73)  [calibrated]
18:45:45 [INFO ] frame=13 state=NEAR      c=(811,406) z=474.7mm tilt=2.4° tilt_corr=False
INFO:lastmile_v2_ext:frame=13 state=NEAR      c=(811,406) z=474.7mm tilt=2.4° tilt_corr=False
18:45:46 [INFO ] SAM3: 1 detection(s) for 'box'
18:45:46 [INFO ] SAM3: 'box' score=0.98 @ [671 173 903 589]  (top of 1)  sim=0.932
18:45:46 [INFO ] SAM3: mask obtained (score=0.978, area=90835 px)
18:45:47 [INFO ] Servo: err=(+155,+28)px r=157  Δ=(+0.0,-12.0,-9.3)mm  pos=(181,-43,-82)  [calibrated]
18:45:47 [INFO ] frame=14 state=NEAR      c=(795,388) z=474.9mm tilt=1.3° tilt_corr=False
INFO:lastmile_v2_ext:frame=14 state=NEAR      c=(795,388) z=474.9mm tilt=1.3° tilt_corr=False
18:45:47 [INFO ] SAM3: 1 detection(s) for 'box'
18:45:47 [INFO ] SAM3: 'box' score=0.98 @ [657 159 885 575]  (top of 1)  sim=0.927
18:45:47 [INFO ] SAM3: mask obtained (score=0.978, area=89646 px)
18:45:48 [INFO ] Servo: err=(+138,+13)px r=139  Δ=(+0.0,-12.0,-4.5)mm  pos=(181,-55,-86)  [calibrated]
18:45:48 [INFO ] frame=15 state=NEAR      c=(778,373) z=474.7mm tilt=3.2° tilt_corr=False
INFO:lastmile_v2_ext:frame=15 state=NEAR      c=(778,373) z=474.7mm tilt=3.2° tilt_corr=False
18:45:48 [INFO ] SAM3: 1 detection(s) for 'box'
18:45:48 [INFO ] SAM3: 'box' score=0.98 @ [641 152 866 568]  (top of 1)  sim=0.922
18:45:48 [INFO ] SAM3: mask obtained (score=0.976, area=87993 px)
18:45:49 [INFO ] Servo: err=(+122,+3)px r=122  Δ=(+0.0,-12.0,-1.4)mm  pos=(181,-67,-88)  [calibrated]
18:45:49 [INFO ] frame=16 state=NEAR      c=(762,363) z=474.9mm tilt=1.6° tilt_corr=False
INFO:lastmile_v2_ext:frame=16 state=NEAR      c=(762,363) z=474.9mm tilt=1.6° tilt_corr=False
18:45:49 [INFO ] SAM3: 1 detection(s) for 'box'
18:45:49 [INFO ] SAM3: 'box' score=0.97 @ [627 151 851 566]  (top of 1)  sim=0.922
18:45:49 [INFO ] SAM3: mask obtained (score=0.973, area=86847 px)
18:45:50 [INFO ] Servo: err=(+106,-0)px r=106  Δ=(+0.0,-12.0,-0.2)mm  pos=(181,-79,-88)  [calibrated]
18:45:50 [INFO ] frame=17 state=NEAR      c=(746,360) z=475.0mm tilt=1.5° tilt_corr=False
INFO:lastmile_v2_ext:frame=17 state=NEAR      c=(746,360) z=475.0mm tilt=1.5° tilt_corr=False
18:45:50 [INFO ] SAM3: 1 detection(s) for 'box'
18:45:50 [INFO ] SAM3: 'box' score=0.97 @ [611 151 832 567]  (top of 1)  sim=0.924
18:45:50 [INFO ] SAM3: mask obtained (score=0.968, area=85627 px)
18:45:51 [INFO ] Servo: err=(+89,-1)px r=89  Δ=(+0.0,-12.0,+0.0)mm  pos=(181,-91,-88)  [calibrated]
18:45:51 [INFO ] frame=18 state=NEAR      c=(729,359) z=475.2mm tilt=1.4° tilt_corr=False
INFO:lastmile_v2_ext:frame=18 state=NEAR      c=(729,359) z=475.2mm tilt=1.4° tilt_corr=False
18:45:52 [INFO ] SAM3: 1 detection(s) for 'box'
18:45:52 [INFO ] SAM3: 'box' score=0.96 @ [594 151 814 567]  (top of 1)  sim=0.930
18:45:52 [INFO ] SAM3: mask obtained (score=0.963, area=85149 px)
18:45:52 [INFO ] Servo: err=(+72,-1)px r=72  Δ=(+0.0,-12.0,+0.1)mm  pos=(181,-103,-88)  [calibrated]
18:45:52 [INFO ] frame=19 state=NEAR      c=(712,359) z=475.3mm tilt=1.6° tilt_corr=False
INFO:lastmile_v2_ext:frame=19 state=NEAR      c=(712,359) z=475.3mm tilt=1.6° tilt_corr=False
18:45:53 [INFO ] SAM3: 1 detection(s) for 'box'
18:45:53 [INFO ] SAM3: 'box' score=0.97 @ [576 152 795 568]  (top of 1)  sim=0.924
18:45:53 [INFO ] SAM3: mask obtained (score=0.966, area=85008 px)
18:45:53 [INFO ] MaskTracker: anchor locked (IoU streak=5, last IoU=0.840)
18:45:53 [INFO ] Servo: err=(+54,-0)px r=54  Δ=(+0.0,-12.0,-0.1)mm  pos=(181,-115,-88)  [calibrated]
18:45:53 [INFO ] frame=20 state=NEAR      c=(694,360) z=475.5mm tilt=1.9° tilt_corr=False
INFO:lastmile_v2_ext:frame=20 state=NEAR      c=(694,360) z=475.5mm tilt=1.9° tilt_corr=False
18:45:54 [INFO ] SAM3: 1 detection(s) for 'box'
18:45:54 [INFO ] SAM3: 'box' score=0.97 @ [557 153 776 568]  (top of 1)  sim=0.926
18:45:54 [INFO ] SAM3: mask obtained (score=0.967, area=84872 px)
18:45:54 [INFO ] MaskTracker: anchor locked (IoU streak=6, last IoU=0.833)
18:45:55 [INFO ] Servo: err=(+35,-0)px r=35  Δ=(+5.0,-12.0,-0.1)mm  pos=(186,-127,-88)  [calibrated]
18:45:55 [INFO ] frame=21 state=NEAR      c=(675,360) z=475.9mm tilt=2.1° tilt_corr=False
INFO:lastmile_v2_ext:frame=21 state=NEAR      c=(675,360) z=475.9mm tilt=2.1° tilt_corr=False
18:45:55 [INFO ] SAM3: 1 detection(s) for 'box'
18:45:55 [INFO ] SAM3: 'box' score=0.97 @ [538 151 760 571]  (top of 1)  sim=0.926
18:45:55 [INFO ] SAM3: mask obtained (score=0.970, area=86540 px)
18:45:55 [INFO ] MaskTracker: anchor locked (IoU streak=7, last IoU=0.839)
18:45:56 [INFO ] Servo: err=(+18,+0)px r=18  Δ=(+5.0,-12.0,-0.1)mm  pos=(191,-139,-88)  [calibrated]
18:45:56 [INFO ] frame=22 state=NEAR      c=(658,360) z=473.0mm tilt=2.0° tilt_corr=False
INFO:lastmile_v2_ext:frame=22 state=NEAR      c=(658,360) z=473.0mm tilt=2.0° tilt_corr=False
18:45:56 [INFO ] SAM3: 1 detection(s) for 'box'
18:45:56 [INFO ] SAM3: 'box' score=0.97 @ [522 150 747 573]  (top of 1)  sim=0.926
18:45:56 [INFO ] SAM3: mask obtained (score=0.967, area=88279 px)
18:45:56 [INFO ] MaskTracker: anchor locked (IoU streak=8, last IoU=0.860)
18:45:57 [INFO ] Servo: err=(+2,+1)px r=2  Δ=(+5.0,+0.0,-1.0)mm  pos=(196,-139,-89)  [calibrated]
18:45:57 [INFO ] frame=23 state=NEAR      c=(642,361) z=469.1mm tilt=1.6° tilt_corr=False
INFO:lastmile_v2_ext:frame=23 state=NEAR      c=(642,361) z=469.1mm tilt=1.6° tilt_corr=False
18:45:57 [INFO ] SAM3: 1 detection(s) for 'box'
18:45:57 [INFO ] SAM3: 'box' score=0.97 @ [521 146 748 574]  (top of 1)  sim=0.926
18:45:57 [INFO ] SAM3: mask obtained (score=0.971, area=90123 px)
18:45:57 [INFO ] MaskTracker: anchor locked (IoU streak=9, last IoU=0.980)
18:45:58 [INFO ] Servo: err=(-3,-0)px r=3  Δ=(+5.0,+0.0,-1.0)mm  pos=(201,-139,-90)  [calibrated]
18:45:58 [INFO ] frame=24 state=NEAR      c=(637,360) z=464.1mm tilt=0.8° tilt_corr=False
INFO:lastmile_v2_ext:frame=24 state=NEAR      c=(637,360) z=464.1mm tilt=0.8° tilt_corr=False
18:45:58 [INFO ] SAM3: 1 detection(s) for 'box'
18:45:58 [INFO ] SAM3: 'box' score=0.97 @ [520 142 751 574]  (top of 1)  sim=0.934
18:45:58 [INFO ] SAM3: mask obtained (score=0.969, area=92134 px)
18:45:58 [INFO ] MaskTracker: anchor locked (IoU streak=10, last IoU=0.976)
18:45:59 [INFO ] Servo: err=(-3,-2)px r=4  Δ=(+5.0,+0.0,-1.0)mm  pos=(206,-139,-91)  [calibrated]
18:45:59 [INFO ] frame=25 state=NEAR      c=(637,358) z=459.0mm tilt=3.9° tilt_corr=False
INFO:lastmile_v2_ext:frame=25 state=NEAR      c=(637,358) z=459.0mm tilt=3.9° tilt_corr=False
18:45:59 [INFO ] SAM3: 1 detection(s) for 'box'
18:45:59 [INFO ] SAM3: 'box' score=0.97 @ [520 137 753 575]  (top of 1)  sim=0.925
18:45:59 [INFO ] SAM3: mask obtained (score=0.969, area=94144 px)
18:45:59 [INFO ] MaskTracker: anchor locked (IoU streak=11, last IoU=0.978)
18:46:00 [INFO ] Servo: err=(-3,-3)px r=5  Δ=(+5.0,+0.0,-1.0)mm  pos=(211,-139,-92)  [calibrated]
18:46:00 [INFO ] frame=26 state=NEAR      c=(637,357) z=453.6mm tilt=1.8° tilt_corr=False
INFO:lastmile_v2_ext:frame=26 state=NEAR      c=(637,357) z=453.6mm tilt=1.8° tilt_corr=False
18:46:00 [INFO ] SAM3: 1 detection(s) for 'box'
18:46:00 [INFO ] SAM3: 'box' score=0.97 @ [519 133 755 576]  (top of 1)  sim=0.928
18:46:00 [INFO ] SAM3: mask obtained (score=0.970, area=96351 px)
18:46:00 [INFO ] MaskTracker: anchor locked (IoU streak=12, last IoU=0.977)
18:46:01 [INFO ] Servo: err=(-3,-5)px r=6  Δ=(+5.0,+0.0,-1.0)mm  pos=(216,-139,-93)  [calibrated]
18:46:01 [INFO ] frame=27 state=NEAR      c=(637,355) z=448.3mm tilt=2.7° tilt_corr=False
INFO:lastmile_v2_ext:frame=27 state=NEAR      c=(637,355) z=448.3mm tilt=2.7° tilt_corr=False
18:46:01 [INFO ] SAM3: 1 detection(s) for 'box'
18:46:01 [INFO ] SAM3: 'box' score=0.97 @ [518 129 756 576]  (top of 1)  sim=0.925
18:46:01 [INFO ] SAM3: mask obtained (score=0.967, area=98614 px)
18:46:01 [INFO ] MaskTracker: anchor locked (IoU streak=13, last IoU=0.977)
18:46:02 [INFO ] Servo: err=(-3,-7)px r=8  Δ=(+5.0,+0.0,-1.0)mm  pos=(221,-139,-94)  [calibrated]
18:46:02 [INFO ] frame=28 state=NEAR      c=(637,353) z=443.1mm tilt=2.2° tilt_corr=False
INFO:lastmile_v2_ext:frame=28 state=NEAR      c=(637,353) z=443.1mm tilt=2.2° tilt_corr=False
18:46:02 [INFO ] SAM3: 1 detection(s) for 'box'
18:46:02 [INFO ] SAM3: 'box' score=0.96 @ [517 124 757 576]  (top of 1)  sim=0.925
18:46:02 [INFO ] SAM3: mask obtained (score=0.961, area=100724 px)
18:46:02 [INFO ] MaskTracker: anchor locked (IoU streak=14, last IoU=0.979)
18:46:03 [INFO ] Servo: err=(-3,-9)px r=10  Δ=(+5.0,+12.0,+2.9)mm  pos=(226,-127,-91)  [calibrated]
18:46:03 [INFO ] frame=29 state=NEAR      c=(637,351) z=437.8mm tilt=1.0° tilt_corr=False
INFO:lastmile_v2_ext:frame=29 state=NEAR      c=(637,351) z=437.8mm tilt=1.0° tilt_corr=False
18:46:03 [INFO ] SAM3: 1 detection(s) for 'box'
18:46:03 [INFO ] SAM3: 'box' score=0.97 @ [533 125 777 583]  (top of 1)  sim=0.930
18:46:03 [INFO ] SAM3: mask obtained (score=0.969, area=103146 px)
18:46:03 [INFO ] MaskTracker: anchor locked (IoU streak=15, last IoU=0.833)
18:46:04 [INFO ] Servo: err=(+10,-7)px r=13  Δ=(+5.0,-12.0,+2.3)mm  pos=(231,-139,-89)  [calibrated]
18:46:04 [INFO ] frame=30 state=NEAR      c=(650,353) z=431.9mm tilt=0.9° tilt_corr=False
INFO:lastmile_v2_ext:frame=30 state=NEAR      c=(650,353) z=431.9mm tilt=0.9° tilt_corr=False
18:46:04 [INFO ] SAM3: 1 detection(s) for 'box'
18:46:04 [INFO ] SAM3: 'box' score=0.97 @ [515 127 760 589]  (top of 1)  sim=0.928
18:46:04 [INFO ] SAM3: mask obtained (score=0.968, area=105602 px)
18:46:04 [INFO ] MaskTracker: anchor locked (IoU streak=16, last IoU=0.843)
18:46:05 [INFO ] Servo: err=(+2,-4)px r=4  Δ=(+5.0,+0.0,-1.0)mm  pos=(236,-139,-90)  [calibrated]
18:46:05 [INFO ] frame=31 state=NEAR      c=(642,356) z=427.4mm tilt=0.6° tilt_corr=False
INFO:lastmile_v2_ext:frame=31 state=NEAR      c=(642,356) z=427.4mm tilt=0.6° tilt_corr=False
18:46:05 [INFO ] SAM3: 1 detection(s) for 'box'
18:46:05 [INFO ] SAM3: 'box' score=0.97 @ [513 122 761 590]  (top of 1)  sim=0.928
18:46:05 [INFO ] SAM3: mask obtained (score=0.966, area=107915 px)
18:46:05 [INFO ] MaskTracker: anchor locked (IoU streak=17, last IoU=0.979)
18:46:06 [INFO ] Servo: err=(-1,-4)px r=4  Δ=(+5.0,+0.0,-1.0)mm  pos=(241,-139,-91)  [calibrated]
18:46:06 [INFO ] frame=32 state=NEAR      c=(639,356) z=422.2mm tilt=2.4° tilt_corr=False
INFO:lastmile_v2_ext:frame=32 state=NEAR      c=(639,356) z=422.2mm tilt=2.4° tilt_corr=False
18:46:06 [INFO ] SAM3: 1 detection(s) for 'box'
18:46:06 [INFO ] SAM3: 'box' score=0.97 @ [512 118 763 591]  (top of 1)  sim=0.927
18:46:06 [INFO ] SAM3: mask obtained (score=0.968, area=110326 px)
18:46:06 [INFO ] MaskTracker: anchor locked (IoU streak=18, last IoU=0.978)
18:46:07 [INFO ] Servo: err=(-2,-5)px r=6  Δ=(+5.0,+0.0,-1.0)mm  pos=(246,-139,-92)  [calibrated]
18:46:07 [INFO ] frame=33 state=NEAR      c=(638,355) z=416.8mm tilt=3.2° tilt_corr=False
INFO:lastmile_v2_ext:frame=33 state=NEAR      c=(638,355) z=416.8mm tilt=3.2° tilt_corr=False
18:46:07 [INFO ] SAM3: 1 detection(s) for 'box'
18:46:07 [INFO ] SAM3: 'box' score=0.97 @ [510 113 764 592]  (top of 1)  sim=0.933
18:46:07 [INFO ] SAM3: mask obtained (score=0.966, area=113220 px)
18:46:07 [INFO ] MaskTracker: anchor locked (IoU streak=19, last IoU=0.974)
18:46:08 [INFO ] Servo: err=(-2,-7)px r=7  Δ=(+5.0,+0.0,-1.0)mm  pos=(251,-139,-93)  [calibrated]
18:46:08 [INFO ] frame=34 state=NEAR      c=(638,353) z=411.5mm tilt=1.4° tilt_corr=False
INFO:lastmile_v2_ext:frame=34 state=NEAR      c=(638,353) z=411.5mm tilt=1.4° tilt_corr=False
18:46:08 [INFO ] SAM3: 1 detection(s) for 'box'
18:46:08 [INFO ] SAM3: 'box' score=0.97 @ [509 108 766 593]  (top of 1)  sim=0.932
18:46:08 [INFO ] SAM3: mask obtained (score=0.968, area=115884 px)
18:46:08 [INFO ] MaskTracker: anchor locked (IoU streak=20, last IoU=0.977)
18:46:09 [INFO ] Servo: err=(-2,-9)px r=9  Δ=(+5.0,+9.8,+2.9)mm  pos=(256,-130,-90)  [calibrated]
18:46:09 [INFO ] frame=35 state=NEAR      c=(638,351) z=406.5mm tilt=1.3° tilt_corr=False
INFO:lastmile_v2_ext:frame=35 state=NEAR      c=(638,351) z=406.5mm tilt=1.3° tilt_corr=False
18:46:09 [INFO ] SAM3: 1 detection(s) for 'box'
18:46:09 [INFO ] SAM3: 'box' score=0.96 @ [523 109 784 601]  (top of 1)  sim=0.932
18:46:09 [INFO ] SAM3: mask obtained (score=0.964, area=118954 px)
18:46:09 [INFO ] MaskTracker: anchor locked (IoU streak=21, last IoU=0.857)
18:46:10 [INFO ] Servo: err=(+10,-7)px r=12  Δ=(+5.0,-12.0,+2.0)mm  pos=(261,-142,-88)  [calibrated]
18:46:10 [INFO ] frame=36 state=NEAR      c=(650,353) z=400.6mm tilt=3.0° tilt_corr=False
INFO:lastmile_v2_ext:frame=36 state=NEAR      c=(650,353) z=400.6mm tilt=3.0° tilt_corr=False
18:46:10 [INFO ] SAM3: 1 detection(s) for 'box'
18:46:10 [INFO ] SAM3: 'box' score=0.96 @ [503 110 767 608]  (top of 1)  sim=0.933
18:46:10 [INFO ] SAM3: mask obtained (score=0.961, area=121743 px)
18:46:10 [INFO ] MaskTracker: anchor locked (IoU streak=22, last IoU=0.844)
18:46:11 [INFO ] Servo: err=(-0,-3)px r=3  Δ=(+5.0,+0.0,-1.0)mm  pos=(266,-142,-89)  [calibrated]
18:46:11 [INFO ] frame=37 state=NEAR      c=(640,357) z=396.3mm tilt=3.1° tilt_corr=False
INFO:lastmile_v2_ext:frame=37 state=NEAR      c=(640,357) z=396.3mm tilt=3.1° tilt_corr=False
18:46:11 [INFO ] SAM3: 1 detection(s) for 'box'
18:46:11 [INFO ] SAM3: 'box' score=0.97 @ [500 106 767 609]  (top of 1)  sim=0.936
18:46:11 [INFO ] SAM3: mask obtained (score=0.967, area=124753 px)
18:46:11 [INFO ] MaskTracker: anchor locked (IoU streak=23, last IoU=0.976)
18:46:12 [INFO ] Servo: err=(-4,-3)px r=5  Δ=(+5.0,+0.0,-1.0)mm  pos=(271,-142,-90)  [calibrated]
18:46:12 [INFO ] frame=38 state=NEAR      c=(636,357) z=391.1mm tilt=2.5° tilt_corr=False
INFO:lastmile_v2_ext:frame=38 state=NEAR      c=(636,357) z=391.1mm tilt=2.5° tilt_corr=False
18:46:12 [INFO ] SAM3: 1 detection(s) for 'box'
18:46:12 [INFO ] SAM3: 'box' score=0.96 @ [499 101 769 610]  (top of 1)  sim=0.930
18:46:12 [INFO ] SAM3: mask obtained (score=0.962, area=127959 px)
18:46:12 [INFO ] MaskTracker: anchor locked (IoU streak=24, last IoU=0.975)
18:46:13 [INFO ] Servo: err=(-5,-4)px r=7  Δ=(+5.0,+0.0,-1.0)mm  pos=(276,-142,-91)  [calibrated]
18:46:13 [INFO ] frame=39 state=NEAR      c=(635,356) z=386.1mm tilt=1.1° tilt_corr=False
INFO:lastmile_v2_ext:frame=39 state=NEAR      c=(635,356) z=386.1mm tilt=1.1° tilt_corr=False
18:46:13 [INFO ] SAM3: 1 detection(s) for 'box'
18:46:13 [INFO ] SAM3: 'box' score=0.97 @ [496  95 770 611]  (top of 1)  sim=0.937
18:46:13 [INFO ] SAM3: mask obtained (score=0.965, area=131210 px)
18:46:13 [INFO ] MaskTracker: anchor locked (IoU streak=25, last IoU=0.975)
18:46:14 [INFO ] Servo: err=(-5,-6)px r=8  Δ=(+5.0,+12.0,+2.0)mm  pos=(281,-130,-89)  [calibrated]
18:46:14 [INFO ] frame=40 state=NEAR      c=(635,354) z=381.6mm tilt=1.6° tilt_corr=False
INFO:lastmile_v2_ext:frame=40 state=NEAR      c=(635,354) z=381.6mm tilt=1.6° tilt_corr=False
18:46:14 [INFO ] SAM3: 1 detection(s) for 'box'
18:46:14 [INFO ] SAM3: 'box' score=0.97 @ [516  94 794 618]  (top of 1)  sim=0.940
18:46:14 [INFO ] SAM3: mask obtained (score=0.968, area=134953 px)
18:46:14 [INFO ] MaskTracker: anchor locked (IoU streak=26, last IoU=0.832)
18:46:15 [INFO ] Servo: err=(+10,-5)px r=11  Δ=(+5.0,-12.0,+1.5)mm  pos=(286,-142,-88)  [calibrated]
18:46:15 [INFO ] frame=41 state=NEAR      c=(650,355) z=375.8mm tilt=2.8° tilt_corr=False
INFO:lastmile_v2_ext:frame=41 state=NEAR      c=(650,355) z=375.8mm tilt=2.8° tilt_corr=False
18:46:15 [INFO ] SAM3: 1 detection(s) for 'box'
18:46:15 [INFO ] SAM3: 'box' score=0.96 @ [494  94 775 624]  (top of 1)  sim=0.934
18:46:15 [INFO ] SAM3: mask obtained (score=0.965, area=138439 px)
18:46:15 [INFO ] MaskTracker: anchor locked (IoU streak=27, last IoU=0.845)
18:46:16 [INFO ] Servo: err=(+0,-2)px r=2  Δ=(+5.0,+0.0,-1.0)mm  pos=(291,-142,-89)  [calibrated]
18:46:16 [INFO ] frame=42 state=NEAR      c=(640,358) z=370.8mm tilt=2.4° tilt_corr=False
INFO:lastmile_v2_ext:frame=42 state=NEAR      c=(640,358) z=370.8mm tilt=2.4° tilt_corr=False
18:46:16 [INFO ] SAM3: 1 detection(s) for 'box'
18:46:16 [INFO ] SAM3: 'box' score=0.97 @ [492  89 777 625]  (top of 1)  sim=0.935
18:46:16 [INFO ] SAM3: mask obtained (score=0.966, area=141836 px)
18:46:16 [INFO ] MaskTracker: anchor locked (IoU streak=28, last IoU=0.976)
18:46:17 [INFO ] Servo: err=(-3,-3)px r=4  Δ=(+5.0,+0.0,-1.0)mm  pos=(296,-142,-90)  [calibrated]
18:46:17 [INFO ] frame=43 state=NEAR      c=(637,357) z=365.6mm tilt=0.1° tilt_corr=False
INFO:lastmile_v2_ext:frame=43 state=NEAR      c=(637,357) z=365.6mm tilt=0.1° tilt_corr=False
18:46:17 [INFO ] SAM3: 1 detection(s) for 'box'
18:46:17 [INFO ] SAM3: 'box' score=0.97 @ [490  83 778 627]  (top of 1)  sim=0.933
18:46:17 [INFO ] SAM3: mask obtained (score=0.966, area=145812 px)
18:46:17 [INFO ] MaskTracker: anchor locked (IoU streak=29, last IoU=0.973)
18:46:18 [INFO ] Servo: err=(-4,-5)px r=6  Δ=(+5.0,+0.0,-1.0)mm  pos=(301,-142,-91)  [calibrated]
18:46:18 [INFO ] frame=44 state=NEAR      c=(636,355) z=360.3mm tilt=1.2° tilt_corr=False
INFO:lastmile_v2_ext:frame=44 state=NEAR      c=(636,355) z=360.3mm tilt=1.2° tilt_corr=False
18:46:18 [INFO ] SAM3: 1 detection(s) for 'box'
18:46:18 [INFO ] SAM3: 'box' score=0.97 @ [488  77 780 628]  (top of 1)  sim=0.934
18:46:18 [INFO ] SAM3: mask obtained (score=0.967, area=149753 px)
18:46:18 [INFO ] MaskTracker: anchor locked (IoU streak=30, last IoU=0.974)
18:46:19 [INFO ] Servo: err=(-4,-7)px r=8  Δ=(+5.0,+12.0,+2.2)mm  pos=(306,-130,-88)  [calibrated]
18:46:19 [INFO ] frame=45 state=NEAR      c=(636,353) z=355.5mm tilt=2.9° tilt_corr=False
INFO:lastmile_v2_ext:frame=45 state=NEAR      c=(636,353) z=355.5mm tilt=2.9° tilt_corr=False
18:46:19 [INFO ] SAM3: 1 detection(s) for 'box'
18:46:19 [INFO ] SAM3: 'box' score=0.96 @ [509  76 806 636]  (top of 1)  sim=0.938
18:46:19 [INFO ] SAM3: mask obtained (score=0.962, area=154524 px)
18:46:19 [INFO ] MaskTracker: anchor locked (IoU streak=31, last IoU=0.836)
18:46:20 [INFO ] Servo: err=(+12,-5)px r=13  Δ=(+5.0,-12.0,+1.5)mm  pos=(311,-142,-87)  [calibrated]
18:46:20 [INFO ] frame=46 state=NEAR      c=(652,355) z=349.6mm tilt=0.8° tilt_corr=False
INFO:lastmile_v2_ext:frame=46 state=NEAR      c=(652,355) z=349.6mm tilt=0.8° tilt_corr=False
18:46:21 [INFO ] SAM3: 1 detection(s) for 'box'
18:46:21 [INFO ] SAM3: 'box' score=0.97 @ [484  76 786 643]  (top of 1)  sim=0.939
18:46:21 [INFO ] SAM3: mask obtained (score=0.967, area=158621 px)
18:46:21 [INFO ] MaskTracker: anchor locked (IoU streak=32, last IoU=0.845)
18:46:21 [INFO ] Servo: err=(+1,-2)px r=2  Δ=(+5.0,+0.0,-1.0)mm  pos=(316,-142,-88)  [calibrated]
18:46:21 [INFO ] frame=47 state=NEAR      c=(641,358) z=344.9mm tilt=0.2° tilt_corr=False
INFO:lastmile_v2_ext:frame=47 state=NEAR      c=(641,358) z=344.9mm tilt=0.2° tilt_corr=False
18:46:22 [INFO ] SAM3: 1 detection(s) for 'box'
18:46:22 [INFO ] SAM3: 'box' score=0.96 @ [482  70 787 646]  (top of 1)  sim=0.941
18:46:22 [INFO ] SAM3: mask obtained (score=0.963, area=162953 px)
18:46:22 [INFO ] MaskTracker: anchor locked (IoU streak=33, last IoU=0.973)
18:46:22 [INFO ] Servo: err=(-2,-2)px r=3  Δ=(+5.0,+0.0,-1.0)mm  pos=(321,-142,-89)  [calibrated]
18:46:22 [INFO ] frame=48 state=NEAR      c=(638,358) z=340.1mm tilt=0.7° tilt_corr=False
INFO:lastmile_v2_ext:frame=48 state=NEAR      c=(638,358) z=340.1mm tilt=0.7° tilt_corr=False
18:46:22 [INFO ] SAM3: 1 detection(s) for 'box'
18:46:22 [INFO ] SAM3: 'box' score=0.96 @ [480  64 790 648]  (top of 1)  sim=0.939
18:46:22 [INFO ] SAM3: mask obtained (score=0.963, area=168070 px)
18:46:23 [INFO ] MaskTracker: anchor locked (IoU streak=34, last IoU=0.970)
18:46:23 [INFO ] Servo: err=(-3,-4)px r=5  Δ=(+5.0,+0.0,-1.0)mm  pos=(326,-142,-90)  [calibrated]
18:46:23 [INFO ] frame=49 state=NEAR      c=(637,356) z=334.8mm tilt=2.6° tilt_corr=False
INFO:lastmile_v2_ext:frame=49 state=NEAR      c=(637,356) z=334.8mm tilt=2.6° tilt_corr=False
18:46:23 [INFO ] SAM3: 1 detection(s) for 'box'
18:46:23 [INFO ] SAM3: 'box' score=0.97 @ [477  57 792 650]  (top of 1)  sim=0.939
18:46:23 [INFO ] SAM3: mask obtained (score=0.967, area=172899 px)
18:46:23 [INFO ] MaskTracker: anchor locked (IoU streak=35, last IoU=0.972)
18:46:24 [INFO ] Servo: err=(-3,-6)px r=7  Δ=(+5.0,+0.0,-1.0)mm  pos=(331,-142,-91)  [calibrated]
18:46:24 [INFO ] frame=50 state=NEAR      c=(637,354) z=330.2mm tilt=3.3° tilt_corr=False
INFO:lastmile_v2_ext:frame=50 state=NEAR      c=(637,354) z=330.2mm tilt=3.3° tilt_corr=False
18:46:24 [INFO ] SAM3: 1 detection(s) for 'box'
18:46:24 [INFO ] SAM3: 'box' score=0.96 @ [475  50 794 651]  (top of 1)  sim=0.936
18:46:24 [INFO ] SAM3: mask obtained (score=0.964, area=178100 px)
18:46:24 [INFO ] MaskTracker: anchor locked (IoU streak=36, last IoU=0.971)
18:46:25 [INFO ] Servo: err=(-3,-9)px r=9  Δ=(+5.0,+12.0,+2.8)mm  pos=(336,-130,-88)  [calibrated]
18:46:25 [INFO ] frame=51 state=NEAR      c=(637,351) z=325.0mm tilt=0.9° tilt_corr=False
INFO:lastmile_v2_ext:frame=51 state=NEAR      c=(637,351) z=325.0mm tilt=0.9° tilt_corr=False
18:46:26 [INFO ] SAM3: 1 detection(s) for 'box'
18:46:26 [INFO ] SAM3: 'box' score=0.96 @ [498  50 822 662]  (top of 1)  sim=0.939
18:46:26 [INFO ] SAM3: mask obtained (score=0.965, area=183975 px)
18:46:26 [INFO ] MaskTracker: anchor locked (IoU streak=37, last IoU=0.834)
18:46:26 [INFO ] Servo: err=(+14,-6)px r=15  Δ=(+5.0,-12.0,+1.8)mm  pos=(341,-142,-86)  [calibrated]
18:46:26 [INFO ] frame=52 state=NEAR      c=(654,354) z=319.5mm tilt=2.3° tilt_corr=False
INFO:lastmile_v2_ext:frame=52 state=NEAR      c=(654,354) z=319.5mm tilt=2.3° tilt_corr=False
18:46:27 [INFO ] SAM3: 1 detection(s) for 'box'
18:46:27 [INFO ] SAM3: 'box' score=0.97 @ [473  50 800 671]  (top of 1)  sim=0.939
18:46:27 [INFO ] SAM3: mask obtained (score=0.966, area=189507 px)
18:46:27 [INFO ] MaskTracker: anchor locked (IoU streak=38, last IoU=0.847)
18:46:27 [INFO ] Servo: err=(+3,-2)px r=4  Δ=(+5.0,+0.0,-1.0)mm  pos=(346,-142,-87)  [calibrated]
18:46:27 [INFO ] frame=53 state=NEAR      c=(643,358) z=314.6mm tilt=3.2° tilt_corr=False
INFO:lastmile_v2_ext:frame=53 state=NEAR      c=(643,358) z=314.6mm tilt=3.2° tilt_corr=False
18:46:28 [INFO ] SAM3: 1 detection(s) for 'box'
18:46:28 [INFO ] SAM3: 'box' score=0.96 @ [468  43 802 673]  (top of 1)  sim=0.942
18:46:28 [INFO ] SAM3: mask obtained (score=0.965, area=195125 px)
18:46:28 [INFO ] MaskTracker: anchor locked (IoU streak=39, last IoU=0.971)
18:46:28 [INFO ] Servo: err=(-1,-3)px r=3  Δ=(+5.0,+0.0,-1.0)mm  pos=(351,-142,-88)  [calibrated]
18:46:28 [INFO ] frame=54 state=NEAR      c=(639,357) z=309.5mm tilt=3.1° tilt_corr=False
INFO:lastmile_v2_ext:frame=54 state=NEAR      c=(639,357) z=309.5mm tilt=3.1° tilt_corr=False
18:46:29 [INFO ] SAM3: 1 detection(s) for 'box'
18:46:29 [INFO ] SAM3: 'box' score=0.96 @ [466  35 805 675]  (top of 1)  sim=0.942
18:46:29 [INFO ] SAM3: mask obtained (score=0.964, area=201326 px)
18:46:29 [INFO ] MaskTracker: anchor locked (IoU streak=40, last IoU=0.969)
18:46:29 [INFO ] Servo: err=(-2,-4)px r=5  Δ=(+5.0,+0.0,-1.0)mm  pos=(356,-142,-89)  [calibrated]
18:46:29 [INFO ] frame=55 state=NEAR      c=(638,356) z=304.9mm tilt=1.0° tilt_corr=False
INFO:lastmile_v2_ext:frame=55 state=NEAR      c=(638,356) z=304.9mm tilt=1.0° tilt_corr=False
18:46:30 [INFO ] SAM3: 1 detection(s) for 'box'
18:46:30 [INFO ] SAM3: 'box' score=0.96 @ [463  27 808 679]  (top of 1)  sim=0.942
18:46:30 [INFO ] SAM3: mask obtained (score=0.965, area=208312 px)
18:46:30 [INFO ] MaskTracker: anchor locked (IoU streak=41, last IoU=0.966)
18:46:30 [INFO ] Servo: err=(-2,-7)px r=7  Δ=(+5.0,+0.0,-1.0)mm  pos=(361,-142,-90)  [calibrated]
18:46:30 [INFO ] frame=56 state=NEAR      c=(638,353) z=300.0mm tilt=0.8° tilt_corr=False
INFO:lastmile_v2_ext:frame=56 state=NEAR      c=(638,353) z=300.0mm tilt=0.8° tilt_corr=False
18:46:30 [INFO ] SAM3: 1 detection(s) for 'box'
18:46:30 [INFO ] SAM3: 'box' score=0.97 @ [460  20 812 682]  (top of 1)  sim=0.941
18:46:30 [INFO ] SAM3: mask obtained (score=0.965, area=215236 px)
18:46:30 [INFO ] MaskTracker: anchor locked (IoU streak=42, last IoU=0.968)
18:46:31 [INFO ] Servo: err=(-2,-9)px r=9  Δ=(+5.0,+9.7,+2.8)mm  pos=(366,-132,-88)  [calibrated]
18:46:31 [INFO ] frame=57 state=NEAR      c=(638,351) z=- tilt=- tilt_corr=False
INFO:lastmile_v2_ext:frame=57 state=NEAR      c=(638,351) z=- tilt=- tilt_corr=False
18:46:32 [INFO ] SAM3: 1 detection(s) for 'box'
18:46:32 [INFO ] SAM3: 'box' score=0.96 @ [479  19 836 693]  (top of 1)  sim=0.942
18:46:32 [INFO ] SAM3: mask obtained (score=0.960, area=222858 px)
18:46:32 [INFO ] MaskTracker: anchor locked (IoU streak=43, last IoU=0.864)
18:46:32 [INFO ] Servo: err=(+13,-6)px r=15  Δ=(+5.0,-12.0,+1.9)mm  pos=(371,-144,-86)  [calibrated]
18:46:32 [INFO ] frame=58 state=NEAR      c=(653,354) z=- tilt=- tilt_corr=False
INFO:lastmile_v2_ext:frame=58 state=NEAR      c=(653,354) z=- tilt=- tilt_corr=False
18:46:33 [INFO ] SAM3: 1 detection(s) for 'box'
18:46:33 [INFO ] SAM3: 'box' score=0.97 @ [450  19 813 704]  (top of 1)  sim=0.943
18:46:33 [INFO ] SAM3: mask obtained (score=0.967, area=230152 px)
18:46:33 [INFO ] MaskTracker: anchor locked (IoU streak=44, last IoU=0.846)
18:46:33 [INFO ] Servo: err=(-0,-1)px r=1  Δ=(+5.0,+0.0,-1.0)mm  pos=(376,-144,-87)  [calibrated]
18:46:33 [INFO ] frame=59 state=NEAR      c=(640,359) z=- tilt=- tilt_corr=False
INFO:lastmile_v2_ext:frame=59 state=NEAR      c=(640,359) z=- tilt=- tilt_corr=False
18:46:34 [INFO ] SAM3: 1 detection(s) for 'box'
18:46:34 [INFO ] SAM3: 'box' score=0.97 @ [446  11 815 708]  (top of 1)  sim=0.944
18:46:34 [INFO ] SAM3: mask obtained (score=0.966, area=237835 px)
18:46:34 [INFO ] MaskTracker: anchor locked (IoU streak=45, last IoU=0.968)
18:46:34 [INFO ] Servo: err=(-5,-2)px r=5  Δ=(+5.0,+0.0,-1.0)mm  pos=(381,-144,-88)  [calibrated]
18:46:34 [INFO ] frame=60 state=NEAR      c=(635,358) z=- tilt=- tilt_corr=False
INFO:lastmile_v2_ext:frame=60 state=NEAR      c=(635,358) z=- tilt=- tilt_corr=False
18:46:35 [INFO ] SAM3: 1 detection(s) for 'box'
18:46:35 [INFO ] SAM3: 'box' score=0.96 @ [442   3 818 710]  (top of 1)  sim=0.942
18:46:35 [INFO ] SAM3: mask obtained (score=0.962, area=246133 px)
18:46:35 [INFO ] MaskTracker: anchor locked (IoU streak=46, last IoU=0.966)
18:46:35 [INFO ] Servo: err=(-6,-4)px r=7  Δ=(+5.0,+0.0,-1.0)mm  pos=(386,-144,-89)  [calibrated]
18:46:35 [INFO ] frame=61 state=NEAR      c=(634,356) z=- tilt=- tilt_corr=False
INFO:lastmile_v2_ext:frame=61 state=NEAR      c=(634,356) z=- tilt=- tilt_corr=False
18:46:35 [INFO ] SAM3: 1 detection(s) for 'box'
18:46:36 [INFO ] SAM3: 'box' score=0.96 @ [440   0 822 713]  (top of 1)  sim=0.944
18:46:36 [INFO ] SAM3: mask obtained (score=0.961, area=254116 px)
18:46:36 [INFO ] MaskTracker: anchor locked (IoU streak=47, last IoU=0.969)
18:46:36 [INFO ] Servo: err=(-7,-5)px r=9  Δ=(+5.0,+12.0,+1.7)mm  pos=(391,-132,-87)  [calibrated]
18:46:36 [INFO ] frame=62 state=NEAR      c=(633,355) z=- tilt=- tilt_corr=False
INFO:lastmile_v2_ext:frame=62 state=NEAR      c=(633,355) z=- tilt=- tilt_corr=False
18:46:37 [INFO ] SAM3: 1 detection(s) for 'box'
18:46:37 [INFO ] SAM3: 'box' score=0.96 @ [465   1 856 717]  (top of 1)  sim=0.948
18:46:37 [INFO ] SAM3: mask obtained (score=0.961, area=262635 px)
18:46:37 [INFO ] MaskTracker: anchor locked (IoU streak=48, last IoU=0.837)
18:46:37 [INFO ] Servo: err=(+15,-3)px r=15  Δ=(+5.0,-12.0,+1.0)mm  pos=(396,-144,-86)  [calibrated]
18:46:37 [INFO ] frame=63 state=NEAR      c=(655,357) z=- tilt=- tilt_corr=False
INFO:lastmile_v2_ext:frame=63 state=NEAR      c=(655,357) z=- tilt=- tilt_corr=False
18:46:38 [INFO ] SAM3: 1 detection(s) for 'box'
18:46:38 [INFO ] SAM3: 'box' score=0.95 @ [433   1 831 718]  (top of 1)  sim=0.940
18:46:38 [INFO ] SAM3: mask obtained (score=0.953, area=267547 px)
18:46:38 [INFO ] MaskTracker: anchor locked (IoU streak=49, last IoU=0.854)
18:46:38 [INFO ] Servo: err=(+1,-2)px r=3  Δ=(+5.0,+0.0,-1.0)mm  pos=(401,-144,-87)  [calibrated]
18:46:38 [INFO ] frame=64 state=NEAR      c=(641,358) z=- tilt=- tilt_corr=False
INFO:lastmile_v2_ext:frame=64 state=NEAR      c=(641,358) z=- tilt=- tilt_corr=False
18:46:39 [INFO ] SAM3: 1 detection(s) for 'box'
18:46:39 [INFO ] SAM3: 'box' score=0.93 @ [428   1 834 718]  (top of 1)  sim=0.938
18:46:39 [INFO ] SAM3: mask obtained (score=0.925, area=272996 px)
18:46:39 [INFO ] MaskTracker: anchor locked (IoU streak=50, last IoU=0.979)
18:46:39 [INFO ] Servo: err=(-4,-2)px r=5  Δ=(+5.0,+0.0,-1.0)mm  pos=(406,-144,-88)  [calibrated]
18:46:39 [INFO ] frame=65 state=NEAR      c=(636,358) z=- tilt=- tilt_corr=False
INFO:lastmile_v2_ext:frame=65 state=NEAR      c=(636,358) z=- tilt=- tilt_corr=False
18:46:40 [INFO ] SAM3: 1 detection(s) for 'box'
18:46:40 [INFO ] SAM3: 'box' score=0.93 @ [425   1 837 718]  (top of 1)  sim=0.936
18:46:40 [INFO ] SAM3: mask obtained (score=0.928, area=278806 px)
18:46:40 [INFO ] MaskTracker: anchor locked (IoU streak=51, last IoU=0.979)
18:46:40 [INFO ] Servo: err=(-6,-2)px r=6  Δ=(+5.0,+0.0,-1.0)mm  pos=(411,-144,-89)  [calibrated]
18:46:40 [INFO ] frame=66 state=NEAR      c=(634,358) z=- tilt=- tilt_corr=False
INFO:lastmile_v2_ext:frame=66 state=NEAR      c=(634,358) z=- tilt=- tilt_corr=False
18:46:41 [INFO ] SAM3: 1 detection(s) for 'box'
18:46:41 [INFO ] SAM3: 'box' score=0.89 @ [420   1 841 718]  (top of 1)  sim=0.935
18:46:41 [INFO ] SAM3: mask obtained (score=0.890, area=284229 px)
18:46:41 [INFO ] MaskTracker: anchor locked (IoU streak=52, last IoU=0.981)
18:46:41 [INFO ] Servo: err=(-6,-2)px r=7  Δ=(+5.0,+0.0,-1.0)mm  pos=(416,-144,-90)  [calibrated]
18:46:41 [INFO ] frame=67 state=NEAR      c=(634,358) z=- tilt=- tilt_corr=False
INFO:lastmile_v2_ext:frame=67 state=NEAR      c=(634,358) z=- tilt=- tilt_corr=False
18:46:42 [INFO ] SAM3: 1 detection(s) for 'box'
18:46:42 [INFO ] SAM3: 'box' score=0.91 @ [417   2 846 718]  (top of 1)  sim=0.938
18:46:42 [INFO ] SAM3: mask obtained (score=0.913, area=289986 px)
18:46:42 [INFO ] MaskTracker: anchor locked (IoU streak=53, last IoU=0.979)
18:46:42 [INFO ] Servo: err=(-6,-2)px r=6  Δ=(+5.0,+0.0,-1.0)mm  pos=(421,-144,-91)  [calibrated]
18:46:42 [INFO ] frame=68 state=NEAR      c=(634,358) z=- tilt=- tilt_corr=False
INFO:lastmile_v2_ext:frame=68 state=NEAR      c=(634,358) z=- tilt=- tilt_corr=False
18:46:42 [INFO ] SAM3: 1 detection(s) for 'box'
18:46:43 [INFO ] SAM3: 'box' score=0.89 @ [414   2 850 720]  (top of 1)  sim=0.936
18:46:43 [INFO ] SAM3: mask obtained (score=0.887, area=295945 px)
18:46:43 [INFO ] MaskTracker: anchor locked (IoU streak=54, last IoU=0.980)
18:46:43 [INFO ] Servo: err=(-5,-2)px r=6  Δ=(+5.0,+0.0,-1.0)mm  pos=(426,-144,-92)  [calibrated]
18:46:43 [INFO ] frame=69 state=NEAR      c=(635,358) z=- tilt=- tilt_corr=False
INFO:lastmile_v2_ext:frame=69 state=NEAR      c=(635,358) z=- tilt=- tilt_corr=False
18:46:43 [INFO ] SAM3: 1 detection(s) for 'box'
18:46:43 [INFO ] SAM3: 'box' score=0.86 @ [409   1 853 719]  (top of 1)  sim=0.926
18:46:43 [INFO ] SAM3: mask obtained (score=0.859, area=301653 px)
18:46:43 [INFO ] MaskTracker: anchor locked (IoU streak=55, last IoU=0.978)
18:46:44 [INFO ] Servo: err=(-5,-2)px r=5  Δ=(+5.0,+0.0,-1.0)mm  pos=(431,-144,-93)  [calibrated]
18:46:44 [INFO ] frame=70 state=NEAR      c=(635,358) z=- tilt=- tilt_corr=False
INFO:lastmile_v2_ext:frame=70 state=NEAR      c=(635,358) z=- tilt=- tilt_corr=False
18:46:44 [INFO ] SAM3: 1 detection(s) for 'box'
18:46:44 [INFO ] SAM3: 'box' score=0.91 @ [404   2 859 719]  (top of 1)  sim=0.929
18:46:44 [INFO ] SAM3: mask obtained (score=0.907, area=308780 px)
18:46:44 [INFO ] MaskTracker: anchor locked (IoU streak=56, last IoU=0.977)
18:46:45 [INFO ] Servo: err=(-5,-2)px r=5  Δ=(+5.0,+0.0,-1.0)mm  pos=(436,-144,-94)  [calibrated]
18:46:45 [INFO ] frame=71 state=NEAR      c=(635,358) z=- tilt=- tilt_corr=False
INFO:lastmile_v2_ext:frame=71 state=NEAR      c=(635,358) z=- tilt=- tilt_corr=False
18:46:45 [INFO ] SAM3: 1 detection(s) for 'box'
18:46:45 [INFO ] SAM3: 'box' score=0.88 @ [400   2 863 719]  (top of 1)  sim=0.933
18:46:45 [INFO ] SAM3: mask obtained (score=0.883, area=315371 px)
18:46:45 [INFO ] MaskTracker: anchor locked (IoU streak=57, last IoU=0.978)
18:46:46 [INFO ] Servo: err=(-4,-2)px r=5  Δ=(+5.0,+0.0,-1.0)mm  pos=(441,-144,-95)  [calibrated]
18:46:46 [INFO ] frame=72 state=NEAR      c=(636,358) z=- tilt=- tilt_corr=False
INFO:lastmile_v2_ext:frame=72 state=NEAR      c=(636,358) z=- tilt=- tilt_corr=False
18:46:46 [INFO ] SAM3: 1 detection(s) for 'box'
18:46:46 [INFO ] SAM3: 'box' score=0.87 @ [395   3 868 720]  (top of 1)  sim=0.936
18:46:46 [INFO ] SAM3: mask obtained (score=0.866, area=321443 px)
18:46:46 [INFO ] MaskTracker: anchor locked (IoU streak=58, last IoU=0.980)
18:46:47 [INFO ] Servo: err=(-4,-2)px r=5  Δ=(+5.0,+0.0,-1.0)mm  pos=(446,-144,-96)  [calibrated]
18:46:47 [INFO ] frame=73 state=NEAR      c=(636,358) z=- tilt=- tilt_corr=False
INFO:lastmile_v2_ext:frame=73 state=NEAR      c=(636,358) z=- tilt=- tilt_corr=False
18:46:47 [INFO ] SAM3: 1 detection(s) for 'box'
18:46:47 [INFO ] SAM3: 'box' score=0.87 @ [390   2 873 718]  (top of 1)  sim=0.933
18:46:47 [INFO ] SAM3: mask obtained (score=0.869, area=328524 px)
18:46:47 [INFO ] MaskTracker: anchor locked (IoU streak=59, last IoU=0.976)
18:46:48 [INFO ] Servo: err=(-4,-2)px r=5  Δ=(+5.0,+0.0,-1.0)mm  pos=(451,-144,-97)  [calibrated]
18:46:48 [INFO ] frame=74 state=NEAR      c=(636,358) z=- tilt=- tilt_corr=False
INFO:lastmile_v2_ext:frame=74 state=NEAR      c=(636,358) z=- tilt=- tilt_corr=False
18:46:48 [INFO ] SAM3: 1 detection(s) for 'box'
18:46:48 [INFO ] SAM3: 'box' score=0.90 @ [384   2 878 718]  (top of 1)  sim=0.926
18:46:48 [INFO ] SAM3: mask obtained (score=0.902, area=336261 px)
18:46:48 [INFO ] MaskTracker: anchor locked (IoU streak=60, last IoU=0.975)
18:46:49 [INFO ] Servo: err=(-4,-2)px r=5  Δ=(+5.0,+0.0,-1.0)mm  pos=(456,-144,-98)  [calibrated]
18:46:49 [INFO ] frame=75 state=NEAR      c=(636,358) z=- tilt=- tilt_corr=False
INFO:lastmile_v2_ext:frame=75 state=NEAR      c=(636,358) z=- tilt=- tilt_corr=False
18:46:49 [INFO ] SAM3: 1 detection(s) for 'box'
18:46:49 [INFO ] SAM3: 'box' score=0.90 @ [380   0 884 718]  (top of 1)  sim=0.921
18:46:49 [INFO ] SAM3: mask obtained (score=0.899, area=344849 px)
18:46:49 [INFO ] MaskTracker: anchor locked (IoU streak=61, last IoU=0.974)
18:46:49 [INFO ] Servo: err=(-4,-2)px r=4  Δ=(+5.0,+0.0,-1.0)mm  pos=(461,-144,-99)  [calibrated]
18:46:50 [INFO ] frame=76 state=NEAR      c=(636,358) z=- tilt=81.4° tilt_corr=False
INFO:lastmile_v2_ext:frame=76 state=NEAR      c=(636,358) z=- tilt=81.4° tilt_corr=False
18:46:50 [INFO ] SAM3: 1 detection(s) for 'box'
18:46:50 [INFO ] SAM3: 'box' score=0.89 @ [373   1 891 719]  (top of 1)  sim=0.918
18:46:50 [INFO ] SAM3: mask obtained (score=0.893, area=352938 px)
18:46:50 [INFO ] MaskTracker: anchor locked (IoU streak=62, last IoU=0.975)
18:46:50 [INFO ] Servo: err=(-3,-2)px r=4  Δ=(+5.0,+0.0,-1.0)mm  pos=(466,-144,-100)  [calibrated]
18:46:50 [INFO ] frame=77 state=NEAR      c=(637,358) z=- tilt=37.5° tilt_corr=False
INFO:lastmile_v2_ext:frame=77 state=NEAR      c=(637,358) z=- tilt=37.5° tilt_corr=False
18:46:51 [INFO ] SAM3: 1 detection(s) for 'box'
18:46:51 [INFO ] SAM3: 'box' score=0.92 @ [368   1 898 718]  (top of 1)  sim=0.908
18:46:51 [INFO ] SAM3: mask obtained (score=0.917, area=361955 px)
18:46:51 [INFO ] MaskTracker: anchor locked (IoU streak=63, last IoU=0.973)
18:46:51 [INFO ] Servo: err=(-3,-2)px r=4  Δ=(+5.0,+0.0,-1.0)mm  pos=(471,-144,-101)  [calibrated]
18:46:51 [INFO ] frame=78 state=NEAR      c=(637,358) z=- tilt=74.2° tilt_corr=False
INFO:lastmile_v2_ext:frame=78 state=NEAR      c=(637,358) z=- tilt=74.2° tilt_corr=False
18:46:52 [INFO ] SAM3: 1 detection(s) for 'box'
18:46:52 [INFO ] SAM3: 'box' score=0.91 @ [362   0 904 717]  (top of 1)  sim=0.906
18:46:52 [INFO ] SAM3: mask obtained (score=0.907, area=371181 px)
18:46:52 [INFO ] MaskTracker: anchor locked (IoU streak=64, last IoU=0.973)
18:46:52 [INFO ] Servo: err=(-3,-2)px r=4  Δ=(+5.0,+0.0,-1.0)mm  pos=(476,-144,-102)  [calibrated]
18:46:52 [INFO ] frame=79 state=NEAR      c=(637,358) z=- tilt=73.8° tilt_corr=False
INFO:lastmile_v2_ext:frame=79 state=NEAR      c=(637,358) z=- tilt=73.8° tilt_corr=False
18:46:53 [INFO ] SAM3: 1 detection(s) for 'box'
18:46:53 [INFO ] SAM3: 'box' score=0.90 @ [355   0 912 717]  (top of 1)  sim=0.912
18:46:53 [INFO ] SAM3: mask obtained (score=0.902, area=381144 px)
18:46:53 [INFO ] MaskTracker: anchor locked (IoU streak=65, last IoU=0.973)
18:46:53 [INFO ] Servo: err=(-2,-2)px r=3  Δ=(+5.0,+0.0,-1.0)mm  pos=(481,-144,-103)  [calibrated]
18:46:53 [INFO ] frame=80 state=NEAR      c=(638,358) z=- tilt=54.0° tilt_corr=False
INFO:lastmile_v2_ext:frame=80 state=NEAR      c=(638,358) z=- tilt=54.0° tilt_corr=False
18:46:53 [INFO ] SAM3: 1 detection(s) for 'box'
18:46:54 [INFO ] SAM3: 'box' score=0.92 @ [349   1 918 719]  (top of 1)  sim=0.909
18:46:54 [INFO ] SAM3: mask obtained (score=0.922, area=391964 px)
18:46:54 [INFO ] MaskTracker: anchor locked (IoU streak=66, last IoU=0.972)
18:46:54 [INFO ] Servo: err=(-2,-2)px r=3  Δ=(+5.0,+0.0,-1.0)mm  pos=(486,-144,-104)  [calibrated]
18:46:54 [INFO ] frame=81 state=NEAR      c=(638,358) z=- tilt=75.3° tilt_corr=False
INFO:lastmile_v2_ext:frame=81 state=NEAR      c=(638,358) z=- tilt=75.3° tilt_corr=False
18:46:54 [INFO ] SAM3: 1 detection(s) for 'box'
18:46:54 [INFO ] SAM3: 'box' score=0.93 @ [342   1 927 718]  (top of 1)  sim=0.909
18:46:54 [INFO ] SAM3: mask obtained (score=0.930, area=403059 px)
18:46:54 [INFO ] MaskTracker: anchor locked (IoU streak=67, last IoU=0.971)
18:46:55 [INFO ] Servo: err=(-2,-2)px r=3  Δ=(+5.0,+0.0,-1.0)mm  pos=(491,-144,-105)  [calibrated]
18:46:55 [INFO ] frame=82 state=NEAR      c=(638,358) z=- tilt=78.2° tilt_corr=False
INFO:lastmile_v2_ext:frame=82 state=NEAR      c=(638,358) z=- tilt=78.2° tilt_corr=False
18:46:55 [INFO ] SAM3: 1 detection(s) for 'box'
18:46:55 [INFO ] SAM3: 'box' score=0.93 @ [334   2 935 719]  (top of 1)  sim=0.915
18:46:55 [INFO ] SAM3: mask obtained (score=0.927, area=414183 px)
18:46:55 [INFO ] MaskTracker: anchor locked (IoU streak=68, last IoU=0.971)
18:46:56 [INFO ] Servo: err=(-2,-2)px r=3  Δ=(+5.0,+0.0,-1.0)mm  pos=(496,-144,-106)  [calibrated]
18:46:56 [INFO ] frame=83 state=NEAR      c=(638,358) z=- tilt=59.5° tilt_corr=False
INFO:lastmile_v2_ext:frame=83 state=NEAR      c=(638,358) z=- tilt=59.5° tilt_corr=False
18:46:56 [INFO ] SAM3: 1 detection(s) for 'box'
18:46:56 [INFO ] SAM3: 'box' score=0.94 @ [325   1 944 719]  (top of 1)  sim=0.906
18:46:56 [INFO ] SAM3: mask obtained (score=0.938, area=426849 px)
18:46:56 [INFO ] MaskTracker: anchor locked (IoU streak=69, last IoU=0.970)
18:46:57 [INFO ] Servo: err=(-2,-2)px r=3  Δ=(+5.0,+0.0,-1.0)mm  pos=(501,-144,-107)  [calibrated]
18:46:57 [INFO ] frame=84 state=NEAR      c=(638,358) z=- tilt=21.8° tilt_corr=False
INFO:lastmile_v2_ext:frame=84 state=NEAR      c=(638,358) z=- tilt=21.8° tilt_corr=False
18:46:57 [INFO ] SAM3: 1 detection(s) for 'box'
18:46:57 [INFO ] SAM3: 'box' score=0.93 @ [316   0 953 717]  (top of 1)  sim=0.900
18:46:57 [INFO ] SAM3: mask obtained (score=0.931, area=439965 px)
18:46:57 [INFO ] MaskTracker: anchor locked (IoU streak=70, last IoU=0.969)
18:46:58 [INFO ] Servo: err=(-1,-2)px r=2  Δ=(+5.0,+0.0,-1.0)mm  pos=(506,-144,-108)  [calibrated]
18:46:58 [INFO ] frame=85 state=NEAR      c=(639,358) z=- tilt=33.0° tilt_corr=False
INFO:lastmile_v2_ext:frame=85 state=NEAR      c=(639,358) z=- tilt=33.0° tilt_corr=False
18:46:58 [INFO ] SAM3: 1 detection(s) for 'box'
18:46:58 [INFO ] SAM3: 'box' score=0.94 @ [307   2 963 719]  (top of 1)  sim=0.891
18:46:58 [INFO ] SAM3: mask obtained (score=0.936, area=453729 px)
18:46:58 [INFO ] MaskTracker: anchor locked (IoU streak=71, last IoU=0.968)
DEBUG:lastmile_v2_ext:Servo stopped — TERMINAL state reached.
18:46:58 [INFO ] frame=86 state=TERMINAL  c=(639,358) z=- tilt=66.7° tilt_corr=False
INFO:lastmile_v2_ext:frame=86 state=TERMINAL  c=(639,358) z=- tilt=66.7° tilt_corr=False
DEBUG:lastmile_v2_ext:Servo stopped — TERMINAL state reached.
18:46:58 [INFO ] frame=87 state=TERMINAL  c=(640,360) z=- tilt=30.3° tilt_corr=False
INFO:lastmile_v2_ext:frame=87 state=TERMINAL  c=(640,360) z=- tilt=30.3° tilt_corr=False
DEBUG:lastmile_v2_ext:Servo stopped — TERMINAL state reached.
18:46:58 [INFO ] frame=88 state=TERMINAL  c=(640,360) z=- tilt=54.2° tilt_corr=False
INFO:lastmile_v2_ext:frame=88 state=TERMINAL  c=(640,360) z=- tilt=54.2° tilt_corr=False
DEBUG:lastmile_v2_ext:Servo stopped — TERMINAL state reached.
18:46:58 [INFO ] frame=89 state=TERMINAL  c=(640,360) z=- tilt=81.2° tilt_corr=False
INFO:lastmile_v2_ext:frame=89 state=TERMINAL  c=(640,360) z=- tilt=81.2° tilt_corr=False
DEBUG:lastmile_v2_ext:Servo stopped — TERMINAL state reached.
18:46:58 [INFO ] frame=90 state=TERMINAL  c=(640,360) z=- tilt=79.7° tilt_corr=False
INFO:lastmile_v2_ext:frame=90 state=TERMINAL  c=(640,360) z=- tilt=79.7° tilt_corr=False
DEBUG:lastmile_v2_ext:Servo stopped — TERMINAL state reached.
18:46:58 [INFO ] frame=91 state=TERMINAL  c=(640,360) z=- tilt=80.3° tilt_corr=False
INFO:lastmile_v2_ext:frame=91 state=TERMINAL  c=(640,360) z=- tilt=80.3° tilt_corr=False
DEBUG:lastmile_v2_ext:Servo stopped — TERMINAL state reached.
18:46:58 [INFO ] frame=92 state=TERMINAL  c=(640,360) z=- tilt=79.6° tilt_corr=False
INFO:lastmile_v2_ext:frame=92 state=TERMINAL  c=(640,360) z=- tilt=79.6° tilt_corr=False
DEBUG:lastmile_v2_ext:Servo stopped — TERMINAL state reached.
18:46:58 [INFO ] frame=93 state=TERMINAL  c=(640,360) z=- tilt=82.1° tilt_corr=False
INFO:lastmile_v2_ext:frame=93 state=TERMINAL  c=(640,360) z=- tilt=82.1° tilt_corr=False
DEBUG:lastmile_v2_ext:Servo stopped — TERMINAL state reached.
18:46:58 [INFO ] frame=94 state=TERMINAL  c=(640,360) z=- tilt=80.2° tilt_corr=False
INFO:lastmile_v2_ext:frame=94 state=TERMINAL  c=(640,360) z=- tilt=80.2° tilt_corr=False
DEBUG:lastmile_v2_ext:Servo stopped — TERMINAL state reached.
18:46:58 [INFO ] frame=95 state=TERMINAL  c=(640,360) z=- tilt=7.6° tilt_corr=False
INFO:lastmile_v2_ext:frame=95 state=TERMINAL  c=(640,360) z=- tilt=7.6° tilt_corr=False
DEBUG:lastmile_v2_ext:Servo stopped — TERMINAL state reached.
18:46:59 [INFO ] frame=96 state=TERMINAL  c=(640,360) z=- tilt=24.5° tilt_corr=False
INFO:lastmile_v2_ext:frame=96 state=TERMINAL  c=(640,360) z=- tilt=24.5° tilt_corr=False
DEBUG:lastmile_v2_ext:Servo stopped — TERMINAL state reached.
18:46:59 [INFO ] frame=97 state=TERMINAL  c=(640,360) z=- tilt=9.2° tilt_corr=False
INFO:lastmile_v2_ext:frame=97 state=TERMINAL  c=(640,360) z=- tilt=9.2° tilt_corr=False
DEBUG:lastmile_v2_ext:Servo stopped — TERMINAL state reached.
18:46:59 [INFO ] frame=98 state=TERMINAL  c=(640,360) z=- tilt=12.5° tilt_corr=False
INFO:lastmile_v2_ext:frame=98 state=TERMINAL  c=(640,360) z=- tilt=12.5° tilt_corr=False
DEBUG:lastmile_v2_ext:Servo stopped — TERMINAL state reached.
18:46:59 [INFO ] frame=99 state=TERMINAL  c=(640,360) z=- tilt=81.0° tilt_corr=False
INFO:lastmile_v2_ext:frame=99 state=TERMINAL  c=(640,360) z=- tilt=81.0° tilt_corr=False
DEBUG:lastmile_v2_ext:Servo stopped — TERMINAL state reached.
18:46:59 [INFO ] frame=100 state=TERMINAL  c=(640,360) z=- tilt=79.9° tilt_corr=False
INFO:lastmile_v2_ext:frame=100 state=TERMINAL  c=(640,360) z=- tilt=79.9° tilt_corr=False
DEBUG:lastmile_v2_ext:Servo stopped — TERMINAL state reached.
18:46:59 [INFO ] frame=101 state=TERMINAL  c=(640,360) z=- tilt=24.3° tilt_corr=False
INFO:lastmile_v2_ext:frame=101 state=TERMINAL  c=(640,360) z=- tilt=24.3° tilt_corr=False
DEBUG:lastmile_v2_ext:Servo stopped — TERMINAL state reached.
18:46:59 [INFO ] frame=102 state=TERMINAL  c=(640,360) z=- tilt=31.2° tilt_corr=False
INFO:lastmile_v2_ext:frame=102 state=TERMINAL  c=(640,360) z=- tilt=31.2° tilt_corr=False
DEBUG:lastmile_v2_ext:Servo stopped — TERMINAL state reached.
18:46:59 [INFO ] frame=103 state=TERMINAL  c=(640,360) z=- tilt=82.7° tilt_corr=False
INFO:lastmile_v2_ext:frame=103 state=TERMINAL  c=(640,360) z=- tilt=82.7° tilt_corr=False
DEBUG:lastmile_v2_ext:Servo stopped — TERMINAL state reached.
18:46:59 [INFO ] frame=104 state=TERMINAL  c=(640,360) z=- tilt=39.9° tilt_corr=False
INFO:lastmile_v2_ext:frame=104 state=TERMINAL  c=(640,360) z=- tilt=39.9° tilt_corr=False
DEBUG:lastmile_v2_ext:Servo stopped — TERMINAL state reached.
18:46:59 [INFO ] frame=105 state=TERMINAL  c=(640,360) z=- tilt=26.7° tilt_corr=False
INFO:lastmile_v2_ext:frame=105 state=TERMINAL  c=(640,360) z=- tilt=26.7° tilt_corr=False
DEBUG:lastmile_v2_ext:Servo stopped — TERMINAL state reached.
18:46:59 [INFO ] frame=106 state=TERMINAL  c=(640,360) z=- tilt=25.7° tilt_corr=False
INFO:lastmile_v2_ext:frame=106 state=TERMINAL  c=(640,360) z=- tilt=25.7° tilt_corr=False
DEBUG:lastmile_v2_ext:Servo stopped — TERMINAL state reached.
18:46:59 [INFO ] frame=107 state=TERMINAL  c=(640,360) z=- tilt=80.2° tilt_corr=False
INFO:lastmile_v2_ext:frame=107 state=TERMINAL  c=(640,360) z=- tilt=80.2° tilt_corr=False
DEBUG:lastmile_v2_ext:Servo stopped — TERMINAL state reached.
18:46:59 [INFO ] frame=108 state=TERMINAL  c=(640,360) z=- tilt=80.7° tilt_corr=False
INFO:lastmile_v2_ext:frame=108 state=TERMINAL  c=(640,360) z=- tilt=80.7° tilt_corr=False
DEBUG:lastmile_v2_ext:Servo stopped — TERMINAL state reached.
18:46:59 [INFO ] frame=109 state=TERMINAL  c=(640,360) z=- tilt=41.7° tilt_corr=False
INFO:lastmile_v2_ext:frame=109 state=TERMINAL  c=(640,360) z=- tilt=41.7° tilt_corr=False
DEBUG:lastmile_v2_ext:Servo stopped — TERMINAL state reached.
18:46:59 [INFO ] frame=110 state=TERMINAL  c=(640,360) z=- tilt=67.7° tilt_corr=False
INFO:lastmile_v2_ext:frame=110 state=TERMINAL  c=(640,360) z=- tilt=67.7° tilt_corr=False
DEBUG:lastmile_v2_ext:Servo stopped — TERMINAL state reached.
18:46:59 [INFO ] frame=111 state=TERMINAL  c=(640,360) z=- tilt=81.2° tilt_corr=False
INFO:lastmile_v2_ext:frame=111 state=TERMINAL  c=(640,360) z=- tilt=81.2° tilt_corr=False
DEBUG:lastmile_v2_ext:Servo stopped — TERMINAL state reached.
18:46:59 [INFO ] frame=112 state=TERMINAL  c=(640,360) z=- tilt=30.2° tilt_corr=False
INFO:lastmile_v2_ext:frame=112 state=TERMINAL  c=(640,360) z=- tilt=30.2° tilt_corr=False
DEBUG:lastmile_v2_ext:Servo stopped — TERMINAL state reached.
18:46:59 [INFO ] frame=113 state=TERMINAL  c=(640,360) z=- tilt=79.5° tilt_corr=False
INFO:lastmile_v2_ext:frame=113 state=TERMINAL  c=(640,360) z=- tilt=79.5° tilt_corr=False
DEBUG:lastmile_v2_ext:Servo stopped — TERMINAL state reached.
18:46:59 [INFO ] frame=114 state=TERMINAL  c=(640,360) z=- tilt=19.4° tilt_corr=False
INFO:lastmile_v2_ext:frame=114 state=TERMINAL  c=(640,360) z=- tilt=19.4° tilt_corr=False
DEBUG:lastmile_v2_ext:Servo stopped — TERMINAL state reached.
18:46:59 [INFO ] frame=115 state=TERMINAL  c=(640,360) z=- tilt=31.6° tilt_corr=False
INFO:lastmile_v2_ext:frame=115 state=TERMINAL  c=(640,360) z=- tilt=31.6° tilt_corr=False
DEBUG:lastmile_v2_ext:Servo stopped — TERMINAL state reached.
18:46:59 [INFO ] frame=116 state=TERMINAL  c=(640,360) z=- tilt=80.4° tilt_corr=False
INFO:lastmile_v2_ext:frame=116 state=TERMINAL  c=(640,360) z=- tilt=80.4° tilt_corr=False
DEBUG:lastmile_v2_ext:Servo stopped — TERMINAL state reached.
18:46:59 [INFO ] frame=117 state=TERMINAL  c=(640,360) z=- tilt=21.8° tilt_corr=False
INFO:lastmile_v2_ext:frame=117 state=TERMINAL  c=(640,360) z=- tilt=21.8° tilt_corr=False
DEBUG:lastmile_v2_ext:Servo stopped — TERMINAL state reached.
18:46:59 [INFO ] frame=118 state=TERMINAL  c=(640,360) z=- tilt=11.8° tilt_corr=False
INFO:lastmile_v2_ext:frame=118 state=TERMINAL  c=(640,360) z=- tilt=11.8° tilt_corr=False
DEBUG:lastmile_v2_ext:Servo stopped — TERMINAL state reached.
18:46:59 [INFO ] frame=119 state=TERMINAL  c=(640,360) z=- tilt=80.3° tilt_corr=False
INFO:lastmile_v2_ext:frame=119 state=TERMINAL  c=(640,360) z=- tilt=80.3° tilt_corr=False
DEBUG:lastmile_v2_ext:Servo stopped — TERMINAL state reached.
18:46:59 [INFO ] frame=120 state=TERMINAL  c=(640,360) z=- tilt=40.0° tilt_corr=False
INFO:lastmile_v2_ext:frame=120 state=TERMINAL  c=(640,360) z=- tilt=40.0° tilt_corr=False
DEBUG:lastmile_v2_ext:Servo stopped — TERMINAL state reached.
18:46:59 [INFO ] frame=121 state=TERMINAL  c=(640,360) z=- tilt=80.4° tilt_corr=False
INFO:lastmile_v2_ext:frame=121 state=TERMINAL  c=(640,360) z=- tilt=80.4° tilt_corr=False
DEBUG:lastmile_v2_ext:Servo stopped — TERMINAL state reached.
18:46:59 [INFO ] frame=122 state=TERMINAL  c=(640,360) z=- tilt=29.5° tilt_corr=False
INFO:lastmile_v2_ext:frame=122 state=TERMINAL  c=(640,360) z=- tilt=29.5° tilt_corr=False
DEBUG:lastmile_v2_ext:Servo stopped — TERMINAL state reached.
18:46:59 [INFO ] frame=123 state=TERMINAL  c=(640,360) z=- tilt=61.6° tilt_corr=False
INFO:lastmile_v2_ext:frame=123 state=TERMINAL  c=(640,360) z=- tilt=61.6° tilt_corr=False
DEBUG:lastmile_v2_ext:Servo stopped — TERMINAL state reached.
18:46:59 [INFO ] frame=124 state=TERMINAL  c=(640,360) z=- tilt=72.8° tilt_corr=False
INFO:lastmile_v2_ext:frame=124 state=TERMINAL  c=(640,360) z=- tilt=72.8° tilt_corr=False
DEBUG:lastmile_v2_ext:Servo stopped — TERMINAL state reached.
18:46:59 [INFO ] frame=125 state=TERMINAL  c=(640,360) z=- tilt=37.2° tilt_corr=False
INFO:lastmile_v2_ext:frame=125 state=TERMINAL  c=(640,360) z=- tilt=37.2° tilt_corr=False
DEBUG:lastmile_v2_ext:Servo stopped — TERMINAL state reached.
18:47:00 [INFO ] frame=126 state=TERMINAL  c=(640,360) z=- tilt=81.3° tilt_corr=False
INFO:lastmile_v2_ext:frame=126 state=TERMINAL  c=(640,360) z=- tilt=81.3° tilt_corr=False
DEBUG:lastmile_v2_ext:Servo stopped — TERMINAL state reached.
18:47:00 [INFO ] frame=127 state=TERMINAL  c=(640,360) z=- tilt=80.4° tilt_corr=False
INFO:lastmile_v2_ext:frame=127 state=TERMINAL  c=(640,360) z=- tilt=80.4° tilt_corr=False
DEBUG:lastmile_v2_ext:Servo stopped — TERMINAL state reached.
18:47:00 [INFO ] frame=128 state=TERMINAL  c=(640,360) z=- tilt=81.3° tilt_corr=False
INFO:lastmile_v2_ext:frame=128 state=TERMINAL  c=(640,360) z=- tilt=81.3° tilt_corr=False
DEBUG:lastmile_v2_ext:Servo stopped — TERMINAL state reached.
18:47:00 [INFO ] frame=129 state=TERMINAL  c=(640,360) z=- tilt=12.8° tilt_corr=False
INFO:lastmile_v2_ext:frame=129 state=TERMINAL  c=(640,360) z=- tilt=12.8° tilt_corr=False
DEBUG:lastmile_v2_ext:Servo stopped — TERMINAL state reached.
18:47:00 [INFO ] frame=130 state=TERMINAL  c=(640,360) z=- tilt=71.9° tilt_corr=False
INFO:lastmile_v2_ext:frame=130 state=TERMINAL  c=(640,360) z=- tilt=71.9° tilt_corr=False
DEBUG:lastmile_v2_ext:Servo stopped — TERMINAL state reached.
18:47:00 [INFO ] frame=131 state=TERMINAL  c=(640,360) z=- tilt=83.1° tilt_corr=False
INFO:lastmile_v2_ext:frame=131 state=TERMINAL  c=(640,360) z=- tilt=83.1° tilt_corr=False
DEBUG:lastmile_v2_ext:Servo stopped — TERMINAL state reached.
18:47:00 [INFO ] frame=132 state=TERMINAL  c=(640,360) z=- tilt=80.3° tilt_corr=False
INFO:lastmile_v2_ext:frame=132 state=TERMINAL  c=(640,360) z=- tilt=80.3° tilt_corr=False
DEBUG:lastmile_v2_ext:Servo stopped — TERMINAL state reached.
18:47:00 [INFO ] frame=133 state=TERMINAL  c=(640,360) z=- tilt=72.0° tilt_corr=False
INFO:lastmile_v2_ext:frame=133 state=TERMINAL  c=(640,360) z=- tilt=72.0° tilt_corr=False
DEBUG:lastmile_v2_ext:Servo stopped — TERMINAL state reached.
18:47:00 [INFO ] frame=134 state=TERMINAL  c=(640,360) z=- tilt=32.8° tilt_corr=False
INFO:lastmile_v2_ext:frame=134 state=TERMINAL  c=(640,360) z=- tilt=32.8° tilt_corr=False
DEBUG:lastmile_v2_ext:Servo stopped — TERMINAL state reached.
18:47:00 [INFO ] frame=135 state=TERMINAL  c=(640,360) z=- tilt=79.7° tilt_corr=False
INFO:lastmile_v2_ext:frame=135 state=TERMINAL  c=(640,360) z=- tilt=79.7° tilt_corr=False
DEBUG:lastmile_v2_ext:Servo stopped — TERMINAL state reached.
18:47:00 [INFO ] frame=136 state=TERMINAL  c=(640,360) z=- tilt=81.6° tilt_corr=False
INFO:lastmile_v2_ext:frame=136 state=TERMINAL  c=(640,360) z=- tilt=81.6° tilt_corr=False
DEBUG:lastmile_v2_ext:Servo stopped — TERMINAL state reached.
18:47:00 [INFO ] frame=137 state=TERMINAL  c=(640,360) z=- tilt=81.1° tilt_corr=False
INFO:lastmile_v2_ext:frame=137 state=TERMINAL  c=(640,360) z=- tilt=81.1° tilt_corr=False
DEBUG:lastmile_v2_ext:Servo stopped — TERMINAL state reached.
18:47:00 [INFO ] frame=138 state=TERMINAL  c=(640,360) z=- tilt=82.3° tilt_corr=False
INFO:lastmile_v2_ext:frame=138 state=TERMINAL  c=(640,360) z=- tilt=82.3° tilt_corr=False
DEBUG:lastmile_v2_ext:Servo stopped — TERMINAL state reached.
18:47:00 [INFO ] frame=139 state=TERMINAL  c=(640,360) z=- tilt=19.4° tilt_corr=False
INFO:lastmile_v2_ext:frame=139 state=TERMINAL  c=(640,360) z=- tilt=19.4° tilt_corr=False
DEBUG:lastmile_v2_ext:Servo stopped — TERMINAL state reached.
18:47:00 [INFO ] frame=140 state=TERMINAL  c=(640,360) z=- tilt=34.9° tilt_corr=False
INFO:lastmile_v2_ext:frame=140 state=TERMINAL  c=(640,360) z=- tilt=34.9° tilt_corr=False
DEBUG:lastmile_v2_ext:Servo stopped — TERMINAL state reached.
18:47:00 [INFO ] frame=141 state=TERMINAL  c=(640,360) z=- tilt=82.1° tilt_corr=False
INFO:lastmile_v2_ext:frame=141 state=TERMINAL  c=(640,360) z=- tilt=82.1° tilt_corr=False
DEBUG:lastmile_v2_ext:Servo stopped — TERMINAL state reached.
18:47:00 [INFO ] frame=142 state=TERMINAL  c=(640,360) z=- tilt=4.6° tilt_corr=False
INFO:lastmile_v2_ext:frame=142 state=TERMINAL  c=(640,360) z=- tilt=4.6° tilt_corr=False
DEBUG:lastmile_v2_ext:Servo stopped — TERMINAL state reached.
18:47:00 [INFO ] frame=143 state=TERMINAL  c=(640,360) z=- tilt=64.0° tilt_corr=False
INFO:lastmile_v2_ext:frame=143 state=TERMINAL  c=(640,360) z=- tilt=64.0° tilt_corr=False
DEBUG:lastmile_v2_ext:Servo stopped — TERMINAL state reached.
18:47:00 [INFO ] frame=144 state=TERMINAL  c=(640,360) z=- tilt=80.8° tilt_corr=False
INFO:lastmile_v2_ext:frame=144 state=TERMINAL  c=(640,360) z=- tilt=80.8° tilt_corr=False
DEBUG:lastmile_v2_ext:Servo stopped — TERMINAL state reached.
18:47:00 [INFO ] frame=145 state=TERMINAL  c=(640,360) z=- tilt=58.2° tilt_corr=False
INFO:lastmile_v2_ext:frame=145 state=TERMINAL  c=(640,360) z=- tilt=58.2° tilt_corr=False
DEBUG:lastmile_v2_ext:Servo stopped — TERMINAL state reached.
18:47:00 [INFO ] frame=146 state=TERMINAL  c=(640,360) z=- tilt=83.6° tilt_corr=False
INFO:lastmile_v2_ext:frame=146 state=TERMINAL  c=(640,360) z=- tilt=83.6° tilt_corr=False
DEBUG:lastmile_v2_ext:Servo stopped — TERMINAL state reached.
18:47:00 [INFO ] frame=147 state=TERMINAL  c=(640,360) z=- tilt=19.7° tilt_corr=False
INFO:lastmile_v2_ext:frame=147 state=TERMINAL  c=(640,360) z=- tilt=19.7° tilt_corr=False
DEBUG:lastmile_v2_ext:Servo stopped — TERMINAL state reached.
18:47:00 [INFO ] frame=148 state=TERMINAL  c=(640,360) z=- tilt=46.9° tilt_corr=False
INFO:lastmile_v2_ext:frame=148 state=TERMINAL  c=(640,360) z=- tilt=46.9° tilt_corr=False
DEBUG:lastmile_v2_ext:Servo stopped — TERMINAL state reached.
18:47:00 [INFO ] frame=149 state=TERMINAL  c=(640,360) z=- tilt=22.1° tilt_corr=False
INFO:lastmile_v2_ext:frame=149 state=TERMINAL  c=(640,360) z=- tilt=22.1° tilt_corr=False
DEBUG:lastmile_v2_ext:Servo stopped — TERMINAL state reached.
18:47:00 [INFO ] frame=150 state=TERMINAL  c=(640,360) z=- tilt=80.2° tilt_corr=False
INFO:lastmile_v2_ext:frame=150 state=TERMINAL  c=(640,360) z=- tilt=80.2° tilt_corr=False
DEBUG:lastmile_v2_ext:Servo stopped — TERMINAL state reached.
18:47:00 [INFO ] frame=151 state=TERMINAL  c=(640,360) z=- tilt=46.8° tilt_corr=False
INFO:lastmile_v2_ext:frame=151 state=TERMINAL  c=(640,360) z=- tilt=46.8° tilt_corr=False
DEBUG:lastmile_v2_ext:Servo stopped — TERMINAL state reached.
18:47:00 [INFO ] frame=152 state=TERMINAL  c=(640,360) z=- tilt=51.1° tilt_corr=False
INFO:lastmile_v2_ext:frame=152 state=TERMINAL  c=(640,360) z=- tilt=51.1° tilt_corr=False
DEBUG:lastmile_v2_ext:Servo stopped — TERMINAL state reached.
18:47:00 [INFO ] Quit requested via window key.
INFO:lastmile_v2_ext:Quit requested via window key.
18:47:00 [INFO ] frame=153 state=TERMINAL  c=(640,360) z=- tilt=22.8° tilt_corr=False
INFO:lastmile_v2_ext:frame=153 state=TERMINAL  c=(640,360) z=- tilt=22.8° tilt_corr=False
18:47:01 [INFO ] Returning to home position [181.3, -7.5, -48.6] mm ...
INFO:lastmile_v2_ext:Returning to home position [181.3, -7.5, -48.6] mm ...
18:47:08 [INFO ] Home position reached.
INFO:lastmile_v2_ext:Home position reached.
[set_state], xArm is not ready to move
INFO:origin.print:[set_state], xArm is not ready to move
18:47:08 [INFO ] Robot stopped.
18:47:08 [INFO ] Done.
INFO:lastmile_v2_ext:Done.
