23:53:46.418 [INFO ] Logging to /data/user/akanksha/repo/visual_servoing_for_suction_grippers/logs/servo_lastmile_20260429_235346.log
23:53:46.418 [INFO ] ======================================================================
23:53:46.418 [INFO ] servo_lastmile_v2_ext starting
23:53:46.418 [INFO ]   detector=sam3  prompt=box  ref=masked_objects/protein_bar.png  hand-eye=None
23:53:46.418 [INFO ]   offline=False  debug=False  dry-run=False  no-robot=False
23:53:46.418 [INFO ] ======================================================================
23:53:46.435 [INFO ] PyZED available - will use ZED SDK for capture and SVO recording
23:53:47.524 [INFO ] Robot connected: 192.168.1.241
23:53:47.525 [INFO ] Home position captured: [205.3, 5.6, -52.9] mm
23:53:47.544 [INFO ] Processing reference image ...
23:53:53.059 [INFO ] SAM3 loaded: facebook/sam3 on cuda
23:53:54.064 [INFO ] SAM3: 1 detection(s) for 'box'
23:53:54.064 [INFO ] Ref image: detected 'box' score=0.96 @ [  2   1 423 715]
23:53:54.313 [INFO ] Feature extractor (ResNet-18) loaded
23:53:54.384 [INFO ] Ref features: 512-d vector (norm=1.000)
23:53:54.384 [WARNING] Hand-eye: no path supplied; using identity. Signal A (locked-3D projection) will be unreliable. Run a one-time calibrateHandEye to populate.
23:53:54.385 [INFO ] LastMilePipelineV2Ext: detector_name=sam3
23:53:57.260 [INFO ] Calibration thread: starting Y/Z Jacobian calibration.
23:53:57.260 [INFO ] === Calibration: waiting for camera frame ===
23:53:57.261 [INFO ] Home: [205.3, 5.6, -52.9] mm
23:53:57.561 [INFO ]   [Y] moving +25 mm at 30 mm/s...
23:53:57.662 [INFO ] SAM3: 1 detection(s) for 'box'
23:53:57.930 [DEBUG]   det conf=0.94 sim=0.914 pos=0.41 prox=0.00 -> 0.613
23:53:58.075 [INFO ] SAM3: 'box' score=0.94 @ [557 208 790 642]  (top of 1)  sim=0.914
23:53:58.075 [INFO ] SAM3: mask obtained (score=0.942, area=94003 px)
23:54:00.231 [INFO ]   [Y] returning home...
23:54:01.404 [WARNING]   [Y] flow too small (0.00 px < 1.0 px threshold) — axis ignored to prevent runaway. Try moving the robot closer or increasing CAL_DELTA.
23:54:01.705 [INFO ]   [Z] moving +25 mm at 30 mm/s...
23:54:04.366 [INFO ]   [Z] returning home...
23:54:05.542 [WARNING]   [Z] flow too small (0.00 px < 1.0 px threshold) — axis ignored to prevent runaway. Try moving the robot closer or increasing CAL_DELTA.
23:54:05.542 [INFO ] J_yz (px/mm):
[[0. 0.]
 [0. 0.]]
23:54:05.543 [WARNING] J_yz rank=0 - approach-only mode.
23:54:09.258 [DEBUG] Grasp point: robust centroid (673, 424)
23:54:09.766 [INFO ] Servo: err=(+32,+65)px r=72  Δ=(+5.0,+0.0,-1.0)mm  pos=(210,6,-54)  [skipped (no flow data)]
23:54:09.782 [INFO ] frame=0 state=FAR       c=(672,425) z=452.2mm tilt=- tilt_corr=False
23:54:10.488 [INFO ] SAM3: 1 detection(s) for 'box'
23:54:10.758 [DEBUG]   det conf=0.94 sim=0.918 pos=0.41 prox=0.99 -> 0.863
23:54:10.898 [INFO ] SAM3: 'box' score=0.94 @ [557 205 793 642]  (top of 1)  sim=0.918
23:54:10.899 [INFO ] SAM3: mask obtained (score=0.938, area=96061 px)
23:54:10.939 [DEBUG] Grasp point: robust centroid (674, 423)
23:54:11.448 [INFO ] Servo: err=(+33,+63)px r=72  Δ=(+5.0,+0.0,-1.0)mm  pos=(215,6,-55)  [skipped (no flow data)]
23:54:11.465 [INFO ] frame=1 state=FAR       c=(673,423) z=448.1mm tilt=- tilt_corr=False
23:54:12.167 [INFO ] SAM3: 1 detection(s) for 'box'
23:54:12.397 [DEBUG]   det conf=0.95 sim=0.917 pos=0.41 prox=0.99 -> 0.864
23:54:12.693 [INFO ] SAM3: 'box' score=0.95 @ [556 201 795 644]  (top of 1)  sim=0.917
23:54:12.696 [INFO ] SAM3: mask obtained (score=0.950, area=98264 px)
23:54:12.735 [DEBUG] Grasp point: robust centroid (674, 421)
23:54:37.715 [INFO ] Servo: err=(+34,+62)px r=71  Δ=(+5.0,+0.0,-1.0)mm  pos=(220,6,-56)  [skipped (no flow data)]
23:54:37.730 [INFO ] frame=2 state=NEAR      c=(674,422) z=444.4mm tilt=- tilt_corr=False
23:54:38.536 [INFO ] SAM3: 1 detection(s) for 'box'
23:54:38.809 [DEBUG]   det conf=0.96 sim=0.915 pos=0.41 prox=0.99 -> 0.863
23:54:39.009 [INFO ] SAM3: 'box' score=0.96 @ [556 198 797 646]  (top of 1)  sim=0.915
23:54:39.009 [INFO ] SAM3: mask obtained (score=0.959, area=100546 px)
23:54:39.058 [DEBUG] Grasp point: robust centroid (675, 420)
23:54:39.726 [INFO ] Servo: err=(+35,+61)px r=70  Δ=(+5.0,+0.0,-1.0)mm  pos=(225,6,-57)  [skipped (no flow data)]
23:54:39.742 [INFO ] frame=3 state=NEAR      c=(675,421) z=439.1mm tilt=1.5° tilt_corr=True
23:54:40.898 [INFO ] SAM3: 1 detection(s) for 'box'
23:54:41.203 [DEBUG]   det conf=0.96 sim=0.912 pos=0.41 prox=0.99 -> 0.860
23:54:41.381 [INFO ] SAM3: 'box' score=0.96 @ [555 196 800 649]  (top of 1)  sim=0.912
23:54:41.381 [INFO ] SAM3: mask obtained (score=0.956, area=102446 px)
23:54:41.431 [DEBUG] Grasp point: robust centroid (677, 421)
23:54:42.099 [INFO ] Servo: err=(+35,+62)px r=71  Δ=(+5.0,+0.0,-1.0)mm  pos=(230,6,-58)  [skipped (no flow data)]
23:54:42.111 [INFO ] frame=4 state=NEAR      c=(675,422) z=433.6mm tilt=1.1° tilt_corr=True
23:54:42.721 [INFO ] SAM3: 1 detection(s) for 'box'
23:54:42.933 [DEBUG]   det conf=0.96 sim=0.921 pos=0.42 prox=0.99 -> 0.867
23:54:43.155 [INFO ] SAM3: 'box' score=0.96 @ [554 189 801 647]  (top of 1)  sim=0.921
23:54:43.155 [INFO ] SAM3: mask obtained (score=0.958, area=105184 px)
23:54:43.200 [DEBUG] Grasp point: robust centroid (676, 417)
23:54:43.200 [INFO ] MaskTracker: anchor locked (IoU streak=5, last IoU=0.970)
23:54:44.173 [INFO ] Servo: err=(+36,+59)px r=69  Δ=(+5.0,+0.0,-1.0)mm  pos=(235,6,-59)  [skipped (no flow data)]
23:54:44.187 [INFO ] frame=5 state=NEAR      c=(676,419) z=428.2mm tilt=4.0° tilt_corr=True
23:54:44.625 [INFO ] SAM3: 1 detection(s) for 'box'
23:54:44.785 [DEBUG]   det conf=0.95 sim=0.921 pos=0.42 prox=0.99 -> 0.865
23:54:44.902 [INFO ] SAM3: 'box' score=0.95 @ [552 188 804 651]  (top of 1)  sim=0.921
23:54:44.902 [INFO ] SAM3: mask obtained (score=0.946, area=107107 px)
23:54:44.945 [DEBUG] Grasp point: robust centroid (677, 419)
23:54:44.946 [INFO ] MaskTracker: anchor locked (IoU streak=6, last IoU=0.982)
23:54:45.769 [INFO ] Servo: err=(+36,+60)px r=70  Δ=(+5.0,+0.0,-1.0)mm  pos=(240,6,-60)  [skipped (no flow data)]
23:54:45.787 [INFO ] frame=6 state=NEAR      c=(676,420) z=423.4mm tilt=2.5° tilt_corr=True
23:54:46.699 [INFO ] SAM3: 1 detection(s) for 'box'
23:54:46.970 [DEBUG]   det conf=0.93 sim=0.918 pos=0.42 prox=0.99 -> 0.863
23:54:47.106 [INFO ] SAM3: 'box' score=0.93 @ [552 185 806 652]  (top of 1)  sim=0.918
23:54:47.107 [INFO ] SAM3: mask obtained (score=0.930, area=109703 px)
23:54:47.140 [DEBUG] Grasp point: robust centroid (678, 418)
23:54:47.141 [INFO ] MaskTracker: anchor locked (IoU streak=7, last IoU=0.975)
23:54:47.909 [INFO ] Servo: err=(+37,+59)px r=69  Δ=(+5.0,+0.0,-1.0)mm  pos=(245,6,-61)  [skipped (no flow data)]
23:54:47.923 [INFO ] frame=7 state=NEAR      c=(677,419) z=418.8mm tilt=2.3° tilt_corr=True
23:54:48.970 [INFO ] SAM3: 1 detection(s) for 'box'
23:54:49.084 [DEBUG]   det conf=0.93 sim=0.916 pos=0.42 prox=0.99 -> 0.862
23:54:49.241 [INFO ] SAM3: 'box' score=0.93 @ [551 180 809 654]  (top of 1)  sim=0.916
23:54:49.241 [INFO ] SAM3: mask obtained (score=0.929, area=112201 px)
23:54:49.297 [DEBUG] Grasp point: robust centroid (678, 416)
23:54:49.297 [INFO ] MaskTracker: anchor locked (IoU streak=8, last IoU=0.978)
23:54:50.220 [INFO ] Servo: err=(+37,+58)px r=69  Δ=(+5.0,+0.0,-1.0)mm  pos=(250,6,-62)  [skipped (no flow data)]
23:54:50.237 [INFO ] frame=8 state=NEAR      c=(677,418) z=413.0mm tilt=3.4° tilt_corr=True
23:54:51.517 [INFO ] SAM3: 1 detection(s) for 'box'
23:54:51.956 [DEBUG]   det conf=0.94 sim=0.912 pos=0.42 prox=0.99 -> 0.861
23:54:52.119 [INFO ] SAM3: 'box' score=0.94 @ [552 177 810 656]  (top of 1)  sim=0.912
23:54:52.119 [INFO ] SAM3: mask obtained (score=0.944, area=115079 px)
23:54:52.153 [DEBUG] Grasp point: robust centroid (680, 415)
23:54:52.154 [INFO ] MaskTracker: anchor locked (IoU streak=9, last IoU=0.975)
23:54:53.073 [INFO ] Servo: err=(+38,+57)px r=68  Δ=(+5.0,+0.0,-1.0)mm  pos=(255,6,-63)  [skipped (no flow data)]
23:54:53.088 [INFO ] frame=9 state=NEAR      c=(678,417) z=408.7mm tilt=3.5° tilt_corr=True
23:54:53.932 [INFO ] SAM3: 1 detection(s) for 'box'
23:54:54.121 [DEBUG]   det conf=0.94 sim=0.916 pos=0.42 prox=0.99 -> 0.864
23:54:54.225 [INFO ] SAM3: 'box' score=0.94 @ [550 171 814 657]  (top of 1)  sim=0.916
23:54:54.225 [INFO ] SAM3: mask obtained (score=0.941, area=117910 px)
23:54:54.262 [DEBUG] Grasp point: robust centroid (680, 412)
23:54:54.262 [INFO ] MaskTracker: anchor locked (IoU streak=10, last IoU=0.973)
23:54:55.233 [INFO ] Servo: err=(+39,+55)px r=67  Δ=(+5.0,+0.0,-1.0)mm  pos=(260,6,-64)  [skipped (no flow data)]
23:54:55.247 [INFO ] frame=10 state=NEAR      c=(679,415) z=403.1mm tilt=4.0° tilt_corr=True
23:54:55.902 [INFO ] SAM3: 1 detection(s) for 'box'
23:54:56.209 [DEBUG]   det conf=0.92 sim=0.919 pos=0.42 prox=0.98 -> 0.860
23:54:56.475 [INFO ] SAM3: 'box' score=0.92 @ [550 170 815 660]  (top of 1)  sim=0.919
23:54:56.476 [INFO ] SAM3: mask obtained (score=0.915, area=120507 px)
23:54:56.541 [DEBUG] Grasp point: robust centroid (682, 414)
23:54:56.541 [INFO ] MaskTracker: anchor locked (IoU streak=11, last IoU=0.978)
23:54:57.411 [INFO ] Servo: err=(+40,+55)px r=68  Δ=(+5.0,+0.0,-1.0)mm  pos=(265,6,-65)  [skipped (no flow data)]
23:54:57.426 [INFO ] frame=11 state=NEAR      c=(680,415) z=399.0mm tilt=3.1° tilt_corr=True
23:54:58.171 [INFO ] SAM3: 1 detection(s) for 'box'
23:54:58.247 [DEBUG]   det conf=0.94 sim=0.918 pos=0.43 prox=0.99 -> 0.865
23:54:58.604 [INFO ] SAM3: 'box' score=0.94 @ [550 165 817 661]  (top of 1)  sim=0.918
23:54:58.605 [INFO ] SAM3: mask obtained (score=0.939, area=123855 px)
23:54:58.649 [DEBUG] Grasp point: robust centroid (683, 412)
23:54:58.649 [INFO ] MaskTracker: anchor locked (IoU streak=12, last IoU=0.973)
23:54:59.519 [INFO ] Servo: err=(+41,+53)px r=67  Δ=(+5.0,+0.0,-1.0)mm  pos=(270,6,-66)  [skipped (no flow data)]
23:54:59.535 [INFO ] frame=12 state=NEAR      c=(681,413) z=392.7mm tilt=3.2° tilt_corr=True
23:55:00.399 [INFO ] SAM3: 1 detection(s) for 'box'
23:55:00.710 [DEBUG]   det conf=0.96 sim=0.914 pos=0.43 prox=0.99 -> 0.865
23:55:00.920 [INFO ] SAM3: 'box' score=0.96 @ [550 161 820 663]  (top of 1)  sim=0.914
23:55:00.920 [INFO ] SAM3: mask obtained (score=0.956, area=126688 px)
23:55:00.973 [DEBUG] Grasp point: robust centroid (683, 411)
23:55:00.974 [INFO ] MaskTracker: anchor locked (IoU streak=13, last IoU=0.978)
23:55:01.795 [INFO ] Servo: err=(+42,+53)px r=67  Δ=(+5.0,+0.0,-1.0)mm  pos=(275,6,-67)  [skipped (no flow data)]
23:55:01.810 [INFO ] frame=13 state=NEAR      c=(682,413) z=385.3mm tilt=2.5° tilt_corr=True
23:55:02.613 [INFO ] SAM3: 1 detection(s) for 'box'
23:55:02.768 [DEBUG]   det conf=0.96 sim=0.917 pos=0.43 prox=0.99 -> 0.866
23:55:02.859 [INFO ] SAM3: 'box' score=0.96 @ [549 155 823 664]  (top of 1)  sim=0.917
23:55:02.859 [INFO ] SAM3: mask obtained (score=0.958, area=130120 px)
23:55:02.892 [DEBUG] Grasp point: robust centroid (684, 408)
23:55:02.892 [INFO ] MaskTracker: anchor locked (IoU streak=14, last IoU=0.973)
23:55:03.659 [INFO ] Servo: err=(+43,+50)px r=66  Δ=(+5.0,+0.0,-1.0)mm  pos=(280,6,-68)  [skipped (no flow data)]
23:55:03.674 [INFO ] frame=14 state=NEAR      c=(683,410) z=383.7mm tilt=2.3° tilt_corr=True
23:55:04.484 [INFO ] SAM3: 1 detection(s) for 'box'
23:55:04.669 [DEBUG]   det conf=0.95 sim=0.918 pos=0.43 prox=0.99 -> 0.867
23:55:04.852 [INFO ] SAM3: 'box' score=0.95 @ [547 148 827 665]  (top of 1)  sim=0.918
23:55:04.853 [INFO ] SAM3: mask obtained (score=0.953, area=133462 px)
23:55:04.889 [DEBUG] Grasp point: robust centroid (685, 405)
23:55:04.890 [INFO ] MaskTracker: anchor locked (IoU streak=15, last IoU=0.975)
23:55:05.610 [INFO ] Servo: err=(+44,+48)px r=65  Δ=(+5.0,+0.0,-1.0)mm  pos=(285,6,-69)  [skipped (no flow data)]
23:55:05.625 [INFO ] frame=15 state=NEAR      c=(684,408) z=377.8mm tilt=2.0° tilt_corr=True
23:55:06.295 [INFO ] SAM3: 1 detection(s) for 'box'
23:55:06.494 [DEBUG]   det conf=0.95 sim=0.922 pos=0.43 prox=0.99 -> 0.868
23:55:06.815 [INFO ] SAM3: 'box' score=0.95 @ [547 146 828 668]  (top of 1)  sim=0.922
23:55:06.815 [INFO ] SAM3: mask obtained (score=0.948, area=136954 px)
23:55:06.918 [DEBUG] Grasp point: robust centroid (685, 406)
23:55:06.919 [INFO ] MaskTracker: anchor locked (IoU streak=16, last IoU=0.974)
23:55:07.992 [INFO ] Servo: err=(+45,+48)px r=65  Δ=(+5.0,+0.0,-1.0)mm  pos=(290,6,-70)  [skipped (no flow data)]
23:55:08.006 [INFO ] frame=16 state=NEAR      c=(685,408) z=372.8mm tilt=5.0° tilt_corr=True
23:55:08.563 [INFO ] SAM3: 1 detection(s) for 'box'
23:55:08.656 [DEBUG]   det conf=0.95 sim=0.923 pos=0.43 prox=0.99 -> 0.868
23:55:08.957 [INFO ] SAM3: 'box' score=0.95 @ [544 143 832 673]  (top of 1)  sim=0.923
23:55:08.958 [INFO ] SAM3: mask obtained (score=0.945, area=140244 px)
23:55:08.999 [DEBUG] Grasp point: robust centroid (686, 406)
23:55:09.000 [INFO ] MaskTracker: anchor locked (IoU streak=17, last IoU=0.976)
23:55:09.769 [INFO ] Servo: err=(+46,+48)px r=66  Δ=(+5.0,+0.0,-1.0)mm  pos=(295,6,-71)  [skipped (no flow data)]
23:55:09.784 [INFO ] frame=17 state=NEAR      c=(686,408) z=368.0mm tilt=2.2° tilt_corr=True
23:55:10.699 [INFO ] SAM3: 1 detection(s) for 'box'
23:55:10.933 [DEBUG]   det conf=0.96 sim=0.920 pos=0.44 prox=0.99 -> 0.869
23:55:11.200 [INFO ] SAM3: 'box' score=0.96 @ [544 134 835 671]  (top of 1)  sim=0.920
23:55:11.207 [INFO ] SAM3: mask obtained (score=0.964, area=144407 px)
23:55:11.251 [DEBUG] Grasp point: robust centroid (688, 402)
23:55:11.251 [INFO ] MaskTracker: anchor locked (IoU streak=18, last IoU=0.968)
23:55:12.326 [INFO ] Servo: err=(+47,+44)px r=64  Δ=(+5.0,+0.0,-1.0)mm  pos=(300,6,-72)  [skipped (no flow data)]
23:55:12.345 [INFO ] frame=18 state=NEAR      c=(687,404) z=362.2mm tilt=4.7° tilt_corr=True
23:55:13.166 [INFO ] SAM3: 1 detection(s) for 'box'
23:55:13.389 [DEBUG]   det conf=0.96 sim=0.920 pos=0.44 prox=0.99 -> 0.869
23:55:13.613 [INFO ] SAM3: 'box' score=0.96 @ [543 131 838 675]  (top of 1)  sim=0.920
23:55:13.613 [INFO ] SAM3: mask obtained (score=0.959, area=148263 px)
23:55:13.656 [DEBUG] Grasp point: robust centroid (690, 401)
23:55:13.656 [INFO ] MaskTracker: anchor locked (IoU streak=19, last IoU=0.974)
23:55:14.778 [INFO ] Servo: err=(+48,+43)px r=65  Δ=(+5.0,+0.0,-1.0)mm  pos=(305,6,-73)  [skipped (no flow data)]
23:55:14.796 [INFO ] frame=19 state=NEAR      c=(688,403) z=358.4mm tilt=7.1° tilt_corr=True
23:55:15.556 [INFO ] SAM3: 1 detection(s) for 'box'
23:55:15.883 [DEBUG]   det conf=0.95 sim=0.925 pos=0.44 prox=0.99 -> 0.873
23:55:16.256 [INFO ] SAM3: 'box' score=0.95 @ [540 125 842 677]  (top of 1)  sim=0.925
23:55:16.256 [INFO ] SAM3: mask obtained (score=0.954, area=152359 px)
23:55:16.301 [DEBUG] Grasp point: robust centroid (689, 399)
23:55:16.301 [INFO ] MaskTracker: anchor locked (IoU streak=20, last IoU=0.973)
23:55:17.022 [INFO ] Servo: err=(+48,+42)px r=64  Δ=(+5.0,+0.0,-1.0)mm  pos=(310,6,-74)  [skipped (no flow data)]
23:55:17.037 [INFO ] frame=20 state=NEAR      c=(688,402) z=353.1mm tilt=1.8° tilt_corr=True
23:55:17.508 [INFO ] SAM3: 1 detection(s) for 'box'
23:55:17.781 [DEBUG]   det conf=0.95 sim=0.924 pos=0.45 prox=0.99 -> 0.871
23:55:17.869 [INFO ] SAM3: 'box' score=0.95 @ [542 120 843 678]  (top of 1)  sim=0.924
23:55:17.869 [INFO ] SAM3: mask obtained (score=0.953, area=156628 px)
23:55:17.911 [DEBUG] Grasp point: robust centroid (691, 397)
23:55:17.911 [INFO ] MaskTracker: anchor locked (IoU streak=21, last IoU=0.971)
23:55:18.678 [INFO ] Servo: err=(+49,+40)px r=63  Δ=(+5.0,+0.0,-1.0)mm  pos=(315,6,-75)  [skipped (no flow data)]
23:55:18.694 [INFO ] frame=21 state=NEAR      c=(689,400) z=347.7mm tilt=2.1° tilt_corr=True
23:55:19.347 [INFO ] SAM3: 1 detection(s) for 'box'
23:55:19.474 [DEBUG]   det conf=0.96 sim=0.918 pos=0.45 prox=0.99 -> 0.869
23:55:19.557 [INFO ] SAM3: 'box' score=0.96 @ [541 113 848 680]  (top of 1)  sim=0.918
23:55:19.557 [INFO ] SAM3: mask obtained (score=0.955, area=161525 px)
23:55:19.616 [DEBUG] Grasp point: robust centroid (692, 395)
23:55:19.617 [INFO ] MaskTracker: anchor locked (IoU streak=22, last IoU=0.970)
23:55:20.133 [INFO ] Servo: err=(+51,+38)px r=63  Δ=(+5.0,+0.0,-1.0)mm  pos=(320,6,-76)  [skipped (no flow data)]
23:55:20.150 [INFO ] frame=22 state=NEAR      c=(691,398) z=342.4mm tilt=0.9° tilt_corr=False
23:55:20.703 [INFO ] SAM3: 1 detection(s) for 'box'
23:55:20.893 [DEBUG]   det conf=0.95 sim=0.925 pos=0.45 prox=0.99 -> 0.873
23:55:21.075 [INFO ] SAM3: 'box' score=0.95 @ [540 106 850 682]  (top of 1)  sim=0.925
23:55:21.076 [INFO ] SAM3: mask obtained (score=0.951, area=166216 px)
23:55:21.112 [DEBUG] Grasp point: robust centroid (693, 392)
23:55:21.113 [INFO ] MaskTracker: anchor locked (IoU streak=23, last IoU=0.972)
23:55:22.083 [INFO ] Servo: err=(+52,+35)px r=63  Δ=(+5.0,+0.0,-1.0)mm  pos=(325,6,-77)  [skipped (no flow data)]
23:55:22.096 [INFO ] frame=23 state=NEAR      c=(692,395) z=337.4mm tilt=3.9° tilt_corr=True
23:55:22.653 [INFO ] SAM3: 1 detection(s) for 'box'
23:55:22.783 [DEBUG]   det conf=0.96 sim=0.928 pos=0.45 prox=0.99 -> 0.875
23:55:22.941 [INFO ] SAM3: 'box' score=0.96 @ [538 102 853 685]  (top of 1)  sim=0.928
23:55:22.941 [INFO ] SAM3: mask obtained (score=0.959, area=170590 px)
23:55:22.982 [DEBUG] Grasp point: robust centroid (696, 392)
23:55:22.983 [INFO ] MaskTracker: anchor locked (IoU streak=24, last IoU=0.974)
23:55:23.753 [INFO ] Servo: err=(+53,+34)px r=63  Δ=(+5.0,+0.0,-1.0)mm  pos=(330,6,-78)  [skipped (no flow data)]
23:55:23.767 [INFO ] frame=24 state=NEAR      c=(693,394) z=332.7mm tilt=2.1° tilt_corr=True
23:55:24.628 [INFO ] SAM3: 1 detection(s) for 'box'
23:55:24.762 [DEBUG]   det conf=0.95 sim=0.925 pos=0.46 prox=0.99 -> 0.875
23:55:24.943 [INFO ] SAM3: 'box' score=0.95 @ [538  95 857 688]  (top of 1)  sim=0.925
23:55:24.943 [INFO ] SAM3: mask obtained (score=0.952, area=176143 px)
23:55:25.056 [DEBUG] Grasp point: robust centroid (696, 390)
23:55:25.056 [INFO ] MaskTracker: anchor locked (IoU streak=25, last IoU=0.968)
23:55:25.777 [INFO ] Servo: err=(+54,+32)px r=63  Δ=(+5.0,+0.0,-1.0)mm  pos=(335,6,-79)  [skipped (no flow data)]
23:55:25.792 [INFO ] frame=25 state=NEAR      c=(694,392) z=327.9mm tilt=1.6° tilt_corr=True
23:55:26.633 [INFO ] SAM3: 1 detection(s) for 'box'
23:55:26.960 [DEBUG]   det conf=0.95 sim=0.922 pos=0.46 prox=0.99 -> 0.872
23:55:27.135 [INFO ] SAM3: 'box' score=0.95 @ [537  88 861 690]  (top of 1)  sim=0.922
23:55:27.135 [INFO ] SAM3: mask obtained (score=0.951, area=181282 px)
23:55:27.195 [DEBUG] Grasp point: robust centroid (697, 387)
23:55:27.195 [INFO ] MaskTracker: anchor locked (IoU streak=26, last IoU=0.972)
23:55:31.576 [INFO ] Servo: err=(+53,+36)px r=64  Δ=(+5.0,+0.0,-1.0)mm  pos=(340,6,-80)  [skipped (no flow data)]
23:55:31.592 [INFO ] frame=26 state=NEAR      c=(693,396) z=322.6mm tilt=1.3° tilt_corr=True
23:55:32.732 [INFO ] Servo: err=(+53,+36)px r=64  Δ=(+5.0,+0.0,-1.0)mm  pos=(345,6,-81)  [skipped (no flow data)]
23:55:32.747 [INFO ] frame=27 state=NEAR      c=(693,396) z=317.8mm tilt=1.4° tilt_corr=True
23:55:32.768 [WARNING] Signal B: CoTracker3 step failed (narrow(): length must be non-negative.); downgrading to LK for the rest of approach.
23:55:33.843 [INFO ] Servo: err=(+56,+31)px r=63  Δ=(+5.0,+0.0,-1.0)mm  pos=(350,6,-82)  [skipped (no flow data)]
23:55:33.857 [INFO ] frame=28 state=NEAR      c=(696,391) z=312.8mm tilt=1.4° tilt_corr=True
23:55:34.916 [INFO ] Servo: err=(+57,+30)px r=64  Δ=(+5.0,+0.0,-1.0)mm  pos=(355,6,-83)  [skipped (no flow data)]
23:55:34.931 [INFO ] frame=29 state=NEAR      c=(697,390) z=308.2mm tilt=2.8° tilt_corr=True
23:55:35.849 [INFO ] Servo: err=(+58,+25)px r=63  Δ=(+5.0,+0.0,-1.0)mm  pos=(360,6,-84)  [skipped (no flow data)]
23:55:35.865 [INFO ] frame=30 state=NEAR      c=(698,385) z=302.7mm tilt=1.2° tilt_corr=True
23:55:36.897 [INFO ] Servo: err=(+60,+25)px r=65  Δ=(+5.0,+0.0,-1.0)mm  pos=(365,6,-85)  [skipped (no flow data)]
23:55:36.912 [INFO ] frame=31 state=NEAR      c=(700,385) z=- tilt=2.5° tilt_corr=True
23:55:37.755 [INFO ] Servo: err=(+61,+25)px r=66  Δ=(+5.0,+0.0,-1.0)mm  pos=(370,6,-86)  [skipped (no flow data)]
23:55:37.770 [INFO ] frame=32 state=NEAR      c=(701,385) z=- tilt=- tilt_corr=False
23:55:38.888 [INFO ] Servo: err=(+62,+20)px r=66  Δ=(+5.0,+0.0,-1.0)mm  pos=(375,6,-87)  [skipped (no flow data)]
23:55:38.904 [INFO ] frame=33 state=NEAR      c=(702,380) z=- tilt=- tilt_corr=False
23:55:39.878 [INFO ] Servo: err=(+64,+18)px r=67  Δ=(+5.0,+0.0,-1.0)mm  pos=(380,6,-88)  [skipped (no flow data)]
23:55:39.892 [INFO ] frame=34 state=NEAR      c=(704,378) z=- tilt=- tilt_corr=False
23:55:40.725 [INFO ] Servo: err=(+66,+15)px r=67  Δ=(+5.0,+0.0,-1.0)mm  pos=(385,6,-89)  [skipped (no flow data)]
23:55:40.741 [INFO ] frame=35 state=NEAR      c=(706,375) z=- tilt=- tilt_corr=False
23:55:41.619 [INFO ] Servo: err=(+67,+13)px r=69  Δ=(+5.0,+0.0,-1.0)mm  pos=(390,6,-90)  [skipped (no flow data)]
23:55:41.635 [INFO ] frame=36 state=NEAR      c=(707,373) z=- tilt=- tilt_corr=False
23:55:42.663 [INFO ] Servo: err=(+69,+10)px r=70  Δ=(+5.0,+0.0,-1.0)mm  pos=(395,6,-91)  [skipped (no flow data)]
23:55:42.678 [INFO ] frame=37 state=NEAR      c=(709,370) z=- tilt=- tilt_corr=False
23:55:43.683 [INFO ] Servo: err=(+71,+7)px r=71  Δ=(+5.0,+0.0,-1.0)mm  pos=(400,6,-92)  [skipped (no flow data)]
23:55:43.698 [INFO ] frame=38 state=NEAR      c=(711,367) z=- tilt=- tilt_corr=False
23:55:44.670 [INFO ] Servo: err=(+73,+5)px r=73  Δ=(+5.0,+0.0,-1.0)mm  pos=(405,6,-93)  [skipped (no flow data)]
23:55:44.684 [INFO ] frame=39 state=NEAR      c=(713,365) z=- tilt=- tilt_corr=False
23:55:45.588 [INFO ] Servo: err=(+75,+2)px r=75  Δ=(+5.0,+0.0,-1.0)mm  pos=(410,6,-94)  [skipped (no flow data)]
23:55:45.603 [INFO ] frame=40 state=NEAR      c=(715,362) z=- tilt=- tilt_corr=False
23:55:46.530 [INFO ] Servo: err=(+77,-1)px r=77  Δ=(+5.0,+0.0,-1.0)mm  pos=(415,6,-95)  [skipped (no flow data)]
23:55:46.545 [INFO ] frame=41 state=NEAR      c=(717,359) z=- tilt=- tilt_corr=False
23:55:47.550 [INFO ] Servo: err=(+79,-5)px r=79  Δ=(+5.0,+0.0,-1.0)mm  pos=(420,6,-96)  [skipped (no flow data)]
23:55:47.568 [INFO ] frame=42 state=NEAR      c=(719,355) z=- tilt=- tilt_corr=False
23:55:48.640 [INFO ] Servo: err=(+81,-8)px r=82  Δ=(+5.0,+0.0,-1.0)mm  pos=(425,6,-97)  [skipped (no flow data)]
23:55:48.656 [INFO ] frame=43 state=NEAR      c=(721,352) z=- tilt=- tilt_corr=False
23:55:49.608 [INFO ] Servo: err=(+84,-11)px r=85  Δ=(+5.0,+0.0,-1.0)mm  pos=(430,6,-98)  [skipped (no flow data)]
23:55:49.623 [INFO ] frame=44 state=NEAR      c=(724,349) z=- tilt=- tilt_corr=False
23:55:50.713 [INFO ] Servo: err=(+87,-15)px r=89  Δ=(+5.0,+0.0,-1.0)mm  pos=(435,6,-99)  [skipped (no flow data)]
23:55:50.732 [INFO ] frame=45 state=NEAR      c=(727,345) z=- tilt=- tilt_corr=False
23:55:51.776 [INFO ] Servo: err=(+90,-20)px r=93  Δ=(+5.0,+0.0,-1.0)mm  pos=(440,6,-100)  [skipped (no flow data)]
23:55:51.793 [INFO ] frame=46 state=NEAR      c=(730,340) z=- tilt=- tilt_corr=False
23:55:52.715 [INFO ] Servo: err=(+93,-24)px r=96  Δ=(+5.0,+0.0,-1.0)mm  pos=(445,6,-101)  [skipped (no flow data)]
23:55:52.737 [INFO ] frame=47 state=NEAR      c=(733,336) z=- tilt=- tilt_corr=False
23:55:53.946 [INFO ] Servo: err=(+97,-28)px r=101  Δ=(+5.0,+0.0,-1.0)mm  pos=(450,6,-102)  [skipped (no flow data)]
23:55:53.963 [INFO ] frame=48 state=NEAR      c=(737,332) z=- tilt=- tilt_corr=False
23:55:54.929 [INFO ] Servo: err=(+100,-32)px r=105  Δ=(+5.0,+0.0,-1.0)mm  pos=(455,6,-103)  [skipped (no flow data)]
23:55:54.945 [INFO ] frame=49 state=NEAR      c=(740,328) z=- tilt=- tilt_corr=False
23:55:56.450 [INFO ] Servo: err=(+103,-37)px r=110  Δ=(+5.0,+0.0,-1.0)mm  pos=(460,6,-104)  [skipped (no flow data)]
23:55:56.468 [INFO ] frame=50 state=NEAR      c=(743,323) z=1176.4mm tilt=14.0° tilt_corr=True
23:55:58.089 [INFO ] Servo: err=(+106,-37)px r=112  Δ=(+5.0,+0.0,-1.0)mm  pos=(465,6,-105)  [skipped (no flow data)]
23:55:58.104 [INFO ] frame=51 state=NEAR      c=(746,323) z=1208.6mm tilt=22.4° tilt_corr=True
23:55:59.718 [INFO ] Servo: err=(+108,-50)px r=119  Δ=(+5.0,+0.0,-1.0)mm  pos=(470,6,-106)  [skipped (no flow data)]
23:55:59.733 [INFO ] frame=52 state=NEAR      c=(748,310) z=1025.9mm tilt=47.4° tilt_corr=True
23:56:01.259 [INFO ] Servo: err=(+111,-48)px r=121  Δ=(+5.0,+0.0,-1.0)mm  pos=(475,6,-107)  [skipped (no flow data)]
23:56:01.274 [INFO ] frame=53 state=NEAR      c=(751,312) z=985.4mm tilt=47.6° tilt_corr=True
23:56:02.749 [INFO ] Servo: err=(+115,-54)px r=127  Δ=(+5.0,+0.0,-1.0)mm  pos=(480,6,-108)  [skipped (no flow data)]
23:56:02.763 [INFO ] frame=54 state=NEAR      c=(755,306) z=938.5mm tilt=68.9° tilt_corr=True
23:56:04.494 [INFO ] Servo: err=(+119,-60)px r=133  Δ=(+5.0,+0.0,-1.0)mm  pos=(485,6,-109)  [skipped (no flow data)]
23:56:04.509 [INFO ] frame=55 state=NEAR      c=(759,300) z=919.7mm tilt=11.3° tilt_corr=True
23:56:05.888 [INFO ] Servo: err=(+124,-66)px r=141  Δ=(+5.0,+0.0,-1.0)mm  pos=(490,6,-110)  [skipped (no flow data)]
23:56:05.903 [INFO ] frame=56 state=NEAR      c=(764,294) z=1029.9mm tilt=26.0° tilt_corr=True
23:56:07.544 [INFO ] Servo: err=(+128,-71)px r=147  Δ=(+5.0,+0.0,-1.0)mm  pos=(495,6,-111)  [skipped (no flow data)]
23:56:07.559 [INFO ] frame=57 state=NEAR      c=(768,289) z=868.7mm tilt=15.9° tilt_corr=True
23:56:09.220 [INFO ] Servo: err=(+130,-78)px r=151  Δ=(+5.0,+0.0,-1.0)mm  pos=(500,6,-112)  [skipped (no flow data)]
23:56:09.236 [INFO ] frame=58 state=NEAR      c=(770,282) z=899.7mm tilt=11.6° tilt_corr=True
23:56:09.736 [WARNING] Servo paused — watchdog alarm active.
23:56:09.754 [INFO ] frame=59 state=NEAR      c=(778,273) z=863.9mm tilt=63.8° tilt_corr=True
23:56:10.045 [WARNING] Servo paused — watchdog alarm active.
23:56:10.059 [INFO ] frame=60 state=NEAR      c=(778,268) z=735.1mm tilt=83.6° tilt_corr=True
23:56:10.368 [WARNING] Servo paused — watchdog alarm active.
23:56:10.384 [INFO ] frame=61 state=NEAR      c=(770,276) z=812.4mm tilt=67.5° tilt_corr=True
23:56:10.713 [WARNING] Servo paused — watchdog alarm active.
23:56:10.731 [INFO ] frame=62 state=NEAR      c=(755,295) z=- tilt=46.5° tilt_corr=True
23:56:14.086 [INFO ] Servo: err=(+100,-44)px r=110  Δ=(+5.0,+0.0,-1.0)mm  pos=(505,6,-113)  [skipped (no flow data)]
23:56:14.101 [INFO ] frame=63 state=NEAR      c=(740,316) z=1076.3mm tilt=70.1° tilt_corr=True
23:56:15.209 [INFO ] Servo: err=(+82,-13)px r=83  Δ=(+5.0,+0.0,-1.0)mm  pos=(510,6,-114)  [skipped (no flow data)]
23:56:15.224 [INFO ] frame=64 state=TERMINAL  c=(722,347) z=1020.5mm tilt=31.9° tilt_corr=False
23:56:15.237 [WARNING] Servo: centroid jump 83 px - ignored
23:56:15.252 [INFO ] frame=65 state=TERMINAL  c=(640,360) z=- tilt=81.1° tilt_corr=False
23:56:15.277 [INFO ] frame=66 state=TERMINAL  c=- z=- tilt=- tilt_corr=False
23:56:15.289 [WARNING] Servo: centroid jump 83 px - ignored
23:56:15.301 [INFO ] frame=67 state=TERMINAL  c=(640,360) z=- tilt=78.6° tilt_corr=False
23:56:15.312 [WARNING] Servo: centroid jump 83 px - ignored
23:56:15.325 [INFO ] frame=68 state=TERMINAL  c=(640,360) z=- tilt=89.1° tilt_corr=False
23:56:15.341 [WARNING] Servo: centroid jump 83 px - ignored
23:56:15.353 [INFO ] frame=69 state=TERMINAL  c=(640,360) z=- tilt=80.6° tilt_corr=False
23:56:15.374 [WARNING] Servo: centroid jump 83 px - ignored
23:56:15.386 [INFO ] frame=70 state=TERMINAL  c=(640,360) z=- tilt=84.7° tilt_corr=False
23:56:15.415 [WARNING] Servo: centroid jump 83 px - ignored
23:56:15.429 [INFO ] frame=71 state=TERMINAL  c=(640,360) z=- tilt=75.0° tilt_corr=False
23:56:15.441 [WARNING] Servo: centroid jump 83 px - ignored
23:56:15.454 [INFO ] frame=72 state=TERMINAL  c=(640,360) z=- tilt=75.5° tilt_corr=False
23:56:15.475 [WARNING] Servo: centroid jump 83 px - ignored
23:56:15.488 [INFO ] frame=73 state=TERMINAL  c=(640,360) z=- tilt=77.4° tilt_corr=False
23:56:15.507 [WARNING] Servo: centroid jump 83 px - ignored
23:56:15.519 [INFO ] frame=74 state=TERMINAL  c=(640,360) z=- tilt=84.0° tilt_corr=False
23:56:15.541 [WARNING] Servo: centroid jump 83 px - ignored
23:56:15.553 [INFO ] frame=75 state=TERMINAL  c=(640,360) z=- tilt=76.3° tilt_corr=False
23:56:15.573 [WARNING] Servo: centroid jump 83 px - ignored
23:56:15.585 [INFO ] frame=76 state=TERMINAL  c=(640,360) z=- tilt=88.8° tilt_corr=False
23:56:15.612 [WARNING] Servo: centroid jump 83 px - ignored
23:56:15.623 [INFO ] frame=77 state=TERMINAL  c=(640,360) z=- tilt=77.5° tilt_corr=False
23:56:15.642 [WARNING] Servo: centroid jump 83 px - ignored
23:56:15.654 [INFO ] frame=78 state=TERMINAL  c=(640,360) z=- tilt=83.6° tilt_corr=False
23:56:15.675 [WARNING] Servo: centroid jump 83 px - ignored
23:56:15.688 [INFO ] frame=79 state=TERMINAL  c=(640,360) z=- tilt=71.5° tilt_corr=False
23:56:16.213 [INFO ] Servo: err=(+0,+0)px r=0  Δ=(+5.0,+0.0,-1.0)mm  pos=(515,6,-115)  [skipped (no flow data)]
23:56:16.224 [INFO ] frame=80 state=TERMINAL  c=(640,360) z=- tilt=65.9° tilt_corr=False
23:56:16.741 [INFO ] Servo: err=(+0,+0)px r=0  Δ=(+5.0,+0.0,-1.0)mm  pos=(520,6,-116)  [skipped (no flow data)]
23:56:16.756 [INFO ] frame=81 state=TERMINAL  c=(640,360) z=- tilt=73.1° tilt_corr=False
23:56:17.273 [INFO ] Servo: err=(+0,+0)px r=0  Δ=(+5.0,+0.0,-1.0)mm  pos=(525,6,-117)  [skipped (no flow data)]
23:56:17.287 [INFO ] frame=82 state=TERMINAL  c=(640,360) z=- tilt=18.3° tilt_corr=False
23:56:17.805 [INFO ] Servo: err=(+0,+0)px r=0  Δ=(+5.0,+0.0,-1.0)mm  pos=(530,6,-118)  [skipped (no flow data)]
23:56:17.820 [INFO ] frame=83 state=TERMINAL  c=(640,360) z=- tilt=80.2° tilt_corr=False
23:56:18.338 [INFO ] Servo: err=(+0,+0)px r=0  Δ=(+5.0,+0.0,-1.0)mm  pos=(535,6,-119)  [skipped (no flow data)]
23:56:18.352 [INFO ] frame=84 state=TERMINAL  c=(640,360) z=- tilt=28.5° tilt_corr=False
23:56:18.878 [INFO ] Servo: err=(+0,+0)px r=0  Δ=(+5.0,+0.0,-1.0)mm  pos=(540,6,-120)  [skipped (no flow data)]
23:56:18.892 [INFO ] frame=85 state=TERMINAL  c=(640,360) z=- tilt=42.8° tilt_corr=False
23:56:19.419 [INFO ] Servo: err=(+0,+0)px r=0  Δ=(+5.0,+0.0,-1.0)mm  pos=(545,6,-121)  [skipped (no flow data)]
23:56:19.435 [INFO ] frame=86 state=TERMINAL  c=(640,360) z=- tilt=16.4° tilt_corr=False
23:56:19.962 [INFO ] Servo: err=(+0,+0)px r=0  Δ=(+5.0,+0.0,-1.0)mm  pos=(550,6,-122)  [skipped (no flow data)]
23:56:19.977 [INFO ] frame=87 state=TERMINAL  c=(640,360) z=- tilt=49.0° tilt_corr=False
23:56:20.502 [INFO ] Servo: err=(+0,+0)px r=0  Δ=(+5.0,+0.0,-1.0)mm  pos=(555,6,-123)  [skipped (no flow data)]
23:56:20.516 [INFO ] frame=88 state=TERMINAL  c=(640,360) z=- tilt=19.2° tilt_corr=False
23:56:21.039 [INFO ] Servo: err=(+0,+0)px r=0  Δ=(+5.0,+0.0,-1.0)mm  pos=(560,6,-124)  [skipped (no flow data)]
23:56:21.055 [INFO ] frame=89 state=TERMINAL  c=(640,360) z=- tilt=24.6° tilt_corr=False
23:56:21.573 [INFO ] Servo: err=(+0,+0)px r=0  Δ=(+5.0,+0.0,-1.0)mm  pos=(565,6,-125)  [skipped (no flow data)]
23:56:21.589 [INFO ] frame=90 state=TERMINAL  c=(640,360) z=- tilt=26.0° tilt_corr=False
23:56:22.113 [INFO ] Servo: err=(+0,+0)px r=0  Δ=(+5.0,+0.0,-1.0)mm  pos=(570,6,-126)  [skipped (no flow data)]
23:56:22.127 [INFO ] frame=91 state=TERMINAL  c=(640,360) z=- tilt=40.3° tilt_corr=False
23:56:22.645 [INFO ] Servo: err=(+0,+0)px r=0  Δ=(+5.0,+0.0,-1.0)mm  pos=(575,6,-127)  [skipped (no flow data)]
23:56:22.660 [INFO ] frame=92 state=TERMINAL  c=(640,360) z=- tilt=23.2° tilt_corr=False
23:56:23.179 [INFO ] Servo: err=(+0,+0)px r=0  Δ=(+5.0,+0.0,-1.0)mm  pos=(580,6,-128)  [skipped (no flow data)]
23:56:23.194 [INFO ] frame=93 state=TERMINAL  c=(640,360) z=- tilt=34.4° tilt_corr=False
23:56:23.712 [INFO ] Servo: err=(+0,+0)px r=0  Δ=(+5.0,+0.0,-1.0)mm  pos=(585,6,-129)  [skipped (no flow data)]
23:56:23.727 [INFO ] frame=94 state=TERMINAL  c=(640,360) z=- tilt=32.0° tilt_corr=False
23:56:24.245 [INFO ] Servo: err=(+0,+0)px r=0  Δ=(+5.0,+0.0,-1.0)mm  pos=(590,6,-130)  [skipped (no flow data)]
23:56:24.259 [INFO ] frame=95 state=TERMINAL  c=(640,360) z=- tilt=41.4° tilt_corr=False
23:56:24.777 [INFO ] Servo: err=(+0,+0)px r=0  Δ=(+5.0,+0.0,-1.0)mm  pos=(595,6,-131)  [skipped (no flow data)]
23:56:24.790 [INFO ] frame=96 state=TERMINAL  c=(640,360) z=- tilt=31.6° tilt_corr=False
23:56:25.319 [INFO ] Servo: err=(+0,+0)px r=0  Δ=(+5.0,+0.0,-1.0)mm  pos=(600,6,-132)  [skipped (no flow data)]
23:56:25.335 [INFO ] frame=97 state=TERMINAL  c=(640,360) z=- tilt=33.3° tilt_corr=False
23:56:25.856 [INFO ] Servo: err=(+0,+0)px r=0  Δ=(+5.0,+0.0,-1.0)mm  pos=(605,6,-133)  [skipped (no flow data)]
23:56:25.871 [INFO ] frame=98 state=TERMINAL  c=(640,360) z=- tilt=18.2° tilt_corr=False
23:56:26.390 [INFO ] Servo: err=(+0,+0)px r=0  Δ=(+5.0,+0.0,-1.0)mm  pos=(610,6,-134)  [skipped (no flow data)]
23:56:26.405 [INFO ] frame=99 state=TERMINAL  c=(640,360) z=- tilt=23.0° tilt_corr=False
23:56:26.923 [INFO ] Servo: err=(+0,+0)px r=0  Δ=(+5.0,+0.0,-1.0)mm  pos=(615,6,-135)  [skipped (no flow data)]
23:56:26.940 [INFO ] frame=100 state=TERMINAL  c=(640,360) z=- tilt=62.0° tilt_corr=False
23:56:27.469 [INFO ] Servo: err=(+0,+0)px r=0  Δ=(+5.0,+0.0,-1.0)mm  pos=(620,6,-136)  [skipped (no flow data)]
23:56:27.484 [INFO ] frame=101 state=TERMINAL  c=(640,360) z=- tilt=38.3° tilt_corr=False
23:56:28.003 [INFO ] Servo: err=(+0,+0)px r=0  Δ=(+5.0,+0.0,-1.0)mm  pos=(625,6,-137)  [skipped (no flow data)]
23:56:28.018 [INFO ] frame=102 state=TERMINAL  c=(640,360) z=- tilt=8.8° tilt_corr=False
23:56:28.535 [INFO ] Servo: err=(+0,+0)px r=0  Δ=(+5.0,+0.0,-1.0)mm  pos=(630,6,-138)  [skipped (no flow data)]
23:56:28.550 [INFO ] frame=103 state=TERMINAL  c=(640,360) z=- tilt=10.5° tilt_corr=False
23:56:29.076 [INFO ] Servo: err=(+0,+0)px r=0  Δ=(+5.0,+0.0,-1.0)mm  pos=(635,6,-139)  [skipped (no flow data)]
23:56:29.090 [INFO ] frame=104 state=TERMINAL  c=(640,360) z=- tilt=8.8° tilt_corr=False
23:56:29.608 [INFO ] Servo: err=(+0,+0)px r=0  Δ=(+5.0,+0.0,-1.0)mm  pos=(640,6,-140)  [skipped (no flow data)]
23:56:29.624 [INFO ] frame=105 state=TERMINAL  c=(640,360) z=- tilt=13.5° tilt_corr=False
23:56:29.648 [INFO ] frame=106 state=TERMINAL  c=- z=- tilt=- tilt_corr=False
23:56:29.719 [INFO ] frame=107 state=TERMINAL  c=- z=- tilt=- tilt_corr=False
23:56:29.753 [INFO ] frame=108 state=TERMINAL  c=- z=- tilt=- tilt_corr=False
23:56:29.784 [INFO ] frame=109 state=TERMINAL  c=- z=- tilt=- tilt_corr=False
23:56:29.824 [INFO ] frame=110 state=TERMINAL  c=- z=- tilt=- tilt_corr=False
23:56:29.851 [INFO ] frame=111 state=TERMINAL  c=- z=- tilt=- tilt_corr=False
23:56:29.887 [INFO ] frame=112 state=TERMINAL  c=- z=- tilt=- tilt_corr=False
23:56:29.918 [INFO ] frame=113 state=TERMINAL  c=- z=- tilt=- tilt_corr=False
23:56:29.951 [INFO ] frame=114 state=TERMINAL  c=- z=- tilt=- tilt_corr=False
23:56:29.982 [INFO ] frame=115 state=TERMINAL  c=- z=- tilt=- tilt_corr=False
23:56:30.018 [INFO ] frame=116 state=TERMINAL  c=- z=- tilt=- tilt_corr=False
23:56:30.050 [INFO ] frame=117 state=TERMINAL  c=- z=- tilt=- tilt_corr=False
23:56:30.090 [INFO ] frame=118 state=TERMINAL  c=- z=- tilt=- tilt_corr=False
23:56:30.123 [INFO ] frame=119 state=TERMINAL  c=- z=- tilt=- tilt_corr=False
23:56:30.151 [INFO ] frame=120 state=TERMINAL  c=- z=- tilt=- tilt_corr=False
23:56:30.184 [INFO ] frame=121 state=TERMINAL  c=- z=- tilt=- tilt_corr=False
23:56:30.219 [INFO ] frame=122 state=TERMINAL  c=- z=- tilt=- tilt_corr=False
23:56:30.252 [INFO ] frame=123 state=TERMINAL  c=- z=- tilt=- tilt_corr=False
23:56:30.284 [INFO ] frame=124 state=TERMINAL  c=- z=- tilt=- tilt_corr=False
23:56:30.317 [INFO ] frame=125 state=TERMINAL  c=- z=- tilt=- tilt_corr=False
23:56:30.356 [INFO ] frame=126 state=TERMINAL  c=- z=- tilt=- tilt_corr=False
23:56:30.397 [INFO ] frame=127 state=TERMINAL  c=- z=- tilt=- tilt_corr=False
23:56:30.426 [INFO ] frame=128 state=TERMINAL  c=- z=- tilt=- tilt_corr=False
23:56:30.457 [INFO ] frame=129 state=TERMINAL  c=- z=- tilt=- tilt_corr=False
23:56:30.495 [INFO ] frame=130 state=TERMINAL  c=- z=- tilt=- tilt_corr=False
23:56:30.527 [INFO ] frame=131 state=TERMINAL  c=- z=- tilt=- tilt_corr=False
23:56:30.558 [INFO ] frame=132 state=TERMINAL  c=- z=- tilt=- tilt_corr=False
23:56:30.591 [INFO ] frame=133 state=TERMINAL  c=- z=- tilt=- tilt_corr=False
23:56:30.620 [INFO ] frame=134 state=TERMINAL  c=- z=- tilt=- tilt_corr=False
23:56:30.652 [INFO ] frame=135 state=TERMINAL  c=- z=- tilt=- tilt_corr=False
23:56:30.689 [INFO ] frame=136 state=TERMINAL  c=- z=- tilt=- tilt_corr=False
23:56:30.722 [INFO ] frame=137 state=TERMINAL  c=- z=- tilt=- tilt_corr=False
23:56:30.762 [INFO ] frame=138 state=TERMINAL  c=- z=- tilt=- tilt_corr=False
23:56:30.792 [INFO ] frame=139 state=TERMINAL  c=- z=- tilt=- tilt_corr=False
23:56:30.823 [INFO ] frame=140 state=TERMINAL  c=- z=- tilt=- tilt_corr=False
23:56:30.856 [INFO ] frame=141 state=TERMINAL  c=- z=- tilt=- tilt_corr=False
23:56:30.889 [INFO ] frame=142 state=TERMINAL  c=- z=- tilt=- tilt_corr=False
23:56:30.922 [INFO ] frame=143 state=TERMINAL  c=- z=- tilt=- tilt_corr=False
23:56:30.955 [INFO ] frame=144 state=TERMINAL  c=- z=- tilt=- tilt_corr=False
23:56:30.989 [INFO ] frame=145 state=TERMINAL  c=- z=- tilt=- tilt_corr=False
23:56:31.022 [INFO ] frame=146 state=TERMINAL  c=- z=- tilt=- tilt_corr=False
23:56:31.059 [INFO ] frame=147 state=TERMINAL  c=- z=- tilt=- tilt_corr=False
23:56:31.093 [INFO ] frame=148 state=TERMINAL  c=- z=- tilt=- tilt_corr=False
23:56:31.120 [INFO ] frame=149 state=TERMINAL  c=- z=- tilt=- tilt_corr=False
23:56:31.150 [INFO ] frame=150 state=TERMINAL  c=- z=- tilt=- tilt_corr=False
23:56:31.187 [INFO ] frame=151 state=TERMINAL  c=- z=- tilt=- tilt_corr=False
23:56:31.217 [INFO ] frame=152 state=TERMINAL  c=- z=- tilt=- tilt_corr=False
23:56:31.249 [INFO ] frame=153 state=TERMINAL  c=- z=- tilt=- tilt_corr=False
23:56:31.283 [INFO ] frame=154 state=TERMINAL  c=- z=- tilt=- tilt_corr=False
23:56:31.317 [INFO ] frame=155 state=TERMINAL  c=- z=- tilt=- tilt_corr=False
23:56:31.350 [INFO ] frame=156 state=TERMINAL  c=- z=- tilt=- tilt_corr=False
23:56:31.390 [INFO ] frame=157 state=TERMINAL  c=- z=- tilt=- tilt_corr=False
23:56:31.418 [INFO ] frame=158 state=TERMINAL  c=- z=- tilt=- tilt_corr=False
23:56:31.453 [INFO ] frame=159 state=TERMINAL  c=- z=- tilt=- tilt_corr=False
23:56:31.485 [INFO ] frame=160 state=TERMINAL  c=- z=- tilt=- tilt_corr=False
23:56:31.517 [INFO ] frame=161 state=TERMINAL  c=- z=- tilt=- tilt_corr=False
23:56:31.550 [INFO ] frame=162 state=TERMINAL  c=- z=- tilt=- tilt_corr=False
23:56:31.584 [INFO ] frame=163 state=TERMINAL  c=- z=- tilt=- tilt_corr=False
23:56:31.617 [INFO ] frame=164 state=TERMINAL  c=- z=- tilt=- tilt_corr=False
23:56:31.652 [INFO ] frame=165 state=TERMINAL  c=- z=- tilt=- tilt_corr=False
23:56:31.690 [INFO ] frame=166 state=TERMINAL  c=- z=- tilt=- tilt_corr=False
23:56:31.726 [INFO ] frame=167 state=TERMINAL  c=- z=- tilt=- tilt_corr=False
23:56:31.764 [INFO ] frame=168 state=TERMINAL  c=- z=- tilt=- tilt_corr=False
23:56:31.786 [INFO ] frame=169 state=TERMINAL  c=- z=- tilt=- tilt_corr=False
23:56:31.818 [INFO ] frame=170 state=TERMINAL  c=- z=- tilt=- tilt_corr=False
23:56:31.853 [INFO ] frame=171 state=TERMINAL  c=- z=- tilt=- tilt_corr=False
23:56:31.884 [INFO ] frame=172 state=TERMINAL  c=- z=- tilt=- tilt_corr=False
23:56:31.918 [INFO ] frame=173 state=TERMINAL  c=- z=- tilt=- tilt_corr=False
23:56:31.951 [INFO ] frame=174 state=TERMINAL  c=- z=- tilt=- tilt_corr=False
23:56:31.986 [INFO ] frame=175 state=TERMINAL  c=- z=- tilt=- tilt_corr=False
23:56:32.018 [INFO ] frame=176 state=TERMINAL  c=- z=- tilt=- tilt_corr=False
23:56:32.050 [INFO ] frame=177 state=TERMINAL  c=- z=- tilt=- tilt_corr=False
23:56:32.083 [INFO ] frame=178 state=TERMINAL  c=- z=- tilt=- tilt_corr=False
23:56:32.116 [INFO ] frame=179 state=TERMINAL  c=- z=- tilt=- tilt_corr=False
23:56:32.160 [INFO ] frame=180 state=TERMINAL  c=- z=- tilt=- tilt_corr=False
23:56:32.189 [INFO ] frame=181 state=TERMINAL  c=- z=- tilt=- tilt_corr=False
23:56:32.221 [INFO ] frame=182 state=TERMINAL  c=- z=- tilt=- tilt_corr=False
23:56:32.252 [INFO ] frame=183 state=TERMINAL  c=- z=- tilt=- tilt_corr=False
23:56:32.284 [INFO ] frame=184 state=TERMINAL  c=- z=- tilt=- tilt_corr=False
23:56:32.321 [INFO ] frame=185 state=TERMINAL  c=- z=- tilt=- tilt_corr=False
23:56:32.351 [INFO ] frame=186 state=TERMINAL  c=- z=- tilt=- tilt_corr=False
23:56:32.384 [INFO ] frame=187 state=TERMINAL  c=- z=- tilt=- tilt_corr=False
23:56:32.417 [INFO ] frame=188 state=TERMINAL  c=- z=- tilt=- tilt_corr=False
23:56:32.460 [INFO ] frame=189 state=TERMINAL  c=- z=- tilt=- tilt_corr=False
23:56:32.493 [INFO ] frame=190 state=TERMINAL  c=- z=- tilt=- tilt_corr=False
23:56:32.521 [INFO ] frame=191 state=TERMINAL  c=- z=- tilt=- tilt_corr=False
23:56:32.549 [INFO ] frame=192 state=TERMINAL  c=- z=- tilt=- tilt_corr=False
23:56:32.585 [INFO ] frame=193 state=TERMINAL  c=- z=- tilt=- tilt_corr=False
23:56:32.619 [INFO ] frame=194 state=TERMINAL  c=- z=- tilt=- tilt_corr=False
23:56:32.654 [INFO ] frame=195 state=TERMINAL  c=- z=- tilt=- tilt_corr=False
23:56:32.684 [INFO ] frame=196 state=TERMINAL  c=- z=- tilt=- tilt_corr=False
23:56:32.718 [INFO ] frame=197 state=TERMINAL  c=- z=- tilt=- tilt_corr=False
23:56:32.750 [INFO ] frame=198 state=TERMINAL  c=- z=- tilt=- tilt_corr=False
23:56:32.783 [INFO ] frame=199 state=TERMINAL  c=- z=- tilt=- tilt_corr=False
23:56:32.815 [INFO ] frame=200 state=TERMINAL  c=- z=- tilt=- tilt_corr=False
23:56:32.850 [INFO ] frame=201 state=TERMINAL  c=- z=- tilt=- tilt_corr=False
23:56:32.882 [INFO ] frame=202 state=TERMINAL  c=- z=- tilt=- tilt_corr=False
23:56:32.916 [INFO ] frame=203 state=TERMINAL  c=- z=- tilt=- tilt_corr=False
23:56:32.955 [INFO ] frame=204 state=TERMINAL  c=- z=- tilt=- tilt_corr=False
23:56:32.986 [INFO ] frame=205 state=TERMINAL  c=- z=- tilt=- tilt_corr=False
23:56:33.016 [INFO ] frame=206 state=TERMINAL  c=- z=- tilt=- tilt_corr=False
23:56:33.049 [INFO ] frame=207 state=TERMINAL  c=- z=- tilt=- tilt_corr=False
23:56:33.083 [INFO ] frame=208 state=TERMINAL  c=- z=- tilt=- tilt_corr=False
23:56:33.117 [INFO ] frame=209 state=TERMINAL  c=- z=- tilt=- tilt_corr=False
23:56:33.154 [INFO ] frame=210 state=TERMINAL  c=- z=- tilt=- tilt_corr=False
23:56:33.183 [INFO ] frame=211 state=TERMINAL  c=- z=- tilt=- tilt_corr=False
23:56:33.218 [INFO ] frame=212 state=TERMINAL  c=- z=- tilt=- tilt_corr=False
23:56:33.250 [INFO ] frame=213 state=TERMINAL  c=- z=- tilt=- tilt_corr=False
23:56:33.284 [INFO ] frame=214 state=TERMINAL  c=- z=- tilt=- tilt_corr=False
23:56:33.321 [INFO ] frame=215 state=TERMINAL  c=- z=- tilt=- tilt_corr=False
23:56:33.362 [INFO ] frame=216 state=TERMINAL  c=- z=- tilt=- tilt_corr=False
23:56:33.400 [INFO ] frame=217 state=TERMINAL  c=- z=- tilt=- tilt_corr=False
23:56:33.420 [INFO ] frame=218 state=TERMINAL  c=- z=- tilt=- tilt_corr=False
23:56:33.450 [INFO ] frame=219 state=TERMINAL  c=- z=- tilt=- tilt_corr=False
23:56:33.484 [INFO ] frame=220 state=TERMINAL  c=- z=- tilt=- tilt_corr=False
23:56:33.518 [INFO ] frame=221 state=TERMINAL  c=- z=- tilt=- tilt_corr=False
23:56:33.551 [INFO ] frame=222 state=TERMINAL  c=- z=- tilt=- tilt_corr=False
23:56:33.586 [INFO ] frame=223 state=TERMINAL  c=- z=- tilt=- tilt_corr=False
23:56:33.622 [INFO ] frame=224 state=TERMINAL  c=- z=- tilt=- tilt_corr=False
23:56:33.659 [INFO ] frame=225 state=TERMINAL  c=- z=- tilt=- tilt_corr=False
23:56:33.689 [INFO ] frame=226 state=TERMINAL  c=- z=- tilt=- tilt_corr=False
23:56:33.722 [INFO ] frame=227 state=TERMINAL  c=- z=- tilt=- tilt_corr=False
23:56:33.751 [INFO ] frame=228 state=TERMINAL  c=- z=- tilt=- tilt_corr=False
23:56:33.785 [INFO ] frame=229 state=TERMINAL  c=- z=- tilt=- tilt_corr=False
23:56:33.818 [INFO ] frame=230 state=TERMINAL  c=- z=- tilt=- tilt_corr=False
23:56:33.851 [INFO ] frame=231 state=TERMINAL  c=- z=- tilt=- tilt_corr=False
23:56:33.888 [INFO ] frame=232 state=TERMINAL  c=- z=- tilt=- tilt_corr=False
23:56:33.920 [INFO ] frame=233 state=TERMINAL  c=- z=- tilt=- tilt_corr=False
23:56:33.950 [INFO ] frame=234 state=TERMINAL  c=- z=- tilt=- tilt_corr=False
23:56:33.987 [INFO ] frame=235 state=TERMINAL  c=- z=- tilt=- tilt_corr=False
23:56:34.021 [INFO ] frame=236 state=TERMINAL  c=- z=- tilt=- tilt_corr=False
23:56:34.051 [INFO ] frame=237 state=TERMINAL  c=- z=- tilt=- tilt_corr=False
23:56:34.082 [INFO ] frame=238 state=TERMINAL  c=- z=- tilt=- tilt_corr=False
23:56:34.115 [INFO ] frame=239 state=TERMINAL  c=- z=- tilt=- tilt_corr=False
23:56:34.647 [INFO ] Servo: err=(+0,+0)px r=0  Δ=(+5.0,+0.0,-1.0)mm  pos=(645,6,-141)  [skipped (no flow data)]
23:56:34.658 [INFO ] frame=240 state=TERMINAL  c=(640,360) z=- tilt=80.7° tilt_corr=False
23:56:34.682 [INFO ] frame=241 state=TERMINAL  c=- z=- tilt=- tilt_corr=False
23:56:34.704 [INFO ] frame=242 state=TERMINAL  c=- z=- tilt=- tilt_corr=False
23:56:34.726 [INFO ] frame=243 state=TERMINAL  c=- z=- tilt=- tilt_corr=False
23:56:34.752 [INFO ] frame=244 state=TERMINAL  c=- z=- tilt=- tilt_corr=False
23:56:34.790 [INFO ] frame=245 state=TERMINAL  c=- z=- tilt=- tilt_corr=False
23:56:34.818 [INFO ] frame=246 state=TERMINAL  c=- z=- tilt=- tilt_corr=False
23:56:34.856 [INFO ] frame=247 state=TERMINAL  c=- z=- tilt=- tilt_corr=False
23:56:34.883 [INFO ] frame=248 state=TERMINAL  c=- z=- tilt=- tilt_corr=False
23:56:34.916 [INFO ] frame=249 state=TERMINAL  c=- z=- tilt=- tilt_corr=False
23:56:35.447 [INFO ] Servo: err=(+0,+0)px r=0  Δ=(+5.0,+0.0,-1.0)mm  pos=(650,6,-142)  [skipped (no flow data)]
23:56:35.460 [INFO ] frame=250 state=TERMINAL  c=(640,360) z=- tilt=38.6° tilt_corr=False
23:56:35.985 [INFO ] Servo: err=(+0,+0)px r=0  Δ=(+5.0,+0.0,-1.0)mm  pos=(655,6,-143)  [skipped (no flow data)]
23:56:36.001 [INFO ] frame=251 state=TERMINAL  c=(640,360) z=- tilt=15.7° tilt_corr=False
23:56:36.023 [INFO ] frame=252 state=TERMINAL  c=- z=- tilt=- tilt_corr=False
23:56:36.055 [INFO ] frame=253 state=TERMINAL  c=- z=- tilt=- tilt_corr=False
23:56:36.084 [INFO ] frame=254 state=TERMINAL  c=- z=- tilt=- tilt_corr=False
23:56:36.187 [INFO ] frame=255 state=TERMINAL  c=- z=- tilt=- tilt_corr=False
23:56:36.217 [INFO ] frame=256 state=TERMINAL  c=- z=- tilt=- tilt_corr=False
23:56:36.252 [INFO ] frame=257 state=TERMINAL  c=- z=- tilt=- tilt_corr=False
23:56:36.284 [INFO ] frame=258 state=TERMINAL  c=- z=- tilt=- tilt_corr=False
23:56:36.323 [INFO ] frame=259 state=TERMINAL  c=- z=- tilt=- tilt_corr=False
23:56:36.352 [INFO ] frame=260 state=TERMINAL  c=- z=- tilt=- tilt_corr=False
23:56:36.390 [INFO ] frame=261 state=TERMINAL  c=- z=- tilt=- tilt_corr=False
23:56:36.416 [INFO ] frame=262 state=TERMINAL  c=- z=- tilt=- tilt_corr=False
23:56:36.451 [INFO ] frame=263 state=TERMINAL  c=- z=- tilt=- tilt_corr=False
23:56:36.484 [INFO ] frame=264 state=TERMINAL  c=- z=- tilt=- tilt_corr=False
23:56:36.523 [INFO ] frame=265 state=TERMINAL  c=- z=- tilt=- tilt_corr=False
23:56:37.053 [INFO ] Servo: err=(+0,+0)px r=0  Δ=(+5.0,+0.0,-1.0)mm  pos=(660,6,-144)  [skipped (no flow data)]
23:56:37.066 [INFO ] frame=266 state=TERMINAL  c=(640,360) z=- tilt=66.9° tilt_corr=False
23:56:37.597 [INFO ] Servo: err=(+0,+0)px r=0  Δ=(+5.0,+0.0,-1.0)mm  pos=(665,6,-145)  [skipped (no flow data)]
23:56:37.601 [INFO ] Quit requested via window key.
23:56:37.612 [INFO ] frame=267 state=TERMINAL  c=(640,360) z=- tilt=63.2° tilt_corr=False
23:56:39.519 [INFO ] Returning to home position [205.3, 5.6, -52.9] mm ...
23:56:49.426 [INFO ] Home position reached.
23:56:49.427 [INFO ] Robot stopped.
23:56:49.433 [INFO ] Done.
