23:26:50.365 [INFO ] Logging to /data/user/akanksha/repo/visual_servoing_for_suction_grippers/logs/servo_lastmile_20260429_232650.log
23:26:50.365 [INFO ] ======================================================================
23:26:50.365 [INFO ] servo_lastmile_v2_ext starting
23:26:50.365 [INFO ]   detector=sam3  prompt=box  ref=assets/objects/protein_bar.jpeg  hand-eye=None
23:26:50.365 [INFO ]   offline=True  debug=False  dry-run=False  no-robot=False
23:26:50.365 [INFO ] ======================================================================
23:26:50.387 [INFO ] PyZED available - will use ZED SDK for capture and SVO recording
23:26:50.397 [INFO ] Processing reference image ...
23:26:58.142 [INFO ] SAM3 loaded: facebook/sam3 on cuda
23:26:59.294 [INFO ] SAM3: 1 detection(s) for 'box'
23:26:59.295 [INFO ] Ref image: detected 'box' score=0.96 @ [118 149 540 865]
23:26:59.763 [INFO ] Feature extractor (ResNet-18) loaded
23:26:59.891 [INFO ] Ref features: 512-d vector (norm=1.000)
23:26:59.892 [WARNING] Hand-eye: no path supplied; using identity. Signal A (locked-3D projection) will be unreliable. Run a one-time calibrateHandEye to populate.
23:26:59.892 [INFO ] LastMilePipelineV2Ext: detector_name=sam3
23:27:00.530 [INFO ] SAM3: 1 detection(s) for 'box'
23:27:00.603 [DEBUG]   det conf=0.96 sim=0.915 pos=0.41 prox=0.00 -> 0.615
23:27:00.716 [INFO ] SAM3: 'box' score=0.96 @ [543 210 770 644]  (top of 1)  sim=0.915
23:27:00.716 [INFO ] SAM3: mask obtained (score=0.960, area=93714 px)
23:27:05.489 [DEBUG] Grasp point: robust centroid (656, 427)
23:27:05.934 [INFO ] SAM3: 1 detection(s) for 'box'
23:27:06.210 [DEBUG]   det conf=0.97 sim=0.919 pos=0.41 prox=1.00 -> 0.866
23:27:06.338 [INFO ] SAM3: 'box' score=0.97 @ [543 210 770 644]  (top of 1)  sim=0.919
23:27:06.338 [INFO ] SAM3: mask obtained (score=0.966, area=93619 px)
23:27:06.384 [DEBUG] Grasp point: robust centroid (656, 427)
23:27:07.067 [INFO ] SAM3: 1 detection(s) for 'box'
23:27:07.173 [DEBUG]   det conf=0.97 sim=0.928 pos=0.41 prox=1.00 -> 0.871
23:27:07.274 [INFO ] SAM3: 'box' score=0.97 @ [543 210 771 644]  (top of 1)  sim=0.928
23:27:07.275 [INFO ] SAM3: mask obtained (score=0.968, area=93571 px)
23:27:07.315 [DEBUG] Grasp point: robust centroid (657, 427)
23:27:07.915 [INFO ] SAM3: 1 detection(s) for 'box'
23:27:08.131 [DEBUG]   det conf=0.97 sim=0.931 pos=0.41 prox=0.87 -> 0.842
23:27:08.355 [INFO ] SAM3: 'box' score=0.97 @ [583 207 812 641]  (top of 1)  sim=0.931
23:27:08.356 [INFO ] SAM3: mask obtained (score=0.968, area=93364 px)
23:27:08.403 [DEBUG] Grasp point: robust centroid (698, 424)
23:27:08.920 [INFO ] SAM3: 1 detection(s) for 'box'
23:27:09.002 [DEBUG]   det conf=0.97 sim=0.926 pos=0.41 prox=0.97 -> 0.864
23:27:09.043 [INFO ] SAM3: 'box' score=0.97 @ [574 208 801 642]  (top of 1)  sim=0.926
23:27:09.044 [INFO ] SAM3: mask obtained (score=0.973, area=93285 px)
23:27:09.088 [DEBUG] Grasp point: robust centroid (688, 425)
23:27:09.611 [INFO ] SAM3: 1 detection(s) for 'box'
23:27:09.655 [DEBUG]   det conf=0.97 sim=0.925 pos=0.41 prox=0.93 -> 0.853
23:27:09.724 [INFO ] SAM3: 'box' score=0.97 @ [551 209 778 644]  (top of 1)  sim=0.925
23:27:09.725 [INFO ] SAM3: mask obtained (score=0.974, area=93663 px)
23:27:09.779 [DEBUG] Grasp point: robust centroid (665, 427)
23:27:10.499 [INFO ] SAM3: 1 detection(s) for 'box'
23:27:10.644 [DEBUG]   det conf=0.97 sim=0.926 pos=0.41 prox=0.98 -> 0.865
23:27:10.838 [INFO ] SAM3: 'box' score=0.97 @ [542 210 771 644]  (top of 1)  sim=0.926
23:27:10.838 [INFO ] SAM3: mask obtained (score=0.973, area=93613 px)
23:27:10.881 [DEBUG] Grasp point: robust centroid (656, 427)
23:27:11.472 [INFO ] SAM3: 1 detection(s) for 'box'
23:27:11.532 [DEBUG]   det conf=0.97 sim=0.924 pos=0.41 prox=1.00 -> 0.869
23:27:11.640 [INFO ] SAM3: 'box' score=0.97 @ [542 210 770 644]  (top of 1)  sim=0.924
23:27:11.640 [INFO ] SAM3: mask obtained (score=0.973, area=93645 px)
23:27:11.694 [DEBUG] Grasp point: robust centroid (656, 427)
23:27:12.435 [INFO ] SAM3: 1 detection(s) for 'box'
23:27:12.499 [DEBUG]   det conf=0.98 sim=0.923 pos=0.40 prox=0.98 -> 0.863
23:27:12.541 [INFO ] SAM3: 'box' score=0.98 @ [543 216 770 651]  (top of 1)  sim=0.923
23:27:12.541 [INFO ] SAM3: mask obtained (score=0.979, area=93746 px)
23:27:12.582 [DEBUG] Grasp point: robust centroid (657, 433)
23:27:13.027 [INFO ] SAM3: 1 detection(s) for 'box'
23:27:13.167 [DEBUG]   det conf=0.98 sim=0.925 pos=0.37 prox=0.93 -> 0.847
23:27:13.202 [INFO ] SAM3: 'box' score=0.98 @ [543 238 770 674]  (top of 1)  sim=0.925
23:27:13.204 [INFO ] SAM3: mask obtained (score=0.975, area=93684 px)
23:27:13.241 [DEBUG] Grasp point: robust centroid (656, 456)
23:27:13.729 [INFO ] SAM3: 1 detection(s) for 'box'
23:27:13.822 [DEBUG]   det conf=0.98 sim=0.931 pos=0.35 prox=0.97 -> 0.858
23:27:13.873 [INFO ] SAM3: 'box' score=0.98 @ [542 249 770 684]  (top of 1)  sim=0.931
23:27:13.874 [INFO ] SAM3: mask obtained (score=0.979, area=93467 px)
23:27:13.927 [DEBUG] Grasp point: robust centroid (656, 467)
23:27:13.928 [INFO ] MaskTracker: anchor locked (IoU streak=5, last IoU=0.949)
23:27:14.616 [INFO ] SAM3: 1 detection(s) for 'box'
23:27:14.740 [DEBUG]   det conf=0.98 sim=0.928 pos=0.35 prox=1.00 -> 0.863
23:27:14.806 [INFO ] SAM3: 'box' score=0.98 @ [542 250 770 685]  (top of 1)  sim=0.928
23:27:14.809 [INFO ] SAM3: mask obtained (score=0.979, area=93463 px)
23:27:14.857 [DEBUG] Grasp point: robust centroid (656, 467)
23:27:14.858 [INFO ] MaskTracker: anchor locked (IoU streak=6, last IoU=0.994)
23:27:15.407 [INFO ] SAM3: 1 detection(s) for 'box'
23:27:15.523 [DEBUG]   det conf=0.97 sim=0.924 pos=0.35 prox=1.00 -> 0.860
23:27:15.709 [INFO ] SAM3: 'box' score=0.97 @ [543 250 770 684]  (top of 1)  sim=0.924
23:27:15.710 [INFO ] SAM3: mask obtained (score=0.970, area=93301 px)
23:27:15.751 [DEBUG] Grasp point: robust centroid (656, 467)
23:27:15.752 [INFO ] MaskTracker: anchor locked (IoU streak=7, last IoU=0.997)
23:27:16.560 [INFO ] SAM3: 1 detection(s) for 'box'
23:27:16.689 [DEBUG]   det conf=0.97 sim=0.923 pos=0.35 prox=1.00 -> 0.860
23:27:16.758 [INFO ] SAM3: 'box' score=0.97 @ [543 250 770 684]  (top of 1)  sim=0.923
23:27:16.758 [INFO ] SAM3: mask obtained (score=0.969, area=93357 px)
23:27:16.806 [DEBUG] Grasp point: robust centroid (656, 467)
23:27:16.807 [INFO ] MaskTracker: anchor locked (IoU streak=8, last IoU=0.999)
23:27:17.341 [INFO ] SAM3: 1 detection(s) for 'box'
23:27:17.435 [DEBUG]   det conf=0.97 sim=0.923 pos=0.35 prox=1.00 -> 0.860
23:27:17.523 [INFO ] SAM3: 'box' score=0.97 @ [543 250 770 684]  (top of 1)  sim=0.923
23:27:17.527 [INFO ] SAM3: mask obtained (score=0.972, area=93346 px)
23:27:17.572 [DEBUG] Grasp point: robust centroid (656, 467)
23:27:17.572 [INFO ] MaskTracker: anchor locked (IoU streak=9, last IoU=0.999)
23:27:18.029 [INFO ] SAM3: 1 detection(s) for 'box'
23:27:18.211 [DEBUG]   det conf=0.98 sim=0.925 pos=0.35 prox=1.00 -> 0.862
23:27:18.270 [INFO ] SAM3: 'box' score=0.98 @ [543 250 770 683]  (top of 1)  sim=0.925
23:27:18.270 [INFO ] SAM3: mask obtained (score=0.975, area=93211 px)
23:27:18.344 [DEBUG] Grasp point: robust centroid (656, 466)
23:27:18.345 [INFO ] MaskTracker: anchor locked (IoU streak=10, last IoU=0.994)
23:27:18.890 [INFO ] SAM3: 1 detection(s) for 'box'
23:27:18.986 [DEBUG]   det conf=0.98 sim=0.929 pos=0.37 prox=0.97 -> 0.859
23:27:19.041 [INFO ] SAM3: 'box' score=0.98 @ [543 239 771 673]  (top of 1)  sim=0.929
23:27:19.041 [INFO ] SAM3: mask obtained (score=0.975, area=93276 px)
23:27:19.087 [DEBUG] Grasp point: robust centroid (657, 456)
23:27:19.088 [INFO ] MaskTracker: anchor locked (IoU streak=11, last IoU=0.947)
23:27:19.591 [INFO ] SAM3: 1 detection(s) for 'box'
23:27:19.671 [DEBUG]   det conf=0.97 sim=0.932 pos=0.40 prox=0.93 -> 0.856
23:27:19.728 [INFO ] SAM3: 'box' score=0.97 @ [543 217 771 650]  (top of 1)  sim=0.932
23:27:19.728 [INFO ] SAM3: mask obtained (score=0.975, area=93437 px)
23:27:19.766 [DEBUG] Grasp point: robust centroid (657, 433)
23:27:19.766 [INFO ] MaskTracker: anchor locked (IoU streak=12, last IoU=0.896)
23:27:20.281 [INFO ] SAM3: 1 detection(s) for 'box'
23:27:20.360 [DEBUG]   det conf=0.97 sim=0.924 pos=0.43 prox=0.93 -> 0.855
23:27:20.396 [INFO ] SAM3: 'box' score=0.97 @ [542 189 773 628]  (top of 1)  sim=0.924
23:27:20.396 [INFO ] SAM3: mask obtained (score=0.972, area=95536 px)
23:27:20.434 [DEBUG] Grasp point: robust centroid (657, 408)
23:27:20.435 [INFO ] MaskTracker: anchor locked (IoU streak=13, last IoU=0.882)
23:27:21.136 [INFO ] SAM3: 1 detection(s) for 'box'
23:27:21.180 [DEBUG]   det conf=0.98 sim=0.927 pos=0.46 prox=0.94 -> 0.865
23:27:21.286 [INFO ] SAM3: 'box' score=0.98 @ [542 168 775 611]  (top of 1)  sim=0.927
23:27:21.287 [INFO ] SAM3: mask obtained (score=0.976, area=97488 px)
23:27:21.345 [DEBUG] Grasp point: robust centroid (658, 389)
23:27:21.346 [INFO ] MaskTracker: anchor locked (IoU streak=14, last IoU=0.904)
23:27:21.820 [INFO ] SAM3: 1 detection(s) for 'box'
23:27:21.945 [DEBUG]   det conf=0.98 sim=0.929 pos=0.49 prox=0.94 -> 0.870
23:27:22.046 [INFO ] SAM3: 'box' score=0.98 @ [541 146 777 594]  (top of 1)  sim=0.929
23:27:22.047 [INFO ] SAM3: mask obtained (score=0.978, area=99827 px)
23:27:22.123 [DEBUG] Grasp point: robust centroid (659, 370)
23:27:22.124 [INFO ] MaskTracker: anchor locked (IoU streak=15, last IoU=0.906)
23:27:22.768 [INFO ] SAM3: 1 detection(s) for 'box'
23:27:22.858 [DEBUG]   det conf=0.98 sim=0.931 pos=0.50 prox=0.97 -> 0.882
23:27:22.947 [INFO ] SAM3: 'box' score=0.98 @ [540 135 779 588]  (top of 1)  sim=0.931
23:27:22.948 [INFO ] SAM3: mask obtained (score=0.977, area=102083 px)
23:27:22.982 [DEBUG] Grasp point: robust centroid (659, 361)
23:27:22.983 [INFO ] MaskTracker: anchor locked (IoU streak=16, last IoU=0.952)
23:27:23.512 [INFO ] SAM3: 1 detection(s) for 'box'
23:27:23.570 [DEBUG]   det conf=0.98 sim=0.923 pos=0.50 prox=0.99 -> 0.882
23:27:23.669 [INFO ] SAM3: 'box' score=0.98 @ [540 128 781 587]  (top of 1)  sim=0.923
23:27:23.669 [INFO ] SAM3: mask obtained (score=0.977, area=104387 px)
23:27:23.727 [DEBUG] Grasp point: robust centroid (660, 357)
23:27:23.728 [INFO ] MaskTracker: anchor locked (IoU streak=17, last IoU=0.974)
23:27:24.200 [INFO ] SAM3: 1 detection(s) for 'box'
23:27:24.296 [DEBUG]   det conf=0.98 sim=0.928 pos=0.50 prox=0.99 -> 0.886
23:27:24.394 [INFO ] SAM3: 'box' score=0.98 @ [540 126 783 590]  (top of 1)  sim=0.928
23:27:24.395 [INFO ] SAM3: mask obtained (score=0.978, area=106762 px)
23:27:24.439 [DEBUG] Grasp point: robust centroid (661, 357)
23:27:24.440 [INFO ] MaskTracker: anchor locked (IoU streak=18, last IoU=0.978)
23:27:24.979 [INFO ] SAM3: 1 detection(s) for 'box'
23:27:25.064 [DEBUG]   det conf=0.97 sim=0.926 pos=0.50 prox=0.99 -> 0.883
23:27:25.107 [INFO ] SAM3: 'box' score=0.97 @ [539 124 784 593]  (top of 1)  sim=0.926
23:27:25.107 [INFO ] SAM3: mask obtained (score=0.971, area=109051 px)
23:27:25.152 [DEBUG] Grasp point: robust centroid (662, 358)
23:27:25.153 [INFO ] MaskTracker: anchor locked (IoU streak=19, last IoU=0.979)
23:27:25.612 [INFO ] SAM3: 1 detection(s) for 'box'
23:27:25.656 [DEBUG]   det conf=0.97 sim=0.930 pos=0.50 prox=0.99 -> 0.885
23:27:25.713 [INFO ] SAM3: 'box' score=0.97 @ [538 123 786 597]  (top of 1)  sim=0.930
23:27:25.713 [INFO ] SAM3: mask obtained (score=0.971, area=111608 px)
23:27:25.758 [DEBUG] Grasp point: robust centroid (662, 359)
23:27:25.759 [INFO ] MaskTracker: anchor locked (IoU streak=20, last IoU=0.977)
23:27:26.363 [INFO ] SAM3: 1 detection(s) for 'box'
23:27:26.526 [DEBUG]   det conf=0.97 sim=0.928 pos=0.50 prox=0.99 -> 0.884
23:27:26.650 [INFO ] SAM3: 'box' score=0.97 @ [537 120 787 601]  (top of 1)  sim=0.928
23:27:26.650 [INFO ] SAM3: mask obtained (score=0.970, area=114422 px)
23:27:26.718 [DEBUG] Grasp point: robust centroid (662, 360)
23:27:26.719 [INFO ] MaskTracker: anchor locked (IoU streak=21, last IoU=0.975)
23:27:27.216 [INFO ] SAM3: 1 detection(s) for 'box'
23:27:27.263 [DEBUG]   det conf=0.97 sim=0.929 pos=0.50 prox=0.99 -> 0.884
23:27:27.334 [INFO ] SAM3: 'box' score=0.97 @ [537 118 790 604]  (top of 1)  sim=0.929
23:27:27.335 [INFO ] SAM3: mask obtained (score=0.971, area=117103 px)
23:27:27.372 [DEBUG] Grasp point: robust centroid (664, 361)
23:27:27.373 [INFO ] MaskTracker: anchor locked (IoU streak=22, last IoU=0.977)
23:27:27.935 [INFO ] SAM3: 1 detection(s) for 'box'
23:27:28.024 [DEBUG]   det conf=0.97 sim=0.930 pos=0.50 prox=1.00 -> 0.886
23:27:28.099 [INFO ] SAM3: 'box' score=0.97 @ [535 116 792 607]  (top of 1)  sim=0.930
23:27:28.100 [INFO ] SAM3: mask obtained (score=0.974, area=119981 px)
23:27:28.138 [DEBUG] Grasp point: robust centroid (664, 360)
23:27:28.139 [INFO ] MaskTracker: anchor locked (IoU streak=23, last IoU=0.976)
23:27:28.925 [INFO ] SAM3: 1 detection(s) for 'box'
23:27:28.972 [DEBUG]   det conf=0.97 sim=0.931 pos=0.50 prox=1.00 -> 0.887
23:27:29.049 [INFO ] SAM3: 'box' score=0.97 @ [534 111 795 609]  (top of 1)  sim=0.931
23:27:29.050 [INFO ] SAM3: mask obtained (score=0.974, area=123246 px)
23:27:29.105 [DEBUG] Grasp point: robust centroid (665, 360)
23:27:29.106 [INFO ] MaskTracker: anchor locked (IoU streak=24, last IoU=0.974)
23:27:29.723 [INFO ] SAM3: 1 detection(s) for 'box'
23:27:29.901 [DEBUG]   det conf=0.97 sim=0.925 pos=0.50 prox=1.00 -> 0.883
23:27:30.080 [INFO ] SAM3: 'box' score=0.97 @ [533 109 796 613]  (top of 1)  sim=0.925
23:27:30.083 [INFO ] SAM3: mask obtained (score=0.972, area=126270 px)
23:27:30.125 [DEBUG] Grasp point: robust centroid (666, 361)
23:27:30.126 [INFO ] MaskTracker: anchor locked (IoU streak=25, last IoU=0.976)
23:27:30.739 [INFO ] SAM3: 1 detection(s) for 'box'
23:27:30.986 [DEBUG]   det conf=0.97 sim=0.926 pos=0.50 prox=1.00 -> 0.884
23:27:31.030 [INFO ] SAM3: 'box' score=0.97 @ [532 105 799 617]  (top of 1)  sim=0.926
23:27:31.033 [INFO ] SAM3: mask obtained (score=0.973, area=129738 px)
23:27:31.070 [DEBUG] Grasp point: robust centroid (666, 361)
23:27:31.071 [INFO ] MaskTracker: anchor locked (IoU streak=26, last IoU=0.973)
23:27:31.566 [INFO ] SAM3: 1 detection(s) for 'box'
23:27:31.650 [DEBUG]   det conf=0.98 sim=0.922 pos=0.50 prox=1.00 -> 0.883
23:27:31.731 [INFO ] SAM3: 'box' score=0.98 @ [531 102 801 620]  (top of 1)  sim=0.922
23:27:31.732 [INFO ] SAM3: mask obtained (score=0.977, area=132916 px)
23:27:31.785 [DEBUG] Grasp point: robust centroid (667, 361)
23:27:31.786 [INFO ] MaskTracker: anchor locked (IoU streak=27, last IoU=0.976)
23:27:32.319 [INFO ] SAM3: 1 detection(s) for 'box'
23:27:32.435 [DEBUG]   det conf=0.98 sim=0.928 pos=0.50 prox=1.00 -> 0.886
23:27:32.563 [INFO ] SAM3: 'box' score=0.98 @ [530  99 805 624]  (top of 1)  sim=0.928
23:27:32.563 [INFO ] SAM3: mask obtained (score=0.977, area=136552 px)
23:27:32.633 [DEBUG] Grasp point: robust centroid (668, 361)
23:27:32.633 [INFO ] MaskTracker: anchor locked (IoU streak=28, last IoU=0.973)
23:27:33.209 [INFO ] SAM3: 1 detection(s) for 'box'
23:27:33.309 [DEBUG]   det conf=0.98 sim=0.928 pos=0.50 prox=1.00 -> 0.886
23:27:33.355 [INFO ] SAM3: 'box' score=0.98 @ [528  95 807 626]  (top of 1)  sim=0.928
23:27:33.359 [INFO ] SAM3: mask obtained (score=0.975, area=140203 px)
23:27:33.400 [DEBUG] Grasp point: robust centroid (668, 361)
23:27:33.401 [INFO ] MaskTracker: anchor locked (IoU streak=29, last IoU=0.974)
23:27:34.014 [INFO ] SAM3: 1 detection(s) for 'box'
23:27:34.071 [DEBUG]   det conf=0.98 sim=0.930 pos=0.50 prox=1.00 -> 0.886
23:27:34.125 [INFO ] SAM3: 'box' score=0.98 @ [528  92 810 631]  (top of 1)  sim=0.930
23:27:34.126 [INFO ] SAM3: mask obtained (score=0.976, area=143948 px)
23:27:34.182 [DEBUG] Grasp point: robust centroid (669, 361)
23:27:34.182 [INFO ] MaskTracker: anchor locked (IoU streak=30, last IoU=0.974)
23:27:34.799 [INFO ] SAM3: 1 detection(s) for 'box'
23:27:34.909 [DEBUG]   det conf=0.97 sim=0.926 pos=0.50 prox=1.00 -> 0.884
23:27:35.034 [INFO ] SAM3: 'box' score=0.97 @ [527  88 812 634]  (top of 1)  sim=0.926
23:27:35.034 [INFO ] SAM3: mask obtained (score=0.970, area=147622 px)
23:27:35.091 [DEBUG] Grasp point: robust centroid (670, 361)
23:27:35.092 [INFO ] MaskTracker: anchor locked (IoU streak=31, last IoU=0.975)
23:27:35.668 [INFO ] SAM3: 1 detection(s) for 'box'
23:27:35.712 [DEBUG]   det conf=0.97 sim=0.926 pos=0.50 prox=1.00 -> 0.885
23:27:35.749 [INFO ] SAM3: 'box' score=0.97 @ [526  84 815 637]  (top of 1)  sim=0.926
23:27:35.750 [INFO ] SAM3: mask obtained (score=0.973, area=151876 px)
23:27:35.785 [DEBUG] Grasp point: robust centroid (671, 360)
23:27:35.785 [INFO ] MaskTracker: anchor locked (IoU streak=32, last IoU=0.972)
23:27:36.269 [INFO ] SAM3: 1 detection(s) for 'box'
23:27:36.352 [DEBUG]   det conf=0.97 sim=0.929 pos=0.50 prox=0.99 -> 0.885
23:27:36.398 [INFO ] SAM3: 'box' score=0.97 @ [524  81 818 642]  (top of 1)  sim=0.929
23:27:36.398 [INFO ] SAM3: mask obtained (score=0.974, area=156045 px)
23:27:36.461 [DEBUG] Grasp point: robust centroid (671, 361)
23:27:36.461 [INFO ] MaskTracker: anchor locked (IoU streak=33, last IoU=0.973)
23:27:37.203 [INFO ] SAM3: 1 detection(s) for 'box'
23:27:37.356 [DEBUG]   det conf=0.97 sim=0.926 pos=0.50 prox=1.00 -> 0.884
23:27:37.460 [INFO ] SAM3: 'box' score=0.97 @ [523  77 821 646]  (top of 1)  sim=0.926
23:27:37.460 [INFO ] SAM3: mask obtained (score=0.974, area=160804 px)
23:27:37.505 [DEBUG] Grasp point: robust centroid (672, 361)
23:27:37.506 [INFO ] MaskTracker: anchor locked (IoU streak=34, last IoU=0.970)
23:27:38.241 [INFO ] SAM3: 1 detection(s) for 'box'
23:27:38.382 [DEBUG]   det conf=0.98 sim=0.928 pos=0.50 prox=1.00 -> 0.886
23:27:38.448 [INFO ] SAM3: 'box' score=0.98 @ [522  72 823 650]  (top of 1)  sim=0.928
23:27:38.449 [INFO ] SAM3: mask obtained (score=0.977, area=165332 px)
23:27:38.505 [DEBUG] Grasp point: robust centroid (673, 360)
23:27:38.506 [INFO ] MaskTracker: anchor locked (IoU streak=35, last IoU=0.973)
23:27:39.063 [INFO ] SAM3: 1 detection(s) for 'box'
23:27:39.126 [DEBUG]   det conf=0.98 sim=0.930 pos=0.50 prox=0.99 -> 0.885
23:27:39.225 [INFO ] SAM3: 'box' score=0.98 @ [520  68 827 655]  (top of 1)  sim=0.930
23:27:39.229 [INFO ] SAM3: mask obtained (score=0.976, area=170186 px)
23:27:39.262 [DEBUG] Grasp point: robust centroid (675, 361)
23:27:39.262 [INFO ] MaskTracker: anchor locked (IoU streak=36, last IoU=0.971)
23:27:39.793 [INFO ] SAM3: 1 detection(s) for 'box'
23:27:39.863 [DEBUG]   det conf=0.97 sim=0.927 pos=0.50 prox=1.00 -> 0.884
23:27:39.875 [INFO ] SAM3: 'box' score=0.97 @ [520  64 830 660]  (top of 1)  sim=0.927
23:27:39.875 [INFO ] SAM3: mask obtained (score=0.974, area=175406 px)
23:27:39.928 [DEBUG] Grasp point: robust centroid (674, 361)
23:27:39.928 [INFO ] MaskTracker: anchor locked (IoU streak=37, last IoU=0.970)
23:27:40.487 [INFO ] SAM3: 1 detection(s) for 'box'
23:27:40.692 [DEBUG]   det conf=0.97 sim=0.928 pos=0.50 prox=0.99 -> 0.885
23:27:40.773 [INFO ] SAM3: 'box' score=0.97 @ [518  60 833 663]  (top of 1)  sim=0.928
23:27:40.774 [INFO ] SAM3: mask obtained (score=0.972, area=179960 px)
23:27:40.808 [DEBUG] Grasp point: robust centroid (676, 361)
23:27:40.809 [INFO ] MaskTracker: anchor locked (IoU streak=38, last IoU=0.975)
23:27:41.250 [INFO ] SAM3: 1 detection(s) for 'box'
23:27:41.291 [DEBUG]   det conf=0.98 sim=0.928 pos=0.50 prox=1.00 -> 0.885
23:27:41.332 [INFO ] SAM3: 'box' score=0.98 @ [516  54 836 669]  (top of 1)  sim=0.928
23:27:41.333 [INFO ] SAM3: mask obtained (score=0.975, area=185957 px)
23:27:41.371 [DEBUG] Grasp point: robust centroid (676, 361)
23:27:41.372 [INFO ] MaskTracker: anchor locked (IoU streak=39, last IoU=0.968)
23:27:41.824 [INFO ] SAM3: 1 detection(s) for 'box'
23:27:41.891 [DEBUG]   det conf=0.97 sim=0.929 pos=0.50 prox=0.99 -> 0.885
23:27:42.025 [INFO ] SAM3: 'box' score=0.97 @ [515  50 839 674]  (top of 1)  sim=0.929
23:27:42.026 [INFO ] SAM3: mask obtained (score=0.974, area=191393 px)
23:27:42.068 [DEBUG] Grasp point: robust centroid (677, 362)
23:27:42.068 [INFO ] MaskTracker: anchor locked (IoU streak=40, last IoU=0.972)
23:27:42.480 [INFO ] SAM3: 1 detection(s) for 'box'
23:27:42.535 [DEBUG]   det conf=0.97 sim=0.929 pos=0.50 prox=1.00 -> 0.885
23:27:42.633 [INFO ] SAM3: 'box' score=0.97 @ [513  44 843 678]  (top of 1)  sim=0.929
23:27:42.633 [INFO ] SAM3: mask obtained (score=0.975, area=198169 px)
23:27:42.668 [DEBUG] Grasp point: robust centroid (680, 360)
23:27:42.668 [INFO ] MaskTracker: anchor locked (IoU streak=41, last IoU=0.966)
23:27:43.124 [INFO ] SAM3: 1 detection(s) for 'box'
23:27:43.178 [DEBUG]   det conf=0.98 sim=0.928 pos=0.50 prox=0.99 -> 0.884
23:27:43.256 [INFO ] SAM3: 'box' score=0.98 @ [511  40 847 684]  (top of 1)  sim=0.928
23:27:43.258 [INFO ] SAM3: mask obtained (score=0.978, area=204567 px)
23:27:43.295 [DEBUG] Grasp point: robust centroid (681, 361)
23:27:43.296 [INFO ] MaskTracker: anchor locked (IoU streak=42, last IoU=0.969)
23:27:44.078 [INFO ] SAM3: 1 detection(s) for 'box'
23:27:44.293 [DEBUG]   det conf=0.97 sim=0.926 pos=0.50 prox=1.00 -> 0.883
23:27:44.402 [INFO ] SAM3: 'box' score=0.97 @ [510  35 850 689]  (top of 1)  sim=0.926
23:27:44.404 [INFO ] SAM3: mask obtained (score=0.968, area=211494 px)
23:27:44.442 [DEBUG] Grasp point: robust centroid (682, 361)
23:27:44.443 [INFO ] MaskTracker: anchor locked (IoU streak=43, last IoU=0.967)
23:27:45.043 [INFO ] SAM3: 1 detection(s) for 'box'
23:27:45.232 [DEBUG]   det conf=0.97 sim=0.931 pos=0.50 prox=0.99 -> 0.886
23:27:45.377 [INFO ] SAM3: 'box' score=0.97 @ [508  25 854 690]  (top of 1)  sim=0.931
23:27:45.378 [INFO ] SAM3: mask obtained (score=0.971, area=218818 px)
23:27:45.423 [DEBUG] Grasp point: robust centroid (683, 357)
23:27:45.423 [INFO ] MaskTracker: anchor locked (IoU streak=44, last IoU=0.967)
23:27:46.221 [INFO ] SAM3: 1 detection(s) for 'box'
23:27:46.285 [DEBUG]   det conf=0.97 sim=0.929 pos=0.51 prox=0.99 -> 0.886
23:27:46.378 [INFO ] SAM3: 'box' score=0.97 @ [506  15 858 693]  (top of 1)  sim=0.929
23:27:46.379 [INFO ] SAM3: mask obtained (score=0.972, area=226367 px)
23:27:46.514 [DEBUG] Grasp point: robust centroid (683, 353)
23:27:46.515 [INFO ] MaskTracker: anchor locked (IoU streak=45, last IoU=0.967)
23:27:47.131 [INFO ] SAM3: 1 detection(s) for 'box'
23:27:47.222 [DEBUG]   det conf=0.98 sim=0.930 pos=0.50 prox=0.99 -> 0.885
23:27:47.323 [INFO ] SAM3: 'box' score=0.98 @ [504  12 863 701]  (top of 1)  sim=0.930
23:27:47.324 [INFO ] SAM3: mask obtained (score=0.975, area=233852 px)
23:27:47.383 [DEBUG] Grasp point: robust centroid (686, 349)
23:27:47.384 [INFO ] MaskTracker: anchor locked (IoU streak=46, last IoU=0.968)
23:27:47.991 [INFO ] SAM3: 1 detection(s) for 'box'
23:27:48.141 [DEBUG]   det conf=0.98 sim=0.932 pos=0.50 prox=0.97 -> 0.883
23:27:48.263 [INFO ] SAM3: 'box' score=0.98 @ [503   7 866 706]  (top of 1)  sim=0.932
23:27:48.266 [INFO ] SAM3: mask obtained (score=0.976, area=241210 px)
23:27:48.309 [DEBUG] Grasp point: robust centroid (685, 357)
23:27:48.310 [INFO ] MaskTracker: anchor locked (IoU streak=47, last IoU=0.969)
23:27:48.991 [INFO ] SAM3: 1 detection(s) for 'box'
23:27:49.039 [DEBUG]   det conf=0.97 sim=0.933 pos=0.50 prox=0.99 -> 0.888
23:27:49.118 [INFO ] SAM3: 'box' score=0.97 @ [501   2 871 713]  (top of 1)  sim=0.933
23:27:49.119 [INFO ] SAM3: mask obtained (score=0.973, area=250444 px)
23:27:49.157 [DEBUG] Grasp point: robust centroid (686, 359)
23:27:49.158 [INFO ] MaskTracker: anchor locked (IoU streak=48, last IoU=0.963)
23:27:49.694 [INFO ] SAM3: 1 detection(s) for 'box'
23:27:49.826 [DEBUG]   det conf=0.98 sim=0.935 pos=0.50 prox=0.99 -> 0.888
23:27:49.898 [INFO ] SAM3: 'box' score=0.98 @ [499   1 877 716]  (top of 1)  sim=0.935
23:27:49.899 [INFO ] SAM3: mask obtained (score=0.976, area=258180 px)
23:27:49.955 [DEBUG] Grasp point: robust centroid (688, 359)
23:27:49.956 [INFO ] MaskTracker: anchor locked (IoU streak=49, last IoU=0.970)
23:27:50.475 [INFO ] SAM3: 1 detection(s) for 'box'
23:27:50.582 [DEBUG]   det conf=0.96 sim=0.929 pos=0.50 prox=0.99 -> 0.884
23:27:50.715 [INFO ] SAM3: 'box' score=0.96 @ [497   2 881 717]  (top of 1)  sim=0.929
23:27:50.715 [INFO ] SAM3: mask obtained (score=0.963, area=263938 px)
23:27:50.783 [DEBUG] Grasp point: robust centroid (690, 359)
23:27:50.783 [INFO ] MaskTracker: anchor locked (IoU streak=50, last IoU=0.976)
23:27:51.277 [INFO ] SAM3: 1 detection(s) for 'box'
23:27:51.392 [DEBUG]   det conf=0.96 sim=0.921 pos=0.50 prox=0.99 -> 0.879
23:27:51.437 [INFO ] SAM3: 'box' score=0.96 @ [496   1 886 718]  (top of 1)  sim=0.921
23:27:51.437 [INFO ] SAM3: mask obtained (score=0.955, area=269796 px)
23:27:51.474 [DEBUG] Grasp point: robust centroid (691, 359)
23:27:51.475 [INFO ] MaskTracker: anchor locked (IoU streak=51, last IoU=0.977)
23:27:52.044 [INFO ] SAM3: 1 detection(s) for 'box'
23:27:52.120 [DEBUG]   det conf=0.94 sim=0.918 pos=0.50 prox=0.99 -> 0.876
23:27:52.167 [INFO ] SAM3: 'box' score=0.94 @ [493   2 892 718]  (top of 1)  sim=0.918
23:27:52.169 [INFO ] SAM3: mask obtained (score=0.941, area=275373 px)
23:27:52.215 [DEBUG] Grasp point: robust centroid (693, 359)
23:27:52.216 [INFO ] MaskTracker: anchor locked (IoU streak=52, last IoU=0.979)
23:27:52.732 [INFO ] SAM3: 1 detection(s) for 'box'
23:27:52.774 [DEBUG]   det conf=0.94 sim=0.925 pos=0.50 prox=0.99 -> 0.880
23:27:52.879 [INFO ] SAM3: 'box' score=0.94 @ [490   2 897 719]  (top of 1)  sim=0.925
23:27:52.883 [INFO ] SAM3: mask obtained (score=0.943, area=280635 px)
23:27:52.922 [DEBUG] Grasp point: robust centroid (695, 359)
23:27:52.923 [INFO ] MaskTracker: anchor locked (IoU streak=53, last IoU=0.981)
23:27:53.664 [INFO ] SAM3: 1 detection(s) for 'box'
23:27:53.757 [DEBUG]   det conf=0.95 sim=0.930 pos=0.50 prox=0.99 -> 0.883
23:27:53.872 [INFO ] SAM3: 'box' score=0.95 @ [489   2 902 718]  (top of 1)  sim=0.930
23:27:53.873 [INFO ] SAM3: mask obtained (score=0.948, area=286633 px)
23:27:53.935 [DEBUG] Grasp point: robust centroid (696, 360)
23:27:53.936 [INFO ] MaskTracker: anchor locked (IoU streak=54, last IoU=0.979)
23:27:54.492 [INFO ] SAM3: 1 detection(s) for 'box'
23:27:54.625 [DEBUG]   det conf=0.92 sim=0.931 pos=0.50 prox=0.99 -> 0.881
23:27:54.716 [INFO ] SAM3: 'box' score=0.92 @ [487   3 908 719]  (top of 1)  sim=0.931
23:27:54.716 [INFO ] SAM3: mask obtained (score=0.925, area=292044 px)
23:27:54.747 [DEBUG] Grasp point: robust centroid (698, 359)
23:27:54.748 [INFO ] MaskTracker: anchor locked (IoU streak=55, last IoU=0.980)
23:27:55.304 [INFO ] SAM3: 1 detection(s) for 'box'
23:27:55.381 [DEBUG]   det conf=0.92 sim=0.930 pos=0.50 prox=0.99 -> 0.879
23:27:55.465 [INFO ] SAM3: 'box' score=0.92 @ [485   3 915 719]  (top of 1)  sim=0.930
23:27:55.465 [INFO ] SAM3: mask obtained (score=0.920, area=298792 px)
23:27:55.498 [DEBUG] Grasp point: robust centroid (701, 360)
23:27:55.498 [INFO ] MaskTracker: anchor locked (IoU streak=56, last IoU=0.977)
23:27:56.059 [INFO ] SAM3: 1 detection(s) for 'box'
23:27:56.097 [DEBUG]   det conf=0.92 sim=0.929 pos=0.50 prox=1.00 -> 0.880
23:27:56.206 [INFO ] SAM3: 'box' score=0.92 @ [483   1 921 719]  (top of 1)  sim=0.929
23:27:56.206 [INFO ] SAM3: mask obtained (score=0.920, area=304290 px)
23:27:56.270 [DEBUG] Grasp point: robust centroid (702, 359)
23:27:56.271 [INFO ] MaskTracker: anchor locked (IoU streak=57, last IoU=0.981)
23:27:56.786 [INFO ] SAM3: 1 detection(s) for 'box'
23:27:56.831 [DEBUG]   det conf=0.93 sim=0.920 pos=0.50 prox=0.99 -> 0.876
23:27:56.974 [INFO ] SAM3: 'box' score=0.93 @ [479   2 928 718]  (top of 1)  sim=0.920
23:27:56.976 [INFO ] SAM3: mask obtained (score=0.933, area=311265 px)
23:27:57.043 [DEBUG] Grasp point: robust centroid (704, 359)
23:27:57.044 [INFO ] MaskTracker: anchor locked (IoU streak=58, last IoU=0.976)
23:27:57.701 [INFO ] SAM3: 1 detection(s) for 'box'
23:27:57.847 [DEBUG]   det conf=0.93 sim=0.916 pos=0.50 prox=0.99 -> 0.875
23:27:57.906 [INFO ] SAM3: 'box' score=0.93 @ [477   1 933 717]  (top of 1)  sim=0.916
23:27:57.907 [INFO ] SAM3: mask obtained (score=0.930, area=317936 px)
23:27:57.951 [DEBUG] Grasp point: robust centroid (706, 359)
23:27:57.951 [INFO ] MaskTracker: anchor locked (IoU streak=59, last IoU=0.978)
23:27:58.523 [INFO ] SAM3: 1 detection(s) for 'box'
23:27:58.682 [DEBUG]   det conf=0.93 sim=0.919 pos=0.50 prox=0.99 -> 0.875
23:27:58.835 [INFO ] SAM3: 'box' score=0.93 @ [473   2 941 719]  (top of 1)  sim=0.919
23:27:58.836 [INFO ] SAM3: mask obtained (score=0.930, area=324781 px)
23:27:58.873 [DEBUG] Grasp point: robust centroid (708, 359)
23:27:58.874 [INFO ] MaskTracker: anchor locked (IoU streak=60, last IoU=0.976)
23:27:59.457 [INFO ] SAM3: 1 detection(s) for 'box'
23:27:59.539 [DEBUG]   det conf=0.94 sim=0.924 pos=0.50 prox=0.99 -> 0.879
23:27:59.692 [INFO ] SAM3: 'box' score=0.94 @ [471   2 948 718]  (top of 1)  sim=0.924
23:27:59.693 [INFO ] SAM3: mask obtained (score=0.935, area=331969 px)
23:27:59.736 [DEBUG] Grasp point: robust centroid (710, 360)
23:27:59.736 [INFO ] MaskTracker: anchor locked (IoU streak=61, last IoU=0.977)
23:28:00.307 [INFO ] SAM3: 1 detection(s) for 'box'
23:28:00.428 [DEBUG]   det conf=0.91 sim=0.919 pos=0.50 prox=0.99 -> 0.873
23:28:00.558 [INFO ] SAM3: 'box' score=0.91 @ [468   1 956 718]  (top of 1)  sim=0.919
23:28:00.559 [INFO ] SAM3: mask obtained (score=0.905, area=340049 px)
23:28:00.623 [DEBUG] Grasp point: robust centroid (712, 360)
23:28:00.624 [INFO ] MaskTracker: anchor locked (IoU streak=62, last IoU=0.975)
23:28:01.314 [INFO ] SAM3: 1 detection(s) for 'box'
23:28:01.408 [DEBUG]   det conf=0.94 sim=0.921 pos=0.50 prox=0.99 -> 0.877
23:28:01.484 [INFO ] SAM3: 'box' score=0.94 @ [464   1 965 718]  (top of 1)  sim=0.921
23:28:01.485 [INFO ] SAM3: mask obtained (score=0.942, area=348349 px)
23:28:01.535 [DEBUG] Grasp point: robust centroid (716, 359)
23:28:01.536 [INFO ] MaskTracker: anchor locked (IoU streak=63, last IoU=0.974)
23:28:02.203 [INFO ] SAM3: 1 detection(s) for 'box'
23:28:02.284 [DEBUG]   det conf=0.92 sim=0.916 pos=0.50 prox=0.99 -> 0.874
23:28:02.451 [INFO ] SAM3: 'box' score=0.92 @ [459   2 973 718]  (top of 1)  sim=0.916
23:28:02.452 [INFO ] SAM3: mask obtained (score=0.924, area=356748 px)
23:28:02.498 [DEBUG] Grasp point: robust centroid (718, 360)
23:28:02.499 [INFO ] MaskTracker: anchor locked (IoU streak=64, last IoU=0.972)
23:28:03.167 [INFO ] SAM3: 1 detection(s) for 'box'
23:28:03.323 [DEBUG]   det conf=0.93 sim=0.913 pos=0.50 prox=1.00 -> 0.873
23:28:03.488 [INFO ] SAM3: 'box' score=0.93 @ [456   2 982 718]  (top of 1)  sim=0.913
23:28:03.493 [INFO ] SAM3: mask obtained (score=0.927, area=366025 px)
23:28:03.549 [DEBUG] Grasp point: robust centroid (720, 359)
23:28:03.550 [INFO ] MaskTracker: anchor locked (IoU streak=65, last IoU=0.973)
23:28:04.054 [INFO ] SAM3: 1 detection(s) for 'box'
23:28:04.196 [DEBUG]   det conf=0.92 sim=0.910 pos=0.50 prox=0.99 -> 0.871
23:28:04.290 [INFO ] SAM3: 'box' score=0.92 @ [453   1 991 717]  (top of 1)  sim=0.910
23:28:04.291 [INFO ] SAM3: mask obtained (score=0.923, area=375069 px)
23:28:04.329 [DEBUG] Grasp point: robust centroid (723, 359)
23:28:04.329 [INFO ] MaskTracker: anchor locked (IoU streak=66, last IoU=0.974)
23:28:04.942 [INFO ] SAM3: 1 detection(s) for 'box'
23:28:05.058 [DEBUG]   det conf=0.83 sim=0.909 pos=0.50 prox=0.99 -> 0.860
23:28:05.293 [INFO ] SAM3: 'box' score=0.83 @ [ 449    1 1003  717]  (top of 1)  sim=0.909
23:28:05.294 [INFO ] SAM3: mask obtained (score=0.828, area=386275 px)
23:28:05.328 [DEBUG] Grasp point: robust centroid (727, 360)
23:28:05.329 [INFO ] MaskTracker: anchor locked (IoU streak=67, last IoU=0.969)
23:28:05.930 [INFO ] SAM3: 1 detection(s) for 'box'
23:28:06.080 [DEBUG]   det conf=0.86 sim=0.904 pos=0.50 prox=0.99 -> 0.861
23:28:06.144 [INFO ] SAM3: 'box' score=0.86 @ [ 445    1 1013  717]  (top of 1)  sim=0.904
23:28:06.145 [INFO ] SAM3: mask obtained (score=0.860, area=396502 px)
23:28:06.186 [DEBUG] Grasp point: robust centroid (729, 360)
23:28:06.187 [INFO ] MaskTracker: anchor locked (IoU streak=68, last IoU=0.972)
23:28:06.732 [INFO ] SAM3: 1 detection(s) for 'box'
23:28:06.823 [DEBUG]   det conf=0.88 sim=0.903 pos=0.50 prox=0.99 -> 0.861
23:28:07.024 [INFO ] SAM3: 'box' score=0.88 @ [ 441    1 1024  718]  (top of 1)  sim=0.903
23:28:07.025 [INFO ] SAM3: mask obtained (score=0.880, area=407959 px)
23:28:07.078 [DEBUG] Grasp point: robust centroid (733, 359)
23:28:07.079 [INFO ] MaskTracker: anchor locked (IoU streak=69, last IoU=0.970)
23:28:07.703 [INFO ] SAM3: 1 detection(s) for 'box'
23:28:07.801 [DEBUG]   det conf=0.92 sim=0.892 pos=0.50 prox=0.99 -> 0.860
23:28:07.854 [INFO ] SAM3: 'box' score=0.92 @ [ 437    1 1035  718]  (top of 1)  sim=0.892
23:28:07.854 [INFO ] SAM3: mask obtained (score=0.915, area=418954 px)
23:28:07.903 [DEBUG] Grasp point: robust centroid (736, 359)
23:28:07.904 [INFO ] MaskTracker: anchor locked (IoU streak=70, last IoU=0.972)
23:28:08.416 [INFO ] SAM3: 1 detection(s) for 'box'
23:28:08.461 [DEBUG]   det conf=0.88 sim=0.894 pos=0.50 prox=0.99 -> 0.856
23:28:08.511 [INFO ] SAM3: 'box' score=0.88 @ [ 432    0 1049  718]  (top of 1)  sim=0.894
23:28:08.512 [INFO ] SAM3: mask obtained (score=0.877, area=432108 px)
23:28:08.545 [DEBUG] Grasp point: robust centroid (740, 360)
23:28:08.546 [INFO ] MaskTracker: anchor locked (IoU streak=71, last IoU=0.968)
23:28:09.092 [INFO ] SAM3: 1 detection(s) for 'box'
23:28:09.195 [DEBUG]   det conf=0.91 sim=0.892 pos=0.50 prox=0.99 -> 0.859
23:28:09.351 [INFO ] SAM3: 'box' score=0.91 @ [ 426    0 1062  717]  (top of 1)  sim=0.892
23:28:09.351 [INFO ] SAM3: mask obtained (score=0.912, area=446553 px)
23:28:09.385 [DEBUG] Grasp point: robust centroid (744, 360)
23:28:09.385 [INFO ] MaskTracker: anchor locked (IoU streak=72, last IoU=0.967)
23:28:10.013 [INFO ] SAM3: 1 detection(s) for 'box'
23:28:10.148 [DEBUG]   det conf=0.93 sim=0.890 pos=0.50 prox=0.99 -> 0.860
23:28:10.251 [INFO ] SAM3: 'box' score=0.93 @ [ 420    0 1076  718]  (top of 1)  sim=0.890
23:28:10.251 [INFO ] SAM3: mask obtained (score=0.930, area=460542 px)
23:28:10.303 [DEBUG] Grasp point: robust centroid (749, 359)
23:28:10.304 [INFO ] MaskTracker: anchor locked (IoU streak=73, last IoU=0.967)
23:28:11.048 [INFO ] SAM3: 1 detection(s) for 'box'
23:28:11.186 [DEBUG]   det conf=0.93 sim=0.889 pos=0.50 prox=1.00 -> 0.862
23:28:11.362 [INFO ] SAM3: 'box' score=0.93 @ [ 419    1 1077  718]  (top of 1)  sim=0.889
23:28:11.362 [INFO ] SAM3: mask obtained (score=0.929, area=461114 px)
23:28:11.395 [DEBUG] Grasp point: robust centroid (749, 359)
23:28:11.396 [INFO ] MaskTracker: anchor locked (IoU streak=74, last IoU=0.998)
23:28:12.095 [INFO ] SAM3: 1 detection(s) for 'box'
23:28:12.329 [DEBUG]   det conf=0.92 sim=0.887 pos=0.50 prox=1.00 -> 0.860
23:28:12.374 [INFO ] SAM3: 'box' score=0.92 @ [ 420    1 1077  718]  (top of 1)  sim=0.887
23:28:12.375 [INFO ] SAM3: mask obtained (score=0.924, area=461431 px)
23:28:12.414 [DEBUG] Grasp point: robust centroid (749, 359)
23:28:12.415 [INFO ] MaskTracker: anchor locked (IoU streak=75, last IoU=0.999)
23:28:12.861 [INFO ] SAM3: 1 detection(s) for 'box'
23:28:12.898 [DEBUG]   det conf=0.93 sim=0.888 pos=0.50 prox=1.00 -> 0.862
23:28:13.008 [INFO ] SAM3: 'box' score=0.93 @ [ 419    1 1077  718]  (top of 1)  sim=0.888
23:28:13.009 [INFO ] SAM3: mask obtained (score=0.934, area=461419 px)
23:28:13.047 [DEBUG] Grasp point: robust centroid (748, 360)
23:28:13.048 [INFO ] MaskTracker: anchor locked (IoU streak=76, last IoU=0.999)
23:28:13.676 [INFO ] SAM3: 1 detection(s) for 'box'
23:28:13.743 [DEBUG]   det conf=0.93 sim=0.885 pos=0.50 prox=1.00 -> 0.861
23:28:13.858 [INFO ] SAM3: 'box' score=0.93 @ [ 418    1 1077  718]  (top of 1)  sim=0.885
23:28:13.862 [INFO ] SAM3: mask obtained (score=0.931, area=461431 px)
23:28:13.904 [DEBUG] Grasp point: robust centroid (748, 360)
23:28:13.905 [INFO ] MaskTracker: anchor locked (IoU streak=77, last IoU=0.999)
23:28:14.372 [INFO ] SAM3: 1 detection(s) for 'box'
23:28:14.485 [DEBUG]   det conf=0.94 sim=0.892 pos=0.50 prox=1.00 -> 0.864
23:28:14.562 [INFO ] SAM3: 'box' score=0.94 @ [ 419    0 1077  717]  (top of 1)  sim=0.892
23:28:14.562 [INFO ] SAM3: mask obtained (score=0.935, area=461458 px)
23:28:14.606 [DEBUG] Grasp point: robust centroid (748, 360)
23:28:14.607 [INFO ] MaskTracker: anchor locked (IoU streak=78, last IoU=0.999)
23:28:15.255 [INFO ] SAM3: 1 detection(s) for 'box'
23:28:15.375 [DEBUG]   det conf=0.88 sim=0.889 pos=0.50 prox=1.00 -> 0.856
23:28:15.554 [INFO ] SAM3: 'box' score=0.88 @ [ 420    1 1077  718]  (top of 1)  sim=0.889
23:28:15.557 [INFO ] SAM3: mask obtained (score=0.879, area=461315 px)
23:28:15.599 [DEBUG] Grasp point: robust centroid (748, 359)
23:28:15.600 [INFO ] MaskTracker: anchor locked (IoU streak=79, last IoU=0.999)
23:28:16.182 [INFO ] SAM3: 1 detection(s) for 'box'
23:28:16.267 [DEBUG]   det conf=0.88 sim=0.888 pos=0.50 prox=1.00 -> 0.856
23:28:16.323 [INFO ] SAM3: 'box' score=0.88 @ [ 420    1 1077  718]  (top of 1)  sim=0.888
23:28:16.323 [INFO ] SAM3: mask obtained (score=0.881, area=461169 px)
23:28:16.356 [DEBUG] Grasp point: robust centroid (749, 359)
23:28:16.356 [INFO ] MaskTracker: anchor locked (IoU streak=80, last IoU=0.999)
23:28:16.913 [INFO ] SAM3: 1 detection(s) for 'box'
23:28:17.059 [DEBUG]   det conf=0.90 sim=0.888 pos=0.50 prox=1.00 -> 0.858
23:28:17.182 [INFO ] SAM3: 'box' score=0.90 @ [ 419    1 1077  717]  (top of 1)  sim=0.888
23:28:17.182 [INFO ] SAM3: mask obtained (score=0.895, area=461183 px)
23:28:17.234 [DEBUG] Grasp point: robust centroid (749, 359)
23:28:17.235 [INFO ] MaskTracker: anchor locked (IoU streak=81, last IoU=0.999)
23:28:17.852 [INFO ] SAM3: 1 detection(s) for 'box'
23:28:18.029 [DEBUG]   det conf=0.91 sim=0.888 pos=0.50 prox=1.00 -> 0.859
23:28:18.135 [INFO ] SAM3: 'box' score=0.91 @ [ 419    1 1077  718]  (top of 1)  sim=0.888
23:28:18.136 [INFO ] SAM3: mask obtained (score=0.912, area=461236 px)
23:28:18.181 [DEBUG] Grasp point: robust centroid (749, 359)
23:28:18.182 [INFO ] MaskTracker: anchor locked (IoU streak=82, last IoU=0.999)
23:28:18.752 [INFO ] SAM3: 1 detection(s) for 'box'
23:28:18.861 [DEBUG]   det conf=0.90 sim=0.888 pos=0.50 prox=1.00 -> 0.859
23:28:18.905 [INFO ] SAM3: 'box' score=0.90 @ [ 420    1 1077  718]  (top of 1)  sim=0.888
23:28:18.905 [INFO ] SAM3: mask obtained (score=0.904, area=461188 px)
23:28:18.940 [DEBUG] Grasp point: robust centroid (749, 359)
23:28:18.940 [INFO ] MaskTracker: anchor locked (IoU streak=83, last IoU=0.999)
23:28:19.467 [INFO ] SAM3: 1 detection(s) for 'box'
23:28:19.633 [DEBUG]   det conf=0.90 sim=0.885 pos=0.50 prox=1.00 -> 0.857
23:28:19.723 [INFO ] SAM3: 'box' score=0.90 @ [ 420    1 1076  718]  (top of 1)  sim=0.885
23:28:19.723 [INFO ] SAM3: mask obtained (score=0.901, area=461224 px)
23:28:19.769 [DEBUG] Grasp point: robust centroid (749, 360)
23:28:19.770 [INFO ] MaskTracker: anchor locked (IoU streak=84, last IoU=0.999)
23:28:20.386 [INFO ] SAM3: 1 detection(s) for 'box'
23:28:20.465 [DEBUG]   det conf=0.91 sim=0.891 pos=0.50 prox=1.00 -> 0.861
23:28:20.549 [INFO ] SAM3: 'box' score=0.91 @ [ 419    0 1077  717]  (top of 1)  sim=0.891
23:28:20.551 [INFO ] SAM3: mask obtained (score=0.911, area=461256 px)
23:28:20.623 [DEBUG] Grasp point: robust centroid (749, 360)
23:28:20.623 [INFO ] MaskTracker: anchor locked (IoU streak=85, last IoU=0.999)
23:28:21.161 [INFO ] SAM3: 1 detection(s) for 'box'
23:28:21.229 [DEBUG]   det conf=0.90 sim=0.890 pos=0.50 prox=1.00 -> 0.860
23:28:21.443 [INFO ] SAM3: 'box' score=0.90 @ [ 419    0 1077  717]  (top of 1)  sim=0.890
23:28:21.444 [INFO ] SAM3: mask obtained (score=0.900, area=461237 px)
23:28:21.484 [DEBUG] Grasp point: robust centroid (749, 359)
23:28:21.484 [INFO ] MaskTracker: anchor locked (IoU streak=86, last IoU=0.999)
23:28:21.984 [INFO ] SAM3: 1 detection(s) for 'box'
23:28:22.085 [DEBUG]   det conf=0.90 sim=0.886 pos=0.50 prox=1.00 -> 0.858
23:28:22.188 [INFO ] SAM3: 'box' score=0.90 @ [ 420    1 1076  718]  (top of 1)  sim=0.886
23:28:22.192 [INFO ] SAM3: mask obtained (score=0.903, area=461294 px)
23:28:22.252 [DEBUG] Grasp point: robust centroid (749, 359)
23:28:22.252 [INFO ] MaskTracker: anchor locked (IoU streak=87, last IoU=0.999)
23:28:22.693 [INFO ] SAM3: 1 detection(s) for 'box'
23:28:22.803 [DEBUG]   det conf=0.82 sim=0.882 pos=0.50 prox=0.99 -> 0.845
23:28:22.883 [INFO ] SAM3: 'box' score=0.82 @ [ 414    1 1090  718]  (top of 1)  sim=0.882
23:28:22.884 [INFO ] SAM3: mask obtained (score=0.816, area=475345 px)
23:28:22.930 [DEBUG] Grasp point: robust centroid (753, 359)
23:28:22.930 [INFO ] MaskTracker: anchor locked (IoU streak=88, last IoU=0.969)
23:28:23.406 [INFO ] SAM3: 1 detection(s) for 'box'
23:28:23.486 [DEBUG]   det conf=0.89 sim=0.891 pos=0.50 prox=0.99 -> 0.856
23:28:23.526 [INFO ] SAM3: 'box' score=0.89 @ [ 406    2 1107  719]  (top of 1)  sim=0.891
23:28:23.527 [INFO ] SAM3: mask obtained (score=0.892, area=491875 px)
23:28:23.568 [DEBUG] Grasp point: robust centroid (758, 360)
23:28:23.569 [INFO ] MaskTracker: anchor locked (IoU streak=89, last IoU=0.965)
23:28:24.112 [INFO ] SAM3: 1 detection(s) for 'box'
23:28:24.263 [DEBUG]   det conf=0.93 sim=0.894 pos=0.50 prox=0.98 -> 0.861
23:28:24.361 [INFO ] SAM3: 'box' score=0.93 @ [ 399    3 1126  719]  (top of 1)  sim=0.894
23:28:24.362 [INFO ] SAM3: mask obtained (score=0.934, area=509688 px)
23:28:24.396 [DEBUG] Grasp point: robust centroid (764, 360)
23:28:24.396 [INFO ] MaskTracker: anchor locked (IoU streak=90, last IoU=0.964)
23:28:25.019 [INFO ] SAM3: 1 detection(s) for 'box'
23:28:25.253 [DEBUG]   det conf=0.87 sim=0.891 pos=0.50 prox=0.99 -> 0.854
23:28:25.309 [INFO ] SAM3: 'box' score=0.87 @ [ 392    3 1143  719]  (top of 1)  sim=0.891
23:28:25.309 [INFO ] SAM3: mask obtained (score=0.874, area=526900 px)
23:28:25.361 [DEBUG] Grasp point: robust centroid (768, 360)
23:28:25.362 [INFO ] MaskTracker: anchor locked (IoU streak=91, last IoU=0.966)
23:28:25.846 [INFO ] SAM3: 1 detection(s) for 'box'
23:28:26.019 [DEBUG]   det conf=0.90 sim=0.881 pos=0.50 prox=0.98 -> 0.850
23:28:26.240 [INFO ] SAM3: 'box' score=0.90 @ [ 384    3 1165  719]  (top of 1)  sim=0.881
23:28:26.240 [INFO ] SAM3: mask obtained (score=0.898, area=547368 px)
23:28:26.282 [DEBUG] Grasp point: robust centroid (774, 360)
23:28:26.283 [INFO ] MaskTracker: anchor locked (IoU streak=92, last IoU=0.961)
23:28:26.945 [INFO ] SAM3: 1 detection(s) for 'box'
23:28:27.041 [DEBUG]   det conf=0.91 sim=0.878 pos=0.50 prox=0.98 -> 0.849
23:28:27.207 [INFO ] SAM3: 'box' score=0.91 @ [ 376    3 1185  719]  (top of 1)  sim=0.878
23:28:27.207 [INFO ] SAM3: mask obtained (score=0.911, area=569341 px)
23:28:27.265 [DEBUG] Grasp point: robust centroid (782, 360)
23:28:27.265 [INFO ] MaskTracker: anchor locked (IoU streak=93, last IoU=0.960)
23:28:28.066 [INFO ] SAM3: 1 detection(s) for 'box'
23:28:28.208 [DEBUG]   det conf=0.91 sim=0.858 pos=0.50 prox=0.98 -> 0.840
23:28:28.388 [INFO ] SAM3: 'box' score=0.91 @ [ 365    2 1209  719]  (top of 1)  sim=0.858
23:28:28.389 [INFO ] SAM3: mask obtained (score=0.912, area=593722 px)
23:28:28.431 [DEBUG] Grasp point: robust centroid (788, 360)
23:28:28.432 [INFO ] MaskTracker: anchor locked (IoU streak=94, last IoU=0.958)
23:28:28.958 [INFO ] SAM3: 1 detection(s) for 'box'
23:28:29.085 [DEBUG]   det conf=0.93 sim=0.850 pos=0.50 prox=0.98 -> 0.837
23:28:29.226 [INFO ] SAM3: 'box' score=0.93 @ [ 355    2 1235  719]  (top of 1)  sim=0.850
23:28:29.227 [INFO ] SAM3: mask obtained (score=0.928, area=618213 px)
23:28:29.301 [DEBUG] Grasp point: robust centroid (796, 360)
23:28:29.302 [INFO ] MaskTracker: anchor locked (IoU streak=95, last IoU=0.957)
23:28:29.929 [INFO ] SAM3: 1 detection(s) for 'box'
23:28:29.981 [DEBUG]   det conf=0.91 sim=0.851 pos=0.50 prox=0.97 -> 0.835
23:28:30.027 [INFO ] SAM3: 'box' score=0.91 @ [ 344    3 1263  720]  (top of 1)  sim=0.851
23:28:30.028 [INFO ] SAM3: mask obtained (score=0.911, area=645939 px)
23:28:30.063 [DEBUG] Grasp point: robust centroid (805, 359)
23:28:30.064 [INFO ] MaskTracker: anchor locked (IoU streak=96, last IoU=0.955)
23:28:30.581 [INFO ] SAM3: 1 detection(s) for 'box'
23:28:30.707 [DEBUG]   det conf=0.85 sim=0.830 pos=0.50 prox=0.99 -> 0.822
23:28:30.833 [INFO ] SAM3: 'box' score=0.85 @ [ 331    3 1281  720]  (top of 1)  sim=0.830
23:28:30.834 [INFO ] SAM3: mask obtained (score=0.850, area=670099 px)
23:28:30.885 [DEBUG] Grasp point: robust centroid (806, 360)
23:28:30.886 [INFO ] MaskTracker: anchor locked (IoU streak=97, last IoU=0.963)
23:28:30.923 [INFO ] Wrote 103 frame summaries to runs/_smoketest/sam3/frames.jsonl
23:28:30.923 [INFO ] Done.
