18:57:20.550 [INFO ] Logging to /data/user/akanksha/repo/visual_servoing_for_suction_grippers/logs/servo_lastmile_20260510_185720.log
18:57:20.550 [INFO ] ======================================================================
18:57:20.550 [INFO ] servo_lastmile_v2_ext starting
18:57:20.550 [INFO ]   detector=sam3  prompt=box  ref=masked_objects/protein_bar.png  hand-eye=None
18:57:20.550 [INFO ]   offline=False  debug=False  dry-run=False  no-robot=False
18:57:20.550 [INFO ] ======================================================================
18:57:20.567 [INFO ] PyZED available - will use ZED SDK for capture and SVO recording
18:57:21.642 [INFO ] Robot connected: 192.168.1.241
18:57:21.643 [INFO ] Home position captured: [181.3, -7.5, -48.6] mm
18:57:21.650 [INFO ] Processing reference image ...
18:57:25.209 [INFO ] SAM3 loaded: facebook/sam3 on cuda
18:57:25.720 [INFO ] SAM3: 1 detection(s) for 'box'
18:57:25.720 [INFO ] Ref image: detected 'box' score=0.96 @ [  2   1 423 715]
18:57:25.805 [INFO ] Feature extractor (ResNet-18) loaded
18:57:25.831 [INFO ] Ref features: 512-d vector (norm=1.000)
18:57:25.831 [WARNING] Hand-eye: no path supplied; using identity. Signal A (locked-3D projection) will be unreliable. Run a one-time calibrateHandEye to populate.
18:57:25.832 [INFO ] LastMilePipelineV2Ext: detector_name=sam3
18:57:28.041 [INFO ] SAM3: 1 detection(s) for 'box'
18:57:28.043 [DEBUG]   det conf=0.96 sim=0.922 pos=0.43 prox=0.00 -> 0.622
18:57:28.045 [INFO ] SAM3: 'box' score=0.96 @ [562 206 775 616]  (top of 1)  sim=0.922
18:57:28.045 [INFO ] SAM3: mask obtained (score=0.961, area=84062 px)
18:57:28.238 [INFO ] Calibration thread: starting Y/Z Jacobian calibration.
18:57:28.239 [INFO ] === Calibration: waiting for camera frame ===
18:57:28.239 [INFO ] Home: [181.3, -7.5, -48.6] mm
18:57:28.261 [DEBUG] Grasp point: robust centroid (668, 411)
18:57:28.263 [DEBUG] Servo: waiting [calibrating Y...]
18:57:28.276 [INFO ] frame=0 state=FAR       c=(670,410) z=477.3mm tilt=- tilt_corr=False
18:57:28.540 [INFO ]   [Y] moving +25 mm at 30 mm/s...
18:57:28.541 [INFO ] SAM3: 1 detection(s) for 'box'
18:57:28.544 [DEBUG]   det conf=0.96 sim=0.921 pos=0.43 prox=1.00 -> 0.870
18:57:28.546 [INFO ] SAM3: 'box' score=0.96 @ [562 206 775 616]  (top of 1)  sim=0.921
18:57:28.546 [INFO ] SAM3: mask obtained (score=0.960, area=84062 px)
18:57:28.580 [DEBUG] Grasp point: robust centroid (668, 411)
18:57:28.596 [INFO ] frame=1 state=FAR       c=(670,410) z=477.7mm tilt=- tilt_corr=False
18:57:28.880 [INFO ] SAM3: 1 detection(s) for 'box'
18:57:28.883 [DEBUG]   det conf=0.96 sim=0.922 pos=0.43 prox=1.00 -> 0.871
18:57:28.885 [INFO ] SAM3: 'box' score=0.96 @ [562 206 775 616]  (top of 1)  sim=0.922
18:57:28.885 [INFO ] SAM3: mask obtained (score=0.964, area=84081 px)
18:57:28.912 [DEBUG] Grasp point: robust centroid (668, 411)
18:57:31.202 [INFO ]   [Y] returning home...
18:57:31.678 [INFO ] frame=2 state=NEAR      c=(670,410) z=477.7mm tilt=- tilt_corr=False
18:57:31.951 [INFO ] SAM3: 1 detection(s) for 'box'
18:57:31.954 [DEBUG]   det conf=0.96 sim=0.925 pos=0.43 prox=0.90 -> 0.849
18:57:31.956 [INFO ] SAM3: 'box' score=0.96 @ [592 206 804 617]  (top of 1)  sim=0.925
18:57:31.956 [INFO ] SAM3: mask obtained (score=0.956, area=84802 px)
18:57:31.987 [DEBUG] Grasp point: robust centroid (697, 411)
18:57:32.008 [INFO ] frame=3 state=NEAR      c=(699,411) z=477.3mm tilt=0.6° tilt_corr=False
18:57:32.281 [INFO ] SAM3: 1 detection(s) for 'box'
18:57:32.284 [DEBUG]   det conf=0.96 sim=0.924 pos=0.43 prox=0.96 -> 0.862
18:57:32.288 [INFO ] SAM3: 'box' score=0.96 @ [577 208 789 618]  (top of 1)  sim=0.924
18:57:32.288 [INFO ] SAM3: mask obtained (score=0.965, area=84089 px)
18:57:32.317 [DEBUG] Grasp point: robust centroid (683, 413)
18:57:32.336 [INFO ] frame=4 state=NEAR      c=(688,412) z=477.4mm tilt=0.8° tilt_corr=False
18:57:32.414 [WARNING]   [Y] flow too small (0.02 px < 1.0 px threshold) — axis ignored to prevent runaway. Try moving the robot closer or increasing CAL_DELTA.
18:57:32.612 [INFO ] SAM3: 1 detection(s) for 'box'
18:57:32.614 [DEBUG]   det conf=0.96 sim=0.921 pos=0.42 prox=0.96 -> 0.861
18:57:32.616 [INFO ] SAM3: 'box' score=0.96 @ [564 209 777 619]  (top of 1)  sim=0.921
18:57:32.616 [INFO ] SAM3: mask obtained (score=0.960, area=84511 px)
18:57:32.647 [DEBUG] Grasp point: robust centroid (670, 414)
18:57:32.667 [INFO ] frame=5 state=NEAR      c=(676,413) z=477.4mm tilt=0.6° tilt_corr=False
18:57:32.715 [INFO ]   [Z] moving +25 mm at 30 mm/s...
18:57:32.943 [INFO ] SAM3: 1 detection(s) for 'box'
18:57:32.945 [DEBUG]   det conf=0.96 sim=0.920 pos=0.42 prox=1.00 -> 0.870
18:57:32.947 [INFO ] SAM3: 'box' score=0.96 @ [563 209 775 619]  (top of 1)  sim=0.920
18:57:32.947 [INFO ] SAM3: mask obtained (score=0.965, area=84182 px)
18:57:32.983 [DEBUG] Grasp point: robust centroid (669, 414)
18:57:33.004 [INFO ] frame=6 state=NEAR      c=(672,413) z=477.1mm tilt=0.6° tilt_corr=False
18:57:33.262 [INFO ] SAM3: 1 detection(s) for 'box'
18:57:33.265 [DEBUG]   det conf=0.96 sim=0.920 pos=0.42 prox=0.99 -> 0.868
18:57:33.267 [INFO ] SAM3: 'box' score=0.96 @ [563 211 775 621]  (top of 1)  sim=0.920
18:57:33.267 [INFO ] SAM3: mask obtained (score=0.963, area=84129 px)
18:57:33.298 [DEBUG] Grasp point: robust centroid (669, 416)
18:57:33.307 [DEBUG] Servo: waiting [calibrating Z...]
18:57:33.318 [INFO ] frame=7 state=NEAR      c=(670,414) z=477.3mm tilt=0.5° tilt_corr=False
18:57:33.598 [INFO ] SAM3: 1 detection(s) for 'box'
18:57:33.601 [DEBUG]   det conf=0.97 sim=0.926 pos=0.40 prox=0.96 -> 0.859
18:57:33.604 [INFO ] SAM3: 'box' score=0.97 @ [563 224 775 634]  (top of 1)  sim=0.926
18:57:33.604 [INFO ] SAM3: mask obtained (score=0.967, area=84331 px)
18:57:33.633 [DEBUG] Grasp point: robust centroid (669, 429)
18:57:33.633 [INFO ] MaskTracker: anchor locked (IoU streak=5, last IoU=0.934)
18:57:33.652 [INFO ] frame=8 state=NEAR      c=(670,424) z=477.4mm tilt=1.0° tilt_corr=False
18:57:33.926 [INFO ] SAM3: 1 detection(s) for 'box'
18:57:33.929 [DEBUG]   det conf=0.97 sim=0.923 pos=0.38 prox=0.95 -> 0.853
18:57:33.931 [INFO ] SAM3: 'box' score=0.97 @ [563 239 775 649]  (top of 1)  sim=0.923
18:57:33.931 [INFO ] SAM3: mask obtained (score=0.968, area=84155 px)
18:57:33.960 [DEBUG] Grasp point: robust centroid (668, 444)
18:57:33.961 [INFO ] MaskTracker: anchor locked (IoU streak=6, last IoU=0.925)
18:57:33.981 [INFO ] frame=9 state=NEAR      c=(669,438) z=477.9mm tilt=1.9° tilt_corr=False
18:57:34.255 [INFO ] SAM3: 1 detection(s) for 'box'
18:57:34.257 [DEBUG]   det conf=0.97 sim=0.926 pos=0.37 prox=0.97 -> 0.858
18:57:34.259 [INFO ] SAM3: 'box' score=0.97 @ [563 249 775 658]  (top of 1)  sim=0.926
18:57:34.260 [INFO ] SAM3: mask obtained (score=0.968, area=83878 px)
18:57:34.288 [DEBUG] Grasp point: robust centroid (669, 453)
18:57:34.288 [INFO ] MaskTracker: anchor locked (IoU streak=7, last IoU=0.954)
18:57:34.313 [INFO ] frame=10 state=NEAR      c=(669,448) z=478.0mm tilt=1.3° tilt_corr=False
18:57:34.589 [INFO ] SAM3: 1 detection(s) for 'box'
18:57:34.592 [DEBUG]   det conf=0.97 sim=0.925 pos=0.37 prox=1.00 -> 0.865
18:57:34.594 [INFO ] SAM3: 'box' score=0.97 @ [563 249 775 658]  (top of 1)  sim=0.925
18:57:34.594 [INFO ] SAM3: mask obtained (score=0.971, area=83866 px)
18:57:34.623 [DEBUG] Grasp point: robust centroid (668, 454)
18:57:34.623 [INFO ] MaskTracker: anchor locked (IoU streak=8, last IoU=0.999)
18:57:34.642 [INFO ] frame=11 state=NEAR      c=(669,451) z=477.9mm tilt=2.4° tilt_corr=False
18:57:34.908 [INFO ] SAM3: 1 detection(s) for 'box'
18:57:34.911 [DEBUG]   det conf=0.97 sim=0.925 pos=0.37 prox=1.00 -> 0.864
18:57:34.913 [INFO ] SAM3: 'box' score=0.97 @ [563 249 775 658]  (top of 1)  sim=0.925
18:57:34.913 [INFO ] SAM3: mask obtained (score=0.969, area=83843 px)
18:57:34.942 [DEBUG] Grasp point: robust centroid (668, 454)
18:57:34.943 [INFO ] MaskTracker: anchor locked (IoU streak=9, last IoU=0.999)
18:57:34.963 [INFO ] frame=12 state=NEAR      c=(669,452) z=478.0mm tilt=1.1° tilt_corr=False
18:57:35.238 [INFO ] SAM3: 1 detection(s) for 'box'
18:57:35.242 [DEBUG]   det conf=0.97 sim=0.925 pos=0.37 prox=1.00 -> 0.864
18:57:35.244 [INFO ] SAM3: 'box' score=0.97 @ [563 249 775 658]  (top of 1)  sim=0.925
18:57:35.244 [INFO ] SAM3: mask obtained (score=0.970, area=83894 px)
18:57:35.272 [DEBUG] Grasp point: robust centroid (668, 453)
18:57:35.272 [INFO ] MaskTracker: anchor locked (IoU streak=10, last IoU=0.999)
18:57:35.291 [INFO ] frame=13 state=NEAR      c=(669,452) z=478.2mm tilt=1.9° tilt_corr=False
18:57:35.377 [INFO ]   [Z] returning home...
18:57:35.595 [INFO ] SAM3: 1 detection(s) for 'box'
18:57:35.597 [DEBUG]   det conf=0.97 sim=0.926 pos=0.37 prox=1.00 -> 0.864
18:57:35.600 [INFO ] SAM3: 'box' score=0.97 @ [563 249 775 658]  (top of 1)  sim=0.926
18:57:35.600 [INFO ] SAM3: mask obtained (score=0.971, area=83907 px)
18:57:35.628 [DEBUG] Grasp point: robust centroid (669, 453)
18:57:35.628 [INFO ] MaskTracker: anchor locked (IoU streak=11, last IoU=0.999)
18:57:35.646 [INFO ] frame=14 state=NEAR      c=(669,452) z=478.4mm tilt=2.7° tilt_corr=False
18:57:35.903 [INFO ] SAM3: 1 detection(s) for 'box'
18:57:35.906 [DEBUG]   det conf=0.97 sim=0.926 pos=0.37 prox=1.00 -> 0.865
18:57:35.908 [INFO ] SAM3: 'box' score=0.97 @ [563 248 775 656]  (top of 1)  sim=0.926
18:57:35.908 [INFO ] SAM3: mask obtained (score=0.968, area=83763 px)
18:57:35.938 [DEBUG] Grasp point: robust centroid (668, 452)
18:57:35.938 [INFO ] MaskTracker: anchor locked (IoU streak=12, last IoU=0.992)
18:57:35.957 [INFO ] frame=15 state=NEAR      c=(669,451) z=478.4mm tilt=0.3° tilt_corr=False
18:57:36.235 [INFO ] SAM3: 1 detection(s) for 'box'
18:57:36.238 [DEBUG]   det conf=0.97 sim=0.925 pos=0.39 prox=0.96 -> 0.859
18:57:36.240 [INFO ] SAM3: 'box' score=0.97 @ [563 236 775 644]  (top of 1)  sim=0.925
18:57:36.240 [INFO ] SAM3: mask obtained (score=0.971, area=83894 px)
18:57:36.268 [DEBUG] Grasp point: robust centroid (668, 440)
18:57:36.269 [INFO ] MaskTracker: anchor locked (IoU streak=13, last IoU=0.941)
18:57:36.289 [INFO ] frame=16 state=NEAR      c=(669,443) z=478.4mm tilt=2.2° tilt_corr=False
18:57:36.545 [INFO ]   [Z] flow: (-0.4, +39.5) px / 25 mm  -> J[:,{col}]=[-0.0146, +1.5811]
18:57:36.545 [INFO ] J_yz (px/mm):
[[ 0.         -0.014646  ]
 [ 0.          1.58107422]]
18:57:36.546 [INFO ] J_yz_inv (mm/px):
[[ 0.          0.        ]
 [-0.00585837  0.63242711]]
18:57:36.546 [INFO ] === Calibration complete [partial cal (rank=1)] ===
18:57:36.571 [INFO ] SAM3: 1 detection(s) for 'box'
18:57:36.574 [DEBUG]   det conf=0.96 sim=0.923 pos=0.41 prox=0.95 -> 0.857
18:57:36.576 [INFO ] SAM3: 'box' score=0.96 @ [563 220 775 630]  (top of 1)  sim=0.923
18:57:36.576 [INFO ] SAM3: mask obtained (score=0.961, area=84021 px)
18:57:36.605 [DEBUG] Grasp point: robust centroid (668, 426)
18:57:36.605 [INFO ] MaskTracker: anchor locked (IoU streak=14, last IoU=0.926)
18:57:37.017 [INFO ] Servo: err=(+29,+70)px r=76  Δ=(+0.0,+1.5,-3.5)mm  pos=(181,-6,-52)  [partial cal (rank=1)]
18:57:37.030 [INFO ] frame=17 state=NEAR      c=(669,430) z=478.3mm tilt=1.4° tilt_corr=False
18:57:37.291 [INFO ] SAM3: 1 detection(s) for 'box'
18:57:37.295 [DEBUG]   det conf=0.96 sim=0.920 pos=0.43 prox=0.95 -> 0.859
18:57:37.303 [INFO ] SAM3: 'box' score=0.96 @ [565 207 777 616]  (top of 1)  sim=0.920
18:57:37.303 [INFO ] SAM3: mask obtained (score=0.962, area=84526 px)
18:57:37.333 [DEBUG] Grasp point: robust centroid (672, 412)
18:57:37.333 [INFO ] MaskTracker: anchor locked (IoU streak=15, last IoU=0.918)
18:57:37.746 [INFO ] Servo: err=(+31,+57)px r=64  Δ=(+0.0,+1.5,-2.8)mm  pos=(181,-4,-55)  [partial cal (rank=1)]
18:57:37.758 [INFO ] frame=18 state=NEAR      c=(671,417) z=478.1mm tilt=1.7° tilt_corr=False
18:57:38.036 [INFO ] SAM3: 1 detection(s) for 'box'
18:57:38.039 [DEBUG]   det conf=0.96 sim=0.924 pos=0.43 prox=0.99 -> 0.869
18:57:38.041 [INFO ] SAM3: 'box' score=0.96 @ [568 203 780 613]  (top of 1)  sim=0.924
18:57:38.042 [INFO ] SAM3: mask obtained (score=0.955, area=84244 px)
18:57:38.071 [DEBUG] Grasp point: robust centroid (674, 408)
18:57:38.072 [INFO ] MaskTracker: anchor locked (IoU streak=16, last IoU=0.957)
18:57:38.335 [INFO ] Servo: err=(+33,+50)px r=60  Δ=(+0.0,+1.7,-2.5)mm  pos=(181,-3,-57)  [partial cal (rank=1)]
18:57:38.345 [INFO ] frame=19 state=NEAR      c=(673,410) z=478.2mm tilt=0.4° tilt_corr=False
18:57:38.615 [INFO ] SAM3: 1 detection(s) for 'box'
18:57:38.618 [DEBUG]   det conf=0.96 sim=0.923 pos=0.43 prox=1.00 -> 0.871
18:57:38.619 [INFO ] SAM3: 'box' score=0.96 @ [569 202 781 613]  (top of 1)  sim=0.923
18:57:38.619 [INFO ] SAM3: mask obtained (score=0.955, area=84571 px)
18:57:38.648 [DEBUG] Grasp point: robust centroid (675, 408)
18:57:38.649 [INFO ] MaskTracker: anchor locked (IoU streak=17, last IoU=0.987)
18:57:38.661 [INFO ] Servo: err=(+35,+48)px r=59  Δ=(+0.0,+1.7,-2.4)mm  pos=(181,-2,-59)  [partial cal (rank=1)]
18:57:38.673 [INFO ] frame=20 state=NEAR      c=(675,408) z=477.8mm tilt=0.8° tilt_corr=False
18:57:38.959 [INFO ] SAM3: 1 detection(s) for 'box'
18:57:38.962 [DEBUG]   det conf=0.96 sim=0.924 pos=0.43 prox=1.00 -> 0.872
18:57:38.964 [INFO ] SAM3: 'box' score=0.96 @ [570 202 781 612]  (top of 1)  sim=0.924
18:57:38.964 [INFO ] SAM3: mask obtained (score=0.955, area=84832 px)
18:57:38.995 [DEBUG] Grasp point: robust centroid (676, 408)
18:57:38.996 [INFO ] MaskTracker: anchor locked (IoU streak=18, last IoU=0.987)
18:57:39.007 [INFO ] Servo: err=(+36,+47)px r=59  Δ=(+0.0,+1.8,-2.3)mm  pos=(181,-2,-59)  [partial cal (rank=1)]
18:57:39.018 [INFO ] frame=21 state=NEAR      c=(676,407) z=477.6mm tilt=1.5° tilt_corr=False
18:57:39.301 [INFO ] SAM3: 1 detection(s) for 'box'
18:57:39.304 [DEBUG]   det conf=0.96 sim=0.925 pos=0.43 prox=1.00 -> 0.873
18:57:39.305 [INFO ] SAM3: 'box' score=0.96 @ [570 202 781 612]  (top of 1)  sim=0.925
18:57:39.306 [INFO ] SAM3: mask obtained (score=0.959, area=84793 px)
18:57:39.332 [DEBUG] Grasp point: robust centroid (676, 407)
18:57:39.333 [INFO ] MaskTracker: anchor locked (IoU streak=19, last IoU=0.998)
18:57:39.340 [INFO ] Servo: err=(+36,+46)px r=59  Δ=(+0.0,+1.8,-2.3)mm  pos=(181,-2,-59)  [partial cal (rank=1)]
18:57:39.350 [INFO ] frame=22 state=NEAR      c=(676,406) z=477.5mm tilt=2.9° tilt_corr=False
18:57:39.626 [INFO ] SAM3: 1 detection(s) for 'box'
18:57:39.628 [DEBUG]   det conf=0.96 sim=0.925 pos=0.43 prox=1.00 -> 0.873
18:57:39.631 [INFO ] SAM3: 'box' score=0.96 @ [570 202 781 612]  (top of 1)  sim=0.925
18:57:39.631 [INFO ] SAM3: mask obtained (score=0.960, area=84804 px)
18:57:39.659 [DEBUG] Grasp point: robust centroid (676, 407)
18:57:39.659 [INFO ] MaskTracker: anchor locked (IoU streak=20, last IoU=0.999)
18:57:39.668 [INFO ] Servo: err=(+36,+46)px r=59  Δ=(+0.0,+1.8,-2.3)mm  pos=(181,-2,-59)  [partial cal (rank=1)]
18:57:39.678 [INFO ] frame=23 state=NEAR      c=(676,406) z=477.4mm tilt=1.9° tilt_corr=False
18:57:39.942 [INFO ] SAM3: 1 detection(s) for 'box'
18:57:39.944 [DEBUG]   det conf=0.96 sim=0.924 pos=0.43 prox=1.00 -> 0.873
18:57:39.946 [INFO ] SAM3: 'box' score=0.96 @ [570 202 781 612]  (top of 1)  sim=0.924
18:57:39.947 [INFO ] SAM3: mask obtained (score=0.959, area=84758 px)
18:57:39.977 [DEBUG] Grasp point: robust centroid (676, 407)
18:57:39.978 [INFO ] MaskTracker: anchor locked (IoU streak=21, last IoU=0.998)
18:57:39.986 [INFO ] Servo: err=(+36,+46)px r=59  Δ=(+0.0,+1.8,-2.3)mm  pos=(181,-2,-59)  [partial cal (rank=1)]
18:57:39.996 [INFO ] frame=24 state=NEAR      c=(676,406) z=477.3mm tilt=2.8° tilt_corr=False
18:57:40.267 [INFO ] SAM3: 1 detection(s) for 'box'
18:57:40.269 [DEBUG]   det conf=0.96 sim=0.923 pos=0.43 prox=1.00 -> 0.872
18:57:40.271 [INFO ] SAM3: 'box' score=0.96 @ [570 202 781 612]  (top of 1)  sim=0.923
18:57:40.271 [INFO ] SAM3: mask obtained (score=0.961, area=84754 px)
18:57:40.299 [DEBUG] Grasp point: robust centroid (676, 407)
18:57:40.300 [INFO ] MaskTracker: anchor locked (IoU streak=22, last IoU=0.999)
18:57:40.308 [INFO ] Servo: err=(+36,+46)px r=59  Δ=(+0.0,+1.8,-2.3)mm  pos=(181,-2,-59)  [partial cal (rank=1)]
18:57:40.319 [INFO ] frame=25 state=NEAR      c=(676,406) z=477.2mm tilt=1.8° tilt_corr=False
18:57:40.600 [INFO ] SAM3: 1 detection(s) for 'box'
18:57:40.603 [DEBUG]   det conf=0.96 sim=0.924 pos=0.43 prox=1.00 -> 0.872
18:57:40.605 [INFO ] SAM3: 'box' score=0.96 @ [570 202 781 612]  (top of 1)  sim=0.924
18:57:40.605 [INFO ] SAM3: mask obtained (score=0.955, area=84827 px)
18:57:40.633 [DEBUG] Grasp point: robust centroid (676, 407)
18:57:40.633 [INFO ] MaskTracker: anchor locked (IoU streak=23, last IoU=0.998)
18:57:40.642 [INFO ] Servo: err=(+36,+46)px r=59  Δ=(+0.0,+1.8,-2.3)mm  pos=(181,-2,-59)  [partial cal (rank=1)]
18:57:40.653 [INFO ] frame=26 state=NEAR      c=(676,406) z=477.1mm tilt=3.1° tilt_corr=False
18:57:40.927 [INFO ] SAM3: 1 detection(s) for 'box'
18:57:40.929 [DEBUG]   det conf=0.96 sim=0.923 pos=0.43 prox=1.00 -> 0.872
18:57:40.931 [INFO ] SAM3: 'box' score=0.96 @ [570 202 781 612]  (top of 1)  sim=0.923
18:57:40.931 [INFO ] SAM3: mask obtained (score=0.958, area=84820 px)
18:57:40.962 [DEBUG] Grasp point: robust centroid (676, 407)
18:57:40.963 [INFO ] MaskTracker: anchor locked (IoU streak=24, last IoU=0.998)
18:57:40.973 [INFO ] Servo: err=(+36,+46)px r=59  Δ=(+0.0,+1.8,-2.3)mm  pos=(181,-2,-59)  [partial cal (rank=1)]
18:57:40.983 [INFO ] frame=27 state=NEAR      c=(676,406) z=477.1mm tilt=2.3° tilt_corr=False
18:57:41.244 [INFO ] SAM3: 1 detection(s) for 'box'
18:57:41.246 [DEBUG]   det conf=0.96 sim=0.924 pos=0.43 prox=1.00 -> 0.873
18:57:41.248 [INFO ] SAM3: 'box' score=0.96 @ [570 202 781 612]  (top of 1)  sim=0.924
18:57:41.249 [INFO ] SAM3: mask obtained (score=0.959, area=84832 px)
18:57:41.279 [DEBUG] Grasp point: robust centroid (676, 407)
18:57:41.280 [INFO ] MaskTracker: anchor locked (IoU streak=25, last IoU=0.998)
18:57:41.290 [INFO ] Servo: err=(+36,+46)px r=59  Δ=(+0.0,+1.8,-2.3)mm  pos=(181,-2,-59)  [partial cal (rank=1)]
18:57:41.304 [INFO ] frame=28 state=NEAR      c=(676,406) z=477.0mm tilt=2.7° tilt_corr=False
18:57:41.582 [INFO ] SAM3: 1 detection(s) for 'box'
18:57:41.585 [DEBUG]   det conf=0.96 sim=0.924 pos=0.43 prox=1.00 -> 0.873
18:57:41.587 [INFO ] SAM3: 'box' score=0.96 @ [570 202 781 612]  (top of 1)  sim=0.924
18:57:41.587 [INFO ] SAM3: mask obtained (score=0.959, area=84769 px)
18:57:41.616 [DEBUG] Grasp point: robust centroid (676, 406)
18:57:41.616 [INFO ] MaskTracker: anchor locked (IoU streak=26, last IoU=0.998)
18:57:41.626 [INFO ] Servo: err=(+36,+46)px r=59  Δ=(+0.0,+1.8,-2.3)mm  pos=(181,-2,-59)  [partial cal (rank=1)]
18:57:41.636 [INFO ] frame=29 state=NEAR      c=(676,406) z=476.9mm tilt=3.2° tilt_corr=False
18:57:41.918 [INFO ] SAM3: 1 detection(s) for 'box'
18:57:41.921 [DEBUG]   det conf=0.96 sim=0.923 pos=0.43 prox=1.00 -> 0.871
18:57:41.923 [INFO ] SAM3: 'box' score=0.96 @ [570 202 781 612]  (top of 1)  sim=0.923
18:57:41.923 [INFO ] SAM3: mask obtained (score=0.956, area=84879 px)
18:57:41.957 [DEBUG] Grasp point: robust centroid (676, 408)
18:57:41.957 [INFO ] MaskTracker: anchor locked (IoU streak=27, last IoU=0.998)
18:57:41.966 [INFO ] Servo: err=(+36,+46)px r=59  Δ=(+0.0,+1.8,-2.3)mm  pos=(181,-2,-59)  [partial cal (rank=1)]
18:57:41.976 [INFO ] frame=30 state=NEAR      c=(676,406) z=476.8mm tilt=1.7° tilt_corr=False
18:57:42.239 [INFO ] SAM3: 1 detection(s) for 'box'
18:57:42.242 [DEBUG]   det conf=0.96 sim=0.923 pos=0.43 prox=1.00 -> 0.872
18:57:42.243 [INFO ] SAM3: 'box' score=0.96 @ [570 202 781 612]  (top of 1)  sim=0.923
18:57:42.244 [INFO ] SAM3: mask obtained (score=0.961, area=84786 px)
18:57:42.273 [DEBUG] Grasp point: robust centroid (676, 407)
18:57:42.273 [INFO ] MaskTracker: anchor locked (IoU streak=28, last IoU=0.998)
18:57:42.285 [INFO ] Servo: err=(+36,+46)px r=59  Δ=(+0.0,+1.8,-2.3)mm  pos=(181,-2,-59)  [partial cal (rank=1)]
18:57:42.295 [INFO ] frame=31 state=NEAR      c=(676,406) z=476.8mm tilt=2.3° tilt_corr=False
18:57:42.561 [INFO ] SAM3: 1 detection(s) for 'box'
18:57:42.564 [DEBUG]   det conf=0.96 sim=0.925 pos=0.43 prox=1.00 -> 0.873
18:57:42.566 [INFO ] SAM3: 'box' score=0.96 @ [570 202 781 612]  (top of 1)  sim=0.925
18:57:42.566 [INFO ] SAM3: mask obtained (score=0.958, area=84818 px)
18:57:42.606 [DEBUG] Grasp point: robust centroid (676, 406)
18:57:42.606 [INFO ] MaskTracker: anchor locked (IoU streak=29, last IoU=0.998)
18:57:42.615 [INFO ] Servo: err=(+36,+46)px r=59  Δ=(+0.0,+1.8,-2.3)mm  pos=(181,-2,-59)  [partial cal (rank=1)]
18:57:42.624 [INFO ] frame=32 state=NEAR      c=(676,406) z=476.7mm tilt=2.6° tilt_corr=False
18:57:42.901 [INFO ] SAM3: 1 detection(s) for 'box'
18:57:42.903 [DEBUG]   det conf=0.96 sim=0.923 pos=0.43 prox=1.00 -> 0.871
18:57:42.905 [INFO ] SAM3: 'box' score=0.96 @ [570 202 781 612]  (top of 1)  sim=0.923
18:57:42.905 [INFO ] SAM3: mask obtained (score=0.957, area=84784 px)
18:57:42.933 [DEBUG] Grasp point: robust centroid (676, 407)
18:57:42.933 [INFO ] MaskTracker: anchor locked (IoU streak=30, last IoU=0.999)
18:57:42.942 [INFO ] Servo: err=(+36,+46)px r=59  Δ=(+0.0,+1.8,-2.3)mm  pos=(181,-2,-59)  [partial cal (rank=1)]
18:57:42.952 [INFO ] frame=33 state=NEAR      c=(676,406) z=476.7mm tilt=1.1° tilt_corr=False
18:57:43.223 [INFO ] SAM3: 1 detection(s) for 'box'
18:57:43.225 [DEBUG]   det conf=0.96 sim=0.922 pos=0.43 prox=1.00 -> 0.872
18:57:43.227 [INFO ] SAM3: 'box' score=0.96 @ [570 202 781 612]  (top of 1)  sim=0.922
18:57:43.227 [INFO ] SAM3: mask obtained (score=0.959, area=84815 px)
18:57:43.255 [DEBUG] Grasp point: robust centroid (676, 407)
18:57:43.255 [INFO ] MaskTracker: anchor locked (IoU streak=31, last IoU=0.998)
18:57:43.264 [INFO ] Servo: err=(+36,+46)px r=59  Δ=(+0.0,+1.8,-2.3)mm  pos=(181,-2,-59)  [partial cal (rank=1)]
18:57:43.275 [INFO ] frame=34 state=NEAR      c=(676,406) z=476.6mm tilt=2.1° tilt_corr=False
18:57:43.551 [INFO ] SAM3: 1 detection(s) for 'box'
18:57:43.554 [DEBUG]   det conf=0.96 sim=0.924 pos=0.43 prox=1.00 -> 0.872
18:57:43.557 [INFO ] SAM3: 'box' score=0.96 @ [570 202 781 612]  (top of 1)  sim=0.924
18:57:43.557 [INFO ] SAM3: mask obtained (score=0.959, area=84845 px)
18:57:43.589 [DEBUG] Grasp point: robust centroid (676, 407)
18:57:43.589 [INFO ] MaskTracker: anchor locked (IoU streak=32, last IoU=0.999)
18:57:43.598 [INFO ] Servo: err=(+36,+46)px r=59  Δ=(+0.0,+1.8,-2.3)mm  pos=(181,-2,-59)  [partial cal (rank=1)]
18:57:43.608 [INFO ] frame=35 state=NEAR      c=(676,406) z=476.7mm tilt=1.4° tilt_corr=False
18:57:43.866 [INFO ] SAM3: 1 detection(s) for 'box'
18:57:43.868 [DEBUG]   det conf=0.96 sim=0.925 pos=0.43 prox=1.00 -> 0.873
18:57:43.870 [INFO ] SAM3: 'box' score=0.96 @ [570 202 781 612]  (top of 1)  sim=0.925
18:57:43.871 [INFO ] SAM3: mask obtained (score=0.957, area=84823 px)
18:57:43.905 [DEBUG] Grasp point: robust centroid (676, 406)
18:57:43.905 [INFO ] MaskTracker: anchor locked (IoU streak=33, last IoU=0.999)
18:57:43.914 [INFO ] Servo: err=(+36,+46)px r=59  Δ=(+0.0,+1.8,-2.3)mm  pos=(181,-2,-59)  [partial cal (rank=1)]
18:57:43.926 [INFO ] frame=36 state=NEAR      c=(676,406) z=476.6mm tilt=3.7° tilt_corr=False
18:57:44.198 [INFO ] SAM3: 1 detection(s) for 'box'
18:57:44.201 [DEBUG]   det conf=0.96 sim=0.925 pos=0.43 prox=1.00 -> 0.872
18:57:44.203 [INFO ] SAM3: 'box' score=0.96 @ [570 202 781 612]  (top of 1)  sim=0.925
18:57:44.203 [INFO ] SAM3: mask obtained (score=0.956, area=84801 px)
18:57:44.231 [DEBUG] Grasp point: robust centroid (676, 407)
18:57:44.231 [INFO ] MaskTracker: anchor locked (IoU streak=34, last IoU=0.999)
18:57:44.241 [INFO ] Servo: err=(+36,+46)px r=59  Δ=(+0.0,+1.8,-2.3)mm  pos=(181,-2,-59)  [partial cal (rank=1)]
18:57:44.253 [INFO ] frame=37 state=NEAR      c=(676,406) z=476.6mm tilt=1.8° tilt_corr=False
18:57:44.529 [INFO ] SAM3: 1 detection(s) for 'box'
18:57:44.532 [DEBUG]   det conf=0.96 sim=0.925 pos=0.43 prox=1.00 -> 0.873
18:57:44.534 [INFO ] SAM3: 'box' score=0.96 @ [570 202 781 612]  (top of 1)  sim=0.925
18:57:44.535 [INFO ] SAM3: mask obtained (score=0.957, area=84822 px)
18:57:44.566 [DEBUG] Grasp point: robust centroid (676, 406)
18:57:44.566 [INFO ] MaskTracker: anchor locked (IoU streak=35, last IoU=0.999)
18:57:44.575 [INFO ] Servo: err=(+36,+46)px r=59  Δ=(+0.0,+1.8,-2.3)mm  pos=(181,-2,-59)  [partial cal (rank=1)]
18:57:44.586 [INFO ] frame=38 state=NEAR      c=(676,406) z=476.6mm tilt=2.6° tilt_corr=False
18:57:44.884 [INFO ] SAM3: 1 detection(s) for 'box'
18:57:44.887 [DEBUG]   det conf=0.96 sim=0.922 pos=0.43 prox=1.00 -> 0.871
18:57:44.889 [INFO ] SAM3: 'box' score=0.96 @ [570 202 781 612]  (top of 1)  sim=0.922
18:57:44.889 [INFO ] SAM3: mask obtained (score=0.961, area=84807 px)
18:57:44.919 [DEBUG] Grasp point: robust centroid (676, 407)
18:57:44.919 [INFO ] MaskTracker: anchor locked (IoU streak=36, last IoU=0.998)
18:57:44.930 [INFO ] Servo: err=(+36,+46)px r=59  Δ=(+0.0,+1.8,-2.3)mm  pos=(181,-2,-59)  [partial cal (rank=1)]
18:57:44.942 [INFO ] frame=39 state=NEAR      c=(676,406) z=476.6mm tilt=2.3° tilt_corr=False
18:57:45.233 [INFO ] SAM3: 1 detection(s) for 'box'
18:57:45.236 [DEBUG]   det conf=0.96 sim=0.924 pos=0.43 prox=1.00 -> 0.873
18:57:45.238 [INFO ] SAM3: 'box' score=0.96 @ [570 202 781 612]  (top of 1)  sim=0.924
18:57:45.238 [INFO ] SAM3: mask obtained (score=0.958, area=84812 px)
18:57:45.266 [DEBUG] Grasp point: robust centroid (676, 407)
18:57:45.267 [INFO ] MaskTracker: anchor locked (IoU streak=37, last IoU=0.999)
18:57:45.276 [INFO ] Servo: err=(+36,+46)px r=59  Δ=(+0.0,+1.8,-2.3)mm  pos=(181,-2,-59)  [partial cal (rank=1)]
18:57:45.289 [INFO ] frame=40 state=NEAR      c=(676,406) z=476.6mm tilt=2.7° tilt_corr=False
18:57:45.562 [INFO ] SAM3: 1 detection(s) for 'box'
18:57:45.565 [DEBUG]   det conf=0.96 sim=0.922 pos=0.43 prox=1.00 -> 0.872
18:57:45.567 [INFO ] SAM3: 'box' score=0.96 @ [570 202 781 612]  (top of 1)  sim=0.922
18:57:45.567 [INFO ] SAM3: mask obtained (score=0.959, area=84765 px)
18:57:45.601 [DEBUG] Grasp point: robust centroid (677, 407)
18:57:45.602 [INFO ] MaskTracker: anchor locked (IoU streak=38, last IoU=0.998)
18:57:45.612 [INFO ] Servo: err=(+36,+46)px r=59  Δ=(+0.0,+1.8,-2.3)mm  pos=(181,-2,-59)  [partial cal (rank=1)]
18:57:45.625 [INFO ] frame=41 state=NEAR      c=(676,406) z=476.5mm tilt=1.4° tilt_corr=False
18:57:45.899 [INFO ] SAM3: 1 detection(s) for 'box'
18:57:45.902 [DEBUG]   det conf=0.96 sim=0.923 pos=0.43 prox=1.00 -> 0.872
18:57:45.903 [INFO ] SAM3: 'box' score=0.96 @ [570 202 781 612]  (top of 1)  sim=0.923
18:57:45.904 [INFO ] SAM3: mask obtained (score=0.960, area=84770 px)
18:57:45.931 [DEBUG] Grasp point: robust centroid (676, 407)
18:57:45.932 [INFO ] MaskTracker: anchor locked (IoU streak=39, last IoU=0.998)
18:57:45.941 [INFO ] Servo: err=(+36,+46)px r=59  Δ=(+0.0,+1.8,-2.3)mm  pos=(181,-2,-59)  [partial cal (rank=1)]
18:57:45.947 [INFO ] Quit requested via window key.
18:57:45.953 [INFO ] frame=42 state=NEAR      c=(676,406) z=476.5mm tilt=0.6° tilt_corr=False
18:57:46.447 [INFO ] Returning to home position [181.3, -7.5, -48.6] mm ...
18:57:46.450 [INFO ] Home position reached.
18:57:46.450 [INFO ] Robot stopped.
18:57:46.456 [INFO ] Done.
