18:37:41.402 [INFO ] Logging to /data/user/akanksha/repo/visual_servoing_for_suction_grippers/logs/servo_lastmile_20260510_183741.log
18:37:41.402 [INFO ] ======================================================================
18:37:41.402 [INFO ] servo_lastmile_v2_ext starting
18:37:41.403 [INFO ]   detector=sam3  prompt=box  ref=masked_objects/protein_bar.png  hand-eye=None
18:37:41.403 [INFO ]   offline=False  debug=False  dry-run=False  no-robot=False
18:37:41.403 [INFO ] ======================================================================
18:37:41.427 [INFO ] PyZED available - will use ZED SDK for capture and SVO recording
18:37:42.505 [INFO ] Robot connected: 192.168.1.241
18:37:42.506 [INFO ] Home position captured: [181.3, -7.5, -48.6] mm
18:37:42.514 [INFO ] Processing reference image ...
18:37:46.251 [INFO ] SAM3 loaded: facebook/sam3 on cuda
18:37:46.882 [INFO ] SAM3: 1 detection(s) for 'box'
18:37:46.882 [INFO ] Ref image: detected 'box' score=0.96 @ [  2   1 423 715]
18:37:47.013 [INFO ] Feature extractor (ResNet-18) loaded
18:37:47.046 [INFO ] Ref features: 512-d vector (norm=1.000)
18:37:47.047 [WARNING] Hand-eye: no path supplied; using identity. Signal A (locked-3D projection) will be unreliable. Run a one-time calibrateHandEye to populate.
18:37:47.047 [INFO ] LastMilePipelineV2Ext: detector_name=sam3
18:37:49.175 [INFO ] SAM3: 1 detection(s) for 'box'
18:37:49.178 [DEBUG]   det conf=0.98 sim=0.912 pos=0.42 prox=0.00 -> 0.617
18:37:49.181 [INFO ] SAM3: 'box' score=0.98 @ [714 208 951 620]  (top of 1)  sim=0.912
18:37:49.181 [INFO ] SAM3: mask obtained (score=0.978, area=94219 px)
18:37:49.271 [INFO ] Calibration thread: starting Y/Z Jacobian calibration.
18:37:49.271 [INFO ] === Calibration: waiting for camera frame ===
18:37:49.272 [INFO ] Home: [181.3, -7.5, -48.6] mm
18:37:49.573 [INFO ]   [Y] moving +25 mm at 30 mm/s...
18:37:49.728 [DEBUG] Grasp point: robust centroid (832, 414)
18:37:49.730 [DEBUG] Servo: waiting [calibrating Y...]
18:37:49.743 [INFO ] frame=0 state=FAR       c=(834,413) z=474.8mm tilt=- tilt_corr=False
18:37:50.094 [INFO ] SAM3: 1 detection(s) for 'box'
18:37:50.106 [DEBUG]   det conf=0.97 sim=0.914 pos=0.42 prox=1.00 -> 0.868
18:37:50.108 [INFO ] SAM3: 'box' score=0.97 @ [714 208 950 620]  (top of 1)  sim=0.914
18:37:50.109 [INFO ] SAM3: mask obtained (score=0.975, area=94120 px)
18:37:50.155 [DEBUG] Grasp point: robust centroid (832, 414)
18:37:50.169 [INFO ] frame=1 state=FAR       c=(833,413) z=474.1mm tilt=- tilt_corr=False
18:37:50.515 [INFO ] SAM3: 1 detection(s) for 'box'
18:37:50.519 [DEBUG]   det conf=0.98 sim=0.904 pos=0.43 prox=0.95 -> 0.852
18:37:50.522 [INFO ] SAM3: 'box' score=0.98 @ [726 207 966 619]  (top of 1)  sim=0.904
18:37:50.522 [INFO ] SAM3: mask obtained (score=0.980, area=95230 px)
18:37:50.570 [DEBUG] Grasp point: robust centroid (846, 413)
18:37:52.236 [INFO ]   [Y] returning home...
18:37:53.425 [INFO ]   [Y] flow: (+15.0, -0.5) px / 25 mm  -> J[:,{col}]=[+0.5994, -0.0206]
18:37:53.726 [INFO ]   [Z] moving +25 mm at 30 mm/s...
18:37:53.854 [INFO ] frame=2 state=NEAR      c=(847,412) z=473.9mm tilt=- tilt_corr=False
18:37:54.192 [INFO ] SAM3: 1 detection(s) for 'box'
18:37:54.196 [DEBUG]   det conf=0.98 sim=0.912 pos=0.42 prox=0.96 -> 0.857
18:37:54.199 [INFO ] SAM3: 'box' score=0.98 @ [714 208 950 620]  (top of 1)  sim=0.912
18:37:54.199 [INFO ] SAM3: mask obtained (score=0.975, area=94004 px)
18:37:54.244 [DEBUG] Grasp point: robust centroid (833, 414)
18:37:54.267 [INFO ] frame=3 state=NEAR      c=(833,413) z=474.2mm tilt=2.6° tilt_corr=False
18:37:54.612 [INFO ] SAM3: 1 detection(s) for 'box'
18:37:54.616 [DEBUG]   det conf=0.98 sim=0.915 pos=0.41 prox=0.96 -> 0.855
18:37:54.618 [INFO ] SAM3: 'box' score=0.98 @ [714 221 950 634]  (top of 1)  sim=0.915
18:37:54.618 [INFO ] SAM3: mask obtained (score=0.976, area=94289 px)
18:37:54.649 [DEBUG] Grasp point: robust centroid (832, 428)
18:37:54.669 [INFO ] frame=4 state=NEAR      c=(833,422) z=474.8mm tilt=2.0° tilt_corr=False
18:37:55.093 [INFO ] SAM3: 1 detection(s) for 'box'
18:37:55.097 [DEBUG]   det conf=0.98 sim=0.917 pos=0.38 prox=0.95 -> 0.850
18:37:55.099 [INFO ] SAM3: 'box' score=0.98 @ [713 239 949 651]  (top of 1)  sim=0.917
18:37:55.100 [INFO ] SAM3: mask obtained (score=0.976, area=93904 px)
18:37:55.127 [DEBUG] Grasp point: robust centroid (832, 445)
18:37:55.128 [INFO ] MaskTracker: anchor locked (IoU streak=5, last IoU=0.911)
18:37:55.136 [DEBUG] Servo: waiting [calibrating Z...]
18:37:55.147 [INFO ] frame=5 state=NEAR      c=(833,437) z=474.5mm tilt=2.3° tilt_corr=False
18:37:55.449 [INFO ] SAM3: 1 detection(s) for 'box'
18:37:55.452 [DEBUG]   det conf=0.98 sim=0.920 pos=0.37 prox=0.97 -> 0.857
18:37:55.455 [INFO ] SAM3: 'box' score=0.98 @ [713 247 949 659]  (top of 1)  sim=0.920
18:37:55.455 [INFO ] SAM3: mask obtained (score=0.978, area=93645 px)
18:37:55.489 [DEBUG] Grasp point: robust centroid (832, 453)
18:37:55.490 [INFO ] MaskTracker: anchor locked (IoU streak=6, last IoU=0.959)
18:37:55.512 [INFO ] frame=6 state=NEAR      c=(833,447) z=474.8mm tilt=3.1° tilt_corr=False
18:37:55.848 [INFO ] SAM3: 1 detection(s) for 'box'
18:37:55.851 [DEBUG]   det conf=0.98 sim=0.920 pos=0.37 prox=1.00 -> 0.863
18:37:55.853 [INFO ] SAM3: 'box' score=0.98 @ [713 247 949 659]  (top of 1)  sim=0.920
18:37:55.854 [INFO ] SAM3: mask obtained (score=0.976, area=93629 px)
18:37:55.900 [DEBUG] Grasp point: robust centroid (832, 453)
18:37:55.901 [INFO ] MaskTracker: anchor locked (IoU streak=7, last IoU=0.998)
18:37:55.925 [INFO ] frame=7 state=NEAR      c=(832,450) z=474.7mm tilt=1.7° tilt_corr=False
18:37:56.285 [INFO ] SAM3: 1 detection(s) for 'box'
18:37:56.288 [DEBUG]   det conf=0.98 sim=0.921 pos=0.37 prox=1.00 -> 0.863
18:37:56.290 [INFO ] SAM3: 'box' score=0.98 @ [713 247 949 659]  (top of 1)  sim=0.921
18:37:56.291 [INFO ] SAM3: mask obtained (score=0.978, area=93597 px)
18:37:56.322 [DEBUG] Grasp point: robust centroid (832, 452)
18:37:56.323 [INFO ] MaskTracker: anchor locked (IoU streak=8, last IoU=0.998)
18:37:56.344 [INFO ] frame=8 state=NEAR      c=(832,451) z=474.7mm tilt=1.8° tilt_corr=False
18:37:56.391 [INFO ]   [Z] returning home...
18:37:56.684 [INFO ] SAM3: 1 detection(s) for 'box'
18:37:56.687 [DEBUG]   det conf=0.98 sim=0.923 pos=0.37 prox=0.99 -> 0.864
18:37:56.689 [INFO ] SAM3: 'box' score=0.98 @ [713 247 949 659]  (top of 1)  sim=0.923
18:37:56.689 [INFO ] SAM3: mask obtained (score=0.979, area=93575 px)
18:37:56.729 [DEBUG] Grasp point: robust centroid (832, 452)
18:37:56.729 [INFO ] MaskTracker: anchor locked (IoU streak=9, last IoU=0.998)
18:37:56.750 [INFO ] frame=9 state=NEAR      c=(832,451) z=474.6mm tilt=1.0° tilt_corr=False
18:37:57.123 [INFO ] SAM3: 1 detection(s) for 'box'
18:37:57.127 [DEBUG]   det conf=0.98 sim=0.921 pos=0.38 prox=0.99 -> 0.863
18:37:57.130 [INFO ] SAM3: 'box' score=0.98 @ [713 244 949 655]  (top of 1)  sim=0.921
18:37:57.131 [INFO ] SAM3: mask obtained (score=0.978, area=93555 px)
18:37:57.167 [DEBUG] Grasp point: robust centroid (832, 450)
18:37:57.167 [INFO ] MaskTracker: anchor locked (IoU streak=10, last IoU=0.980)
18:37:57.190 [INFO ] frame=10 state=NEAR      c=(832,449) z=474.5mm tilt=2.2° tilt_corr=False
18:37:57.538 [INFO ] SAM3: 1 detection(s) for 'box'
18:37:57.541 [DEBUG]   det conf=0.97 sim=0.915 pos=0.40 prox=0.94 -> 0.850
18:37:57.543 [INFO ] SAM3: 'box' score=0.97 @ [713 224 949 635]  (top of 1)  sim=0.915
18:37:57.543 [INFO ] SAM3: mask obtained (score=0.975, area=93849 px)
18:37:57.564 [INFO ]   [Z] flow: (-16.1, +39.3) px / 25 mm  -> J[:,{col}]=[-0.6447, +1.5726]
18:37:57.564 [INFO ] J_yz (px/mm):
[[ 0.59937256 -0.64468262]
 [-0.02057678  1.57261475]]
18:37:57.565 [INFO ] J_yz_inv (mm/px):
[[1.69222706 0.69371686]
 [0.02214184 0.64496054]]
18:37:57.565 [INFO ] === Calibration complete [calibrated] ===
18:37:57.574 [DEBUG] Grasp point: robust centroid (832, 430)
18:37:57.574 [INFO ] MaskTracker: anchor locked (IoU streak=11, last IoU=0.904)
18:37:58.440 [INFO ] Servo: err=(+193,+74)px r=206  Δ=(+0.0,-12.0,-12.0)mm  pos=(181,-19,-61)  [calibrated]
18:37:58.453 [INFO ] frame=11 state=NEAR      c=(833,434) z=473.8mm tilt=0.9° tilt_corr=False
18:37:58.804 [INFO ] SAM3: 1 detection(s) for 'box'
18:37:58.807 [DEBUG]   det conf=0.98 sim=0.923 pos=0.45 prox=0.88 -> 0.846
18:37:58.809 [INFO ] SAM3: 'box' score=0.98 @ [695 187 931 603]  (top of 1)  sim=0.923
18:37:58.809 [INFO ] SAM3: mask obtained (score=0.976, area=92703 px)
18:37:58.843 [DEBUG] Grasp point: robust centroid (813, 395)
18:37:59.711 [INFO ] Servo: err=(+179,+46)px r=185  Δ=(+0.0,-12.0,-12.0)mm  pos=(181,-31,-73)  [calibrated]
18:37:59.723 [INFO ] frame=12 state=NEAR      c=(819,406) z=473.5mm tilt=1.5° tilt_corr=False
18:38:00.083 [INFO ] SAM3: 1 detection(s) for 'box'
18:38:00.086 [DEBUG]   det conf=0.97 sim=0.926 pos=0.47 prox=0.93 -> 0.864
18:38:00.089 [INFO ] SAM3: 'box' score=0.97 @ [679 173 911 589]  (top of 1)  sim=0.926
18:38:00.089 [INFO ] SAM3: mask obtained (score=0.975, area=91458 px)
18:38:00.119 [DEBUG] Grasp point: robust centroid (796, 381)
18:38:00.986 [INFO ] Servo: err=(+163,+28)px r=165  Δ=(+0.0,-12.0,-10.9)mm  pos=(181,-43,-84)  [calibrated]
18:38:01.000 [INFO ] frame=13 state=NEAR      c=(803,388) z=473.1mm tilt=1.6° tilt_corr=False
18:38:01.339 [INFO ] SAM3: 1 detection(s) for 'box'
18:38:01.342 [DEBUG]   det conf=0.98 sim=0.922 pos=0.49 prox=0.93 -> 0.864
18:38:01.345 [INFO ] SAM3: 'box' score=0.98 @ [665 156 893 571]  (top of 1)  sim=0.922
18:38:01.345 [INFO ] SAM3: mask obtained (score=0.977, area=90209 px)
18:38:01.375 [DEBUG] Grasp point: robust centroid (779, 364)
18:38:02.143 [INFO ] Servo: err=(+147,+11)px r=147  Δ=(+0.0,-12.0,-5.0)mm  pos=(181,-55,-89)  [calibrated]
18:38:02.159 [INFO ] frame=14 state=NEAR      c=(787,371) z=473.0mm tilt=1.9° tilt_corr=False
18:38:02.563 [INFO ] SAM3: 1 detection(s) for 'box'
18:38:02.566 [DEBUG]   det conf=0.98 sim=0.924 pos=0.50 prox=0.95 -> 0.872
18:38:02.569 [INFO ] SAM3: 'box' score=0.98 @ [650 149 875 565]  (top of 1)  sim=0.924
18:38:02.569 [INFO ] SAM3: mask obtained (score=0.976, area=88739 px)
18:38:02.601 [DEBUG] Grasp point: robust centroid (763, 357)
18:38:03.316 [INFO ] Servo: err=(+130,+0)px r=130  Δ=(+0.0,-12.0,-1.6)mm  pos=(181,-67,-90)  [calibrated]
18:38:03.334 [INFO ] frame=15 state=NEAR      c=(770,360) z=473.3mm tilt=2.8° tilt_corr=False
18:38:03.744 [INFO ] SAM3: 1 detection(s) for 'box'
18:38:03.778 [DEBUG]   det conf=0.97 sim=0.929 pos=0.51 prox=0.95 -> 0.874
18:38:03.790 [INFO ] SAM3: 'box' score=0.97 @ [635 147 857 563]  (top of 1)  sim=0.929
18:38:03.791 [INFO ] SAM3: mask obtained (score=0.970, area=87097 px)
18:38:03.821 [DEBUG] Grasp point: robust centroid (746, 355)
18:38:04.539 [INFO ] Servo: err=(+114,-4)px r=114  Δ=(+0.0,-12.0,+0.1)mm  pos=(181,-79,-90)  [calibrated]
18:38:04.552 [INFO ] frame=16 state=NEAR      c=(754,356) z=473.9mm tilt=0.5° tilt_corr=False
18:38:04.934 [INFO ] SAM3: 1 detection(s) for 'box'
18:38:04.973 [DEBUG]   det conf=0.97 sim=0.924 pos=0.51 prox=0.95 -> 0.872
18:38:05.005 [INFO ] SAM3: 'box' score=0.97 @ [619 147 840 563]  (top of 1)  sim=0.924
18:38:05.006 [INFO ] SAM3: mask obtained (score=0.970, area=85827 px)
18:38:05.037 [DEBUG] Grasp point: robust centroid (729, 355)
18:38:05.752 [INFO ] Servo: err=(+97,-5)px r=97  Δ=(+0.0,-12.0,+0.6)mm  pos=(181,-91,-89)  [calibrated]
18:38:05.766 [INFO ] frame=17 state=NEAR      c=(737,355) z=474.0mm tilt=0.9° tilt_corr=False
18:38:06.109 [INFO ] SAM3: 1 detection(s) for 'box'
18:38:06.141 [DEBUG]   det conf=0.96 sim=0.925 pos=0.50 prox=0.94 -> 0.871
18:38:06.143 [INFO ] SAM3: 'box' score=0.96 @ [601 149 821 565]  (top of 1)  sim=0.925
18:38:06.143 [INFO ] SAM3: mask obtained (score=0.965, area=85331 px)
18:38:06.175 [DEBUG] Grasp point: robust centroid (711, 357)
18:38:06.891 [INFO ] Servo: err=(+79,-4)px r=79  Δ=(+0.0,-12.0,+0.4)mm  pos=(181,-103,-89)  [calibrated]
18:38:06.905 [INFO ] frame=18 state=NEAR      c=(719,356) z=474.1mm tilt=1.2° tilt_corr=False
18:38:07.240 [INFO ] SAM3: 1 detection(s) for 'box'
18:38:07.244 [DEBUG]   det conf=0.97 sim=0.930 pos=0.50 prox=0.94 -> 0.873
18:38:07.247 [INFO ] SAM3: 'box' score=0.97 @ [583 150 802 566]  (top of 1)  sim=0.930
18:38:07.247 [INFO ] SAM3: mask obtained (score=0.966, area=85237 px)
18:38:07.291 [DEBUG] Grasp point: robust centroid (693, 359)
18:38:07.291 [INFO ] MaskTracker: anchor locked (IoU streak=5, last IoU=0.836)
18:38:08.006 [INFO ] Servo: err=(+61,-3)px r=61  Δ=(+0.0,-12.0,+0.2)mm  pos=(181,-115,-89)  [calibrated]
18:38:08.023 [INFO ] frame=19 state=NEAR      c=(701,357) z=474.4mm tilt=0.5° tilt_corr=False
18:38:08.364 [INFO ] SAM3: 1 detection(s) for 'box'
18:38:08.396 [DEBUG]   det conf=0.97 sim=0.925 pos=0.50 prox=0.94 -> 0.870
18:38:08.416 [INFO ] SAM3: 'box' score=0.97 @ [565 151 784 567]  (top of 1)  sim=0.925
18:38:08.417 [INFO ] SAM3: mask obtained (score=0.968, area=85084 px)
18:38:08.464 [DEBUG] Grasp point: robust centroid (675, 359)
18:38:08.465 [INFO ] MaskTracker: anchor locked (IoU streak=6, last IoU=0.837)
18:38:09.231 [INFO ] Servo: err=(+43,-2)px r=43  Δ=(+5.0,-12.0,+0.1)mm  pos=(186,-127,-89)  [calibrated]
18:38:09.243 [INFO ] frame=20 state=NEAR      c=(683,358) z=474.8mm tilt=2.3° tilt_corr=False
18:38:09.581 [INFO ] SAM3: 1 detection(s) for 'box'
18:38:09.584 [DEBUG]   det conf=0.97 sim=0.925 pos=0.50 prox=0.94 -> 0.870
18:38:09.586 [INFO ] SAM3: 'box' score=0.97 @ [545 151 767 570]  (top of 1)  sim=0.925
18:38:09.586 [INFO ] SAM3: mask obtained (score=0.970, area=86598 px)
18:38:09.619 [DEBUG] Grasp point: robust centroid (656, 360)
18:38:09.619 [INFO ] MaskTracker: anchor locked (IoU streak=7, last IoU=0.832)
18:38:10.384 [INFO ] Servo: err=(+24,-1)px r=24  Δ=(+5.0,-12.0,+0.0)mm  pos=(191,-139,-89)  [calibrated]
18:38:10.396 [INFO ] frame=21 state=NEAR      c=(664,359) z=472.6mm tilt=1.8° tilt_corr=False
18:38:10.734 [INFO ] SAM3: 1 detection(s) for 'box'
18:38:10.737 [DEBUG]   det conf=0.96 sim=0.927 pos=0.50 prox=0.94 -> 0.871
18:38:10.739 [INFO ] SAM3: 'box' score=0.96 @ [525 149 750 572]  (top of 1)  sim=0.927
18:38:10.739 [INFO ] SAM3: mask obtained (score=0.962, area=88263 px)
18:38:10.787 [DEBUG] Grasp point: robust centroid (638, 361)
18:38:10.788 [INFO ] MaskTracker: anchor locked (IoU streak=8, last IoU=0.833)
18:38:11.302 [INFO ] Servo: err=(+6,-0)px r=6  Δ=(+5.0,+0.0,-1.0)mm  pos=(196,-139,-90)  [calibrated]
18:38:11.318 [INFO ] frame=22 state=NEAR      c=(646,360) z=468.4mm tilt=3.1° tilt_corr=False
18:38:11.682 [INFO ] SAM3: 1 detection(s) for 'box'
18:38:11.685 [DEBUG]   det conf=0.96 sim=0.926 pos=0.50 prox=0.99 -> 0.883
18:38:11.687 [INFO ] SAM3: 'box' score=0.96 @ [524 145 751 573]  (top of 1)  sim=0.926
18:38:11.687 [INFO ] SAM3: mask obtained (score=0.963, area=90091 px)
18:38:11.716 [DEBUG] Grasp point: robust centroid (638, 359)
18:38:11.716 [INFO ] MaskTracker: anchor locked (IoU streak=9, last IoU=0.980)
18:38:12.228 [INFO ] Servo: err=(+0,-1)px r=1  Δ=(+5.0,+0.0,-1.0)mm  pos=(201,-139,-91)  [calibrated]
18:38:12.243 [INFO ] frame=23 state=NEAR      c=(640,359) z=463.8mm tilt=1.7° tilt_corr=False
18:38:12.581 [INFO ] SAM3: 1 detection(s) for 'box'
18:38:12.584 [DEBUG]   det conf=0.96 sim=0.928 pos=0.50 prox=0.99 -> 0.885
18:38:12.587 [INFO ] SAM3: 'box' score=0.96 @ [523 141 753 573]  (top of 1)  sim=0.928
18:38:12.587 [INFO ] SAM3: mask obtained (score=0.964, area=92182 px)
18:38:12.619 [DEBUG] Grasp point: robust centroid (638, 357)
18:38:12.620 [INFO ] MaskTracker: anchor locked (IoU streak=10, last IoU=0.977)
18:38:13.133 [INFO ] Servo: err=(-1,-3)px r=3  Δ=(+5.0,+0.0,-1.0)mm  pos=(206,-139,-92)  [calibrated]
18:38:13.145 [INFO ] frame=24 state=NEAR      c=(639,357) z=458.4mm tilt=0.6° tilt_corr=False
18:38:13.492 [INFO ] SAM3: 1 detection(s) for 'box'
18:38:13.515 [DEBUG]   det conf=0.96 sim=0.927 pos=0.51 prox=1.00 -> 0.885
18:38:13.518 [INFO ] SAM3: 'box' score=0.96 @ [522 137 754 574]  (top of 1)  sim=0.927
18:38:13.518 [INFO ] SAM3: mask obtained (score=0.962, area=94105 px)
18:38:13.559 [DEBUG] Grasp point: robust centroid (639, 355)
18:38:13.559 [INFO ] MaskTracker: anchor locked (IoU streak=11, last IoU=0.980)
18:38:14.074 [INFO ] Servo: err=(-1,-4)px r=5  Δ=(+5.0,+0.0,-1.0)mm  pos=(211,-139,-93)  [calibrated]
18:38:14.091 [INFO ] frame=25 state=NEAR      c=(639,356) z=453.2mm tilt=1.4° tilt_corr=False
18:38:14.430 [INFO ] SAM3: 1 detection(s) for 'box'
18:38:14.434 [DEBUG]   det conf=0.96 sim=0.926 pos=0.51 prox=1.00 -> 0.885
18:38:14.436 [INFO ] SAM3: 'box' score=0.96 @ [521 132 756 574]  (top of 1)  sim=0.926
18:38:14.436 [INFO ] SAM3: mask obtained (score=0.964, area=96267 px)
18:38:14.467 [DEBUG] Grasp point: robust centroid (639, 353)
18:38:14.467 [INFO ] MaskTracker: anchor locked (IoU streak=12, last IoU=0.978)
18:38:14.981 [INFO ] Servo: err=(-1,-6)px r=6  Δ=(+5.0,+0.0,-1.0)mm  pos=(216,-139,-94)  [calibrated]
18:38:14.993 [INFO ] frame=26 state=NEAR      c=(639,354) z=447.9mm tilt=1.1° tilt_corr=False
18:38:15.332 [INFO ] SAM3: 1 detection(s) for 'box'
18:38:15.335 [DEBUG]   det conf=0.97 sim=0.927 pos=0.51 prox=1.00 -> 0.886
18:38:15.337 [INFO ] SAM3: 'box' score=0.97 @ [520 128 757 575]  (top of 1)  sim=0.927
18:38:15.337 [INFO ] SAM3: mask obtained (score=0.969, area=98480 px)
18:38:15.368 [DEBUG] Grasp point: robust centroid (638, 352)
18:38:15.369 [INFO ] MaskTracker: anchor locked (IoU streak=13, last IoU=0.978)
18:38:15.935 [INFO ] Servo: err=(-1,-8)px r=8  Δ=(+5.0,+3.8,+2.6)mm  pos=(221,-136,-91)  [calibrated]
18:38:15.947 [INFO ] frame=27 state=NEAR      c=(639,352) z=442.6mm tilt=1.7° tilt_corr=False
18:38:16.282 [INFO ] SAM3: 1 detection(s) for 'box'
18:38:16.285 [DEBUG]   det conf=0.97 sim=0.932 pos=0.51 prox=0.98 -> 0.884
18:38:16.287 [INFO ] SAM3: 'box' score=0.97 @ [523 129 763 581]  (top of 1)  sim=0.932
18:38:16.287 [INFO ] SAM3: mask obtained (score=0.968, area=100664 px)
18:38:16.317 [DEBUG] Grasp point: robust centroid (644, 355)
18:38:16.318 [INFO ] MaskTracker: anchor locked (IoU streak=14, last IoU=0.940)
18:38:16.830 [INFO ] Servo: err=(+2,-6)px r=7  Δ=(+5.0,+0.0,-1.0)mm  pos=(226,-136,-92)  [calibrated]
18:38:16.842 [INFO ] frame=28 state=NEAR      c=(642,354) z=437.5mm tilt=1.3° tilt_corr=False
18:38:17.205 [INFO ] SAM3: 1 detection(s) for 'box'
18:38:17.209 [DEBUG]   det conf=0.97 sim=0.926 pos=0.51 prox=1.00 -> 0.885
18:38:17.234 [INFO ] SAM3: 'box' score=0.97 @ [524 125 765 582]  (top of 1)  sim=0.926
18:38:17.234 [INFO ] SAM3: mask obtained (score=0.971, area=102989 px)
18:38:17.279 [DEBUG] Grasp point: robust centroid (645, 354)
18:38:17.280 [INFO ] MaskTracker: anchor locked (IoU streak=15, last IoU=0.977)
18:38:17.792 [INFO ] Servo: err=(+4,-7)px r=8  Δ=(+5.0,-1.3,+2.2)mm  pos=(231,-137,-90)  [calibrated]
18:38:17.807 [INFO ] frame=29 state=NEAR      c=(644,353) z=432.3mm tilt=1.5° tilt_corr=False
18:38:18.178 [INFO ] SAM3: 1 detection(s) for 'box'
18:38:18.182 [DEBUG]   det conf=0.97 sim=0.925 pos=0.51 prox=0.99 -> 0.883
18:38:18.190 [INFO ] SAM3: 'box' score=0.97 @ [521 125 766 587]  (top of 1)  sim=0.925
18:38:18.190 [INFO ] SAM3: mask obtained (score=0.970, area=105296 px)
18:38:18.235 [DEBUG] Grasp point: robust centroid (644, 356)
18:38:18.235 [INFO ] MaskTracker: anchor locked (IoU streak=16, last IoU=0.975)
18:38:18.747 [INFO ] Servo: err=(+4,-5)px r=6  Δ=(+5.0,+0.0,-1.0)mm  pos=(236,-137,-91)  [calibrated]
18:38:18.760 [INFO ] frame=30 state=NEAR      c=(644,355) z=427.0mm tilt=2.5° tilt_corr=False
18:38:19.099 [INFO ] SAM3: 1 detection(s) for 'box'
18:38:19.102 [DEBUG]   det conf=0.97 sim=0.925 pos=0.51 prox=1.00 -> 0.885
18:38:19.104 [INFO ] SAM3: 'box' score=0.97 @ [519 121 767 589]  (top of 1)  sim=0.925
18:38:19.104 [INFO ] SAM3: mask obtained (score=0.968, area=107742 px)
18:38:19.135 [DEBUG] Grasp point: robust centroid (643, 355)
18:38:19.136 [INFO ] MaskTracker: anchor locked (IoU streak=17, last IoU=0.977)
18:38:19.649 [INFO ] Servo: err=(+4,-5)px r=6  Δ=(+5.0,+0.0,-1.0)mm  pos=(241,-137,-92)  [calibrated]
18:38:19.662 [INFO ] frame=31 state=NEAR      c=(644,355) z=422.2mm tilt=2.1° tilt_corr=False
18:38:20.057 [INFO ] SAM3: 1 detection(s) for 'box'
18:38:20.063 [DEBUG]   det conf=0.91 sim=0.922 pos=0.51 prox=0.99 -> 0.877
18:38:20.070 [INFO ] SAM3: 'box' score=0.91 @ [519 116 768 590]  (top of 1)  sim=0.922
18:38:20.070 [INFO ] SAM3: mask obtained (score=0.912, area=110351 px)
18:38:20.099 [DEBUG] Grasp point: robust centroid (644, 353)
18:38:20.100 [INFO ] MaskTracker: anchor locked (IoU streak=18, last IoU=0.976)
18:38:20.613 [INFO ] Servo: err=(+4,-7)px r=8  Δ=(+5.0,+0.0,-1.0)mm  pos=(246,-137,-93)  [calibrated]
18:38:20.628 [INFO ] frame=32 state=NEAR      c=(644,353) z=417.0mm tilt=1.0° tilt_corr=False
18:38:20.975 [INFO ] SAM3: 1 detection(s) for 'box'
18:38:20.979 [DEBUG]   det conf=0.96 sim=0.925 pos=0.51 prox=1.00 -> 0.884
18:38:20.982 [INFO ] SAM3: 'box' score=0.96 @ [517 111 770 591]  (top of 1)  sim=0.925
18:38:20.982 [INFO ] SAM3: mask obtained (score=0.963, area=113032 px)
18:38:21.011 [DEBUG] Grasp point: robust centroid (644, 351)
18:38:21.012 [INFO ] MaskTracker: anchor locked (IoU streak=19, last IoU=0.976)
18:38:21.525 [INFO ] Servo: err=(+4,-8)px r=9  Δ=(+5.0,-0.6,+2.7)mm  pos=(251,-138,-90)  [calibrated]
18:38:21.542 [INFO ] frame=33 state=NEAR      c=(644,352) z=412.4mm tilt=2.5° tilt_corr=False
18:38:21.881 [INFO ] SAM3: 1 detection(s) for 'box'
18:38:21.884 [DEBUG]   det conf=0.96 sim=0.924 pos=0.51 prox=0.99 -> 0.881
18:38:21.886 [INFO ] SAM3: 'box' score=0.96 @ [516 112 770 597]  (top of 1)  sim=0.924
18:38:21.887 [INFO ] SAM3: mask obtained (score=0.961, area=115970 px)
18:38:21.916 [DEBUG] Grasp point: robust centroid (643, 355)
18:38:21.916 [INFO ] MaskTracker: anchor locked (IoU streak=20, last IoU=0.973)
18:38:22.429 [INFO ] Servo: err=(+4,-7)px r=8  Δ=(+5.0,+0.0,-1.0)mm  pos=(256,-138,-91)  [calibrated]
18:38:22.443 [INFO ] frame=34 state=NEAR      c=(644,353) z=406.8mm tilt=2.1° tilt_corr=False
18:38:22.794 [INFO ] SAM3: 1 detection(s) for 'box'
18:38:22.799 [DEBUG]   det conf=0.96 sim=0.929 pos=0.51 prox=1.00 -> 0.886
18:38:22.802 [INFO ] SAM3: 'box' score=0.96 @ [513 109 773 599]  (top of 1)  sim=0.929
18:38:22.802 [INFO ] SAM3: mask obtained (score=0.965, area=118895 px)
18:38:22.845 [DEBUG] Grasp point: robust centroid (645, 354)
18:38:22.846 [INFO ] MaskTracker: anchor locked (IoU streak=21, last IoU=0.975)
18:38:23.359 [INFO ] Servo: err=(+4,-7)px r=8  Δ=(+5.0,+0.0,-1.0)mm  pos=(261,-138,-92)  [calibrated]
18:38:23.374 [INFO ] frame=35 state=NEAR      c=(644,353) z=401.5mm tilt=0.4° tilt_corr=False
18:38:23.719 [INFO ] SAM3: 1 detection(s) for 'box'
18:38:23.722 [DEBUG]   det conf=0.97 sim=0.930 pos=0.51 prox=0.99 -> 0.887
18:38:23.724 [INFO ] SAM3: 'box' score=0.97 @ [512 103 774 600]  (top of 1)  sim=0.930
18:38:23.725 [INFO ] SAM3: mask obtained (score=0.969, area=121743 px)
18:38:23.757 [DEBUG] Grasp point: robust centroid (643, 352)
18:38:23.757 [INFO ] MaskTracker: anchor locked (IoU streak=22, last IoU=0.977)
18:38:24.272 [INFO ] Servo: err=(+4,-8)px r=9  Δ=(+5.0,-0.2,+2.6)mm  pos=(266,-138,-90)  [calibrated]
18:38:24.285 [INFO ] frame=36 state=NEAR      c=(644,352) z=396.6mm tilt=4.3° tilt_corr=False
18:38:24.625 [INFO ] SAM3: 1 detection(s) for 'box'
18:38:24.628 [DEBUG]   det conf=0.97 sim=0.930 pos=0.51 prox=0.99 -> 0.885
18:38:24.630 [INFO ] SAM3: 'box' score=0.97 @ [510 103 775 606]  (top of 1)  sim=0.930
18:38:24.630 [INFO ] SAM3: mask obtained (score=0.969, area=124763 px)
18:38:24.660 [DEBUG] Grasp point: robust centroid (643, 355)
18:38:24.660 [INFO ] MaskTracker: anchor locked (IoU streak=23, last IoU=0.975)
18:38:25.172 [INFO ] Servo: err=(+4,-6)px r=7  Δ=(+5.0,+0.0,-1.0)mm  pos=(271,-138,-91)  [calibrated]
18:38:25.186 [INFO ] frame=37 state=NEAR      c=(644,354) z=391.5mm tilt=3.1° tilt_corr=False
18:38:25.523 [INFO ] SAM3: 1 detection(s) for 'box'
18:38:25.526 [DEBUG]   det conf=0.96 sim=0.927 pos=0.51 prox=1.00 -> 0.886
18:38:25.529 [INFO ] SAM3: 'box' score=0.96 @ [508 100 777 609]  (top of 1)  sim=0.927
18:38:25.529 [INFO ] SAM3: mask obtained (score=0.963, area=127852 px)
18:38:25.558 [DEBUG] Grasp point: robust centroid (644, 354)
18:38:25.558 [INFO ] MaskTracker: anchor locked (IoU streak=24, last IoU=0.976)
18:38:26.073 [INFO ] Servo: err=(+4,-6)px r=7  Δ=(+5.0,+0.0,-1.0)mm  pos=(276,-138,-92)  [calibrated]
18:38:26.088 [INFO ] frame=38 state=NEAR      c=(644,354) z=386.1mm tilt=2.0° tilt_corr=False
18:38:26.440 [INFO ] SAM3: 1 detection(s) for 'box'
18:38:26.443 [DEBUG]   det conf=0.96 sim=0.936 pos=0.51 prox=0.99 -> 0.889
18:38:26.445 [INFO ] SAM3: 'box' score=0.96 @ [506  94 778 610]  (top of 1)  sim=0.936
18:38:26.446 [INFO ] SAM3: mask obtained (score=0.964, area=131192 px)
18:38:26.474 [DEBUG] Grasp point: robust centroid (643, 352)
18:38:26.474 [INFO ] MaskTracker: anchor locked (IoU streak=25, last IoU=0.975)
18:38:26.989 [INFO ] Servo: err=(+4,-8)px r=9  Δ=(+5.0,-0.4,+2.5)mm  pos=(281,-138,-89)  [calibrated]
18:38:27.003 [INFO ] frame=39 state=NEAR      c=(644,352) z=381.3mm tilt=1.8° tilt_corr=False
18:38:27.350 [INFO ] SAM3: 1 detection(s) for 'box'
18:38:27.387 [DEBUG]   det conf=0.96 sim=0.933 pos=0.51 prox=0.99 -> 0.885
18:38:27.393 [INFO ] SAM3: 'box' score=0.96 @ [504  95 780 617]  (top of 1)  sim=0.933
18:38:27.394 [INFO ] SAM3: mask obtained (score=0.964, area=134592 px)
18:38:27.423 [DEBUG] Grasp point: robust centroid (644, 356)
18:38:27.423 [INFO ] MaskTracker: anchor locked (IoU streak=26, last IoU=0.974)
18:38:27.937 [INFO ] Servo: err=(+3,-6)px r=7  Δ=(+5.0,+0.0,-1.0)mm  pos=(286,-138,-90)  [calibrated]
18:38:27.951 [INFO ] frame=40 state=NEAR      c=(643,354) z=376.2mm tilt=2.9° tilt_corr=False
18:38:28.282 [INFO ] SAM3: 1 detection(s) for 'box'
18:38:28.285 [DEBUG]   det conf=0.96 sim=0.930 pos=0.51 prox=0.99 -> 0.886
18:38:28.288 [INFO ] SAM3: 'box' score=0.96 @ [503  89 782 619]  (top of 1)  sim=0.930
18:38:28.288 [INFO ] SAM3: mask obtained (score=0.963, area=138160 px)
18:38:28.334 [DEBUG] Grasp point: robust centroid (644, 355)
18:38:28.335 [INFO ] MaskTracker: anchor locked (IoU streak=27, last IoU=0.974)
18:38:28.849 [INFO ] Servo: err=(+4,-6)px r=7  Δ=(+5.0,+0.0,-1.0)mm  pos=(291,-138,-91)  [calibrated]
18:38:28.862 [INFO ] frame=41 state=NEAR      c=(644,354) z=371.1mm tilt=2.2° tilt_corr=False
18:38:29.213 [INFO ] SAM3: 1 detection(s) for 'box'
18:38:29.216 [DEBUG]   det conf=0.97 sim=0.934 pos=0.51 prox=0.99 -> 0.888
18:38:29.218 [INFO ] SAM3: 'box' score=0.97 @ [501  84 784 620]  (top of 1)  sim=0.934
18:38:29.218 [INFO ] SAM3: mask obtained (score=0.967, area=141701 px)
18:38:29.250 [DEBUG] Grasp point: robust centroid (643, 352)
18:38:29.250 [INFO ] MaskTracker: anchor locked (IoU streak=28, last IoU=0.975)
18:38:29.763 [INFO ] Servo: err=(+4,-8)px r=9  Δ=(+5.0,-0.4,+2.5)mm  pos=(296,-139,-89)  [calibrated]
18:38:29.779 [INFO ] frame=42 state=NEAR      c=(644,352) z=366.3mm tilt=2.1° tilt_corr=False
18:38:30.115 [INFO ] SAM3: 1 detection(s) for 'box'
18:38:30.118 [DEBUG]   det conf=0.97 sim=0.933 pos=0.50 prox=0.99 -> 0.886
18:38:30.120 [INFO ] SAM3: 'box' score=0.97 @ [498  84 785 628]  (top of 1)  sim=0.933
18:38:30.121 [INFO ] SAM3: mask obtained (score=0.969, area=145686 px)
18:38:30.153 [DEBUG] Grasp point: robust centroid (643, 356)
18:38:30.153 [INFO ] MaskTracker: anchor locked (IoU streak=29, last IoU=0.971)
18:38:30.666 [INFO ] Servo: err=(+3,-5)px r=6  Δ=(+5.0,+0.0,-1.0)mm  pos=(301,-139,-90)  [calibrated]
18:38:30.680 [INFO ] frame=43 state=NEAR      c=(643,355) z=360.5mm tilt=1.1° tilt_corr=False
18:38:31.014 [INFO ] SAM3: 1 detection(s) for 'box'
18:38:31.017 [DEBUG]   det conf=0.96 sim=0.935 pos=0.51 prox=1.00 -> 0.889
18:38:31.019 [INFO ] SAM3: 'box' score=0.96 @ [497  79 788 629]  (top of 1)  sim=0.935
18:38:31.019 [INFO ] SAM3: mask obtained (score=0.962, area=149887 px)
18:38:31.048 [DEBUG] Grasp point: robust centroid (644, 355)
18:38:31.048 [INFO ] MaskTracker: anchor locked (IoU streak=30, last IoU=0.972)
18:38:31.560 [INFO ] Servo: err=(+4,-6)px r=7  Δ=(+5.0,+0.0,-1.0)mm  pos=(306,-139,-91)  [calibrated]
18:38:31.574 [INFO ] frame=44 state=NEAR      c=(644,354) z=355.6mm tilt=3.6° tilt_corr=False
18:38:31.911 [INFO ] SAM3: 1 detection(s) for 'box'
18:38:31.914 [DEBUG]   det conf=0.97 sim=0.934 pos=0.51 prox=0.99 -> 0.888
18:38:31.916 [INFO ] SAM3: 'box' score=0.97 @ [495  72 790 631]  (top of 1)  sim=0.934
18:38:31.916 [INFO ] SAM3: mask obtained (score=0.966, area=154122 px)
18:38:31.945 [DEBUG] Grasp point: robust centroid (644, 352)
18:38:31.945 [INFO ] MaskTracker: anchor locked (IoU streak=31, last IoU=0.973)
18:38:32.460 [INFO ] Servo: err=(+4,-8)px r=9  Δ=(+5.0,-0.9,+2.5)mm  pos=(311,-139,-88)  [calibrated]
18:38:32.473 [INFO ] frame=45 state=NEAR      c=(644,352) z=350.2mm tilt=3.3° tilt_corr=False
18:38:32.849 [INFO ] SAM3: 1 detection(s) for 'box'
18:38:32.886 [DEBUG]   det conf=0.97 sim=0.938 pos=0.50 prox=0.98 -> 0.887
18:38:32.892 [INFO ] SAM3: 'box' score=0.97 @ [491  73 791 640]  (top of 1)  sim=0.938
18:38:32.892 [INFO ] SAM3: mask obtained (score=0.969, area=158504 px)
18:38:32.923 [DEBUG] Grasp point: robust centroid (642, 357)
18:38:32.924 [INFO ] MaskTracker: anchor locked (IoU streak=32, last IoU=0.968)
18:38:33.436 [INFO ] Servo: err=(+3,-5)px r=6  Δ=(+5.0,+0.0,-1.0)mm  pos=(316,-139,-89)  [calibrated]
18:38:33.450 [INFO ] frame=46 state=NEAR      c=(643,355) z=345.3mm tilt=2.7° tilt_corr=False
18:38:33.837 [INFO ] SAM3: 1 detection(s) for 'box'
18:38:33.841 [DEBUG]   det conf=0.96 sim=0.935 pos=0.51 prox=0.99 -> 0.888
18:38:33.845 [INFO ] SAM3: 'box' score=0.96 @ [489  68 793 642]  (top of 1)  sim=0.935
18:38:33.845 [INFO ] SAM3: mask obtained (score=0.964, area=163074 px)
18:38:33.874 [DEBUG] Grasp point: robust centroid (642, 355)
18:38:33.875 [INFO ] MaskTracker: anchor locked (IoU streak=33, last IoU=0.972)
18:38:34.388 [INFO ] Servo: err=(+3,-5)px r=6  Δ=(+5.0,+0.0,-1.0)mm  pos=(321,-139,-90)  [calibrated]
18:38:34.402 [INFO ] frame=47 state=NEAR      c=(643,355) z=340.3mm tilt=1.6° tilt_corr=False
18:38:34.761 [INFO ] SAM3: 1 detection(s) for 'box'
18:38:34.766 [DEBUG]   det conf=0.97 sim=0.938 pos=0.51 prox=0.99 -> 0.891
18:38:34.769 [INFO ] SAM3: 'box' score=0.97 @ [487  61 795 644]  (top of 1)  sim=0.938
18:38:34.770 [INFO ] SAM3: mask obtained (score=0.968, area=167924 px)
18:38:34.801 [DEBUG] Grasp point: robust centroid (643, 353)
18:38:34.801 [INFO ] MaskTracker: anchor locked (IoU streak=34, last IoU=0.971)
18:38:35.313 [INFO ] Servo: err=(+3,-7)px r=8  Δ=(+5.0,+0.0,-1.0)mm  pos=(326,-139,-91)  [calibrated]
18:38:35.326 [INFO ] frame=48 state=NEAR      c=(643,353) z=335.3mm tilt=0.6° tilt_corr=False
18:38:35.675 [INFO ] SAM3: 1 detection(s) for 'box'
18:38:35.678 [DEBUG]   det conf=0.97 sim=0.934 pos=0.51 prox=0.99 -> 0.889
18:38:35.681 [INFO ] SAM3: 'box' score=0.97 @ [485  54 798 647]  (top of 1)  sim=0.934
18:38:35.681 [INFO ] SAM3: mask obtained (score=0.967, area=172692 px)
18:38:35.711 [DEBUG] Grasp point: robust centroid (644, 351)
18:38:35.711 [INFO ] MaskTracker: anchor locked (IoU streak=35, last IoU=0.972)
18:38:36.222 [INFO ] Servo: err=(+3,-9)px r=10  Δ=(+5.0,+0.7,+3.0)mm  pos=(331,-139,-88)  [calibrated]
18:38:36.240 [INFO ] frame=49 state=NEAR      c=(643,351) z=330.4mm tilt=3.5° tilt_corr=False
18:38:36.585 [INFO ] SAM3: 1 detection(s) for 'box'
18:38:36.588 [DEBUG]   det conf=0.96 sim=0.934 pos=0.51 prox=0.99 -> 0.886
18:38:36.591 [INFO ] SAM3: 'box' score=0.96 @ [484  55 802 656]  (top of 1)  sim=0.934
18:38:36.591 [INFO ] SAM3: mask obtained (score=0.963, area=177876 px)
18:38:36.620 [DEBUG] Grasp point: robust centroid (646, 356)
18:38:36.620 [INFO ] MaskTracker: anchor locked (IoU streak=36, last IoU=0.969)
18:38:37.133 [INFO ] Servo: err=(+4,-7)px r=8  Δ=(+5.0,+0.0,-1.0)mm  pos=(336,-139,-89)  [calibrated]
18:38:37.146 [INFO ] frame=50 state=NEAR      c=(644,353) z=325.3mm tilt=2.1° tilt_corr=False
18:38:37.488 [INFO ] SAM3: 1 detection(s) for 'box'
18:38:37.491 [DEBUG]   det conf=0.96 sim=0.937 pos=0.51 prox=0.99 -> 0.889
18:38:37.493 [INFO ] SAM3: 'box' score=0.96 @ [483  48 805 659]  (top of 1)  sim=0.937
18:38:37.494 [INFO ] SAM3: mask obtained (score=0.961, area=183436 px)
18:38:37.522 [DEBUG] Grasp point: robust centroid (645, 354)
18:38:37.522 [INFO ] MaskTracker: anchor locked (IoU streak=37, last IoU=0.970)
18:38:38.034 [INFO ] Servo: err=(+5,-7)px r=8  Δ=(+5.0,-2.0,+2.1)mm  pos=(341,-141,-87)  [calibrated]
18:38:38.048 [INFO ] frame=51 state=NEAR      c=(645,353) z=320.2mm tilt=1.4° tilt_corr=False
18:38:38.468 [INFO ] SAM3: 1 detection(s) for 'box'
18:38:38.472 [DEBUG]   det conf=0.97 sim=0.937 pos=0.50 prox=0.98 -> 0.885
18:38:38.474 [INFO ] SAM3: 'box' score=0.97 @ [476  48 803 668]  (top of 1)  sim=0.937
18:38:38.474 [INFO ] SAM3: mask obtained (score=0.968, area=188881 px)
18:38:38.505 [DEBUG] Grasp point: robust centroid (641, 359)
18:38:38.506 [INFO ] MaskTracker: anchor locked (IoU streak=38, last IoU=0.957)
18:38:39.018 [INFO ] Servo: err=(+2,-4)px r=4  Δ=(+5.0,+0.0,-1.0)mm  pos=(346,-141,-88)  [calibrated]
18:38:39.032 [INFO ] frame=52 state=NEAR      c=(642,356) z=315.4mm tilt=3.9° tilt_corr=False
18:38:39.374 [INFO ] SAM3: 1 detection(s) for 'box'
18:38:39.408 [DEBUG]   det conf=0.96 sim=0.940 pos=0.51 prox=0.99 -> 0.889
18:38:39.431 [INFO ] SAM3: 'box' score=0.96 @ [473  41 806 670]  (top of 1)  sim=0.940
18:38:39.432 [INFO ] SAM3: mask obtained (score=0.959, area=195073 px)
18:38:39.478 [DEBUG] Grasp point: robust centroid (641, 357)
18:38:39.479 [INFO ] MaskTracker: anchor locked (IoU streak=39, last IoU=0.968)
18:38:39.993 [INFO ] Servo: err=(+2,-4)px r=5  Δ=(+5.0,+0.0,-1.0)mm  pos=(351,-141,-89)  [calibrated]
18:38:40.006 [INFO ] frame=53 state=NEAR      c=(642,356) z=311.2mm tilt=1.8° tilt_corr=False
18:38:40.390 [INFO ] SAM3: 1 detection(s) for 'box'
18:38:40.427 [DEBUG]   det conf=0.96 sim=0.939 pos=0.51 prox=0.99 -> 0.890
18:38:40.445 [INFO ] SAM3: 'box' score=0.96 @ [470  33 809 674]  (top of 1)  sim=0.939
18:38:40.445 [INFO ] SAM3: mask obtained (score=0.964, area=201599 px)
18:38:40.476 [DEBUG] Grasp point: robust centroid (641, 354)
18:38:40.476 [INFO ] MaskTracker: anchor locked (IoU streak=40, last IoU=0.968)
18:38:40.988 [INFO ] Servo: err=(+2,-6)px r=7  Δ=(+5.0,+0.0,-1.0)mm  pos=(356,-141,-90)  [calibrated]
18:38:41.003 [INFO ] frame=54 state=NEAR      c=(642,354) z=305.4mm tilt=4.5° tilt_corr=False
18:38:41.455 [INFO ] SAM3: 1 detection(s) for 'box'
18:38:41.492 [DEBUG]   det conf=0.96 sim=0.938 pos=0.51 prox=0.99 -> 0.890
18:38:41.530 [INFO ] SAM3: 'box' score=0.96 @ [468  26 812 677]  (top of 1)  sim=0.938
18:38:41.531 [INFO ] SAM3: mask obtained (score=0.964, area=208227 px)
18:38:41.559 [DEBUG] Grasp point: robust centroid (641, 351)
18:38:41.560 [INFO ] MaskTracker: anchor locked (IoU streak=41, last IoU=0.968)
18:38:42.073 [INFO ] Servo: err=(+2,-9)px r=9  Δ=(+5.0,+1.4,+2.7)mm  pos=(361,-139,-87)  [calibrated]
18:38:42.086 [INFO ] frame=55 state=NEAR      c=(642,351) z=300.2mm tilt=1.8° tilt_corr=False
18:38:42.447 [INFO ] SAM3: 1 detection(s) for 'box'
18:38:42.492 [DEBUG]   det conf=0.97 sim=0.939 pos=0.50 prox=0.98 -> 0.887
18:38:42.516 [INFO ] SAM3: 'box' score=0.97 @ [467  26 817 688]  (top of 1)  sim=0.939
18:38:42.516 [INFO ] SAM3: mask obtained (score=0.965, area=214687 px)
18:38:42.557 [DEBUG] Grasp point: robust centroid (645, 357)
18:38:42.557 [INFO ] MaskTracker: anchor locked (IoU streak=42, last IoU=0.967)
18:38:43.064 [INFO ] Servo: err=(+4,-5)px r=6  Δ=(+5.0,+0.0,-1.0)mm  pos=(366,-139,-88)  [calibrated]
18:38:43.078 [INFO ] frame=56 state=NEAR      c=(644,355) z=- tilt=- tilt_corr=False
18:38:43.432 [INFO ] SAM3: 1 detection(s) for 'box'
18:38:43.435 [DEBUG]   det conf=0.96 sim=0.942 pos=0.51 prox=0.99 -> 0.892
18:38:43.438 [INFO ] SAM3: 'box' score=0.96 @ [466  18 820 691]  (top of 1)  sim=0.942
18:38:43.438 [INFO ] SAM3: mask obtained (score=0.964, area=222168 px)
18:38:43.469 [DEBUG] Grasp point: robust centroid (645, 356)
18:38:43.469 [INFO ] MaskTracker: anchor locked (IoU streak=43, last IoU=0.966)
18:38:43.977 [INFO ] Servo: err=(+5,-6)px r=7  Δ=(+5.0,+0.0,-1.0)mm  pos=(371,-139,-89)  [calibrated]
18:38:43.989 [INFO ] frame=57 state=NEAR      c=(645,354) z=- tilt=- tilt_corr=False
18:38:44.332 [INFO ] SAM3: 1 detection(s) for 'box'
18:38:44.336 [DEBUG]   det conf=0.96 sim=0.942 pos=0.51 prox=0.99 -> 0.891
18:38:44.338 [INFO ] SAM3: 'box' score=0.96 @ [463  10 824 694]  (top of 1)  sim=0.942
18:38:44.338 [INFO ] SAM3: mask obtained (score=0.962, area=229789 px)
18:38:44.371 [DEBUG] Grasp point: robust centroid (647, 346)
18:38:44.371 [INFO ] MaskTracker: anchor locked (IoU streak=44, last IoU=0.967)
18:38:44.879 [INFO ] Servo: err=(+6,-8)px r=10  Δ=(+5.0,-1.9,+2.5)mm  pos=(376,-141,-87)  [calibrated]
18:38:44.893 [INFO ] frame=58 state=NEAR      c=(646,352) z=- tilt=- tilt_corr=False
18:38:45.228 [INFO ] SAM3: 1 detection(s) for 'box'
18:38:45.232 [DEBUG]   det conf=0.97 sim=0.940 pos=0.50 prox=0.95 -> 0.880
18:38:45.236 [INFO ] SAM3: 'box' score=0.97 @ [455  10 823 706]  (top of 1)  sim=0.940
18:38:45.236 [INFO ] SAM3: mask obtained (score=0.966, area=237429 px)
18:38:45.282 [DEBUG] Grasp point: robust centroid (643, 358)
18:38:45.283 [INFO ] MaskTracker: anchor locked (IoU streak=45, last IoU=0.957)
18:38:45.790 [INFO ] Servo: err=(+3,-5)px r=5  Δ=(+5.0,+0.0,-1.0)mm  pos=(381,-141,-88)  [calibrated]
18:38:45.807 [INFO ] frame=59 state=NEAR      c=(643,355) z=- tilt=- tilt_corr=False
18:38:46.189 [INFO ] SAM3: 1 detection(s) for 'box'
18:38:46.204 [DEBUG]   det conf=0.97 sim=0.941 pos=0.51 prox=0.99 -> 0.890
18:38:46.207 [INFO ] SAM3: 'box' score=0.97 @ [451   2 826 710]  (top of 1)  sim=0.941
18:38:46.207 [INFO ] SAM3: mask obtained (score=0.966, area=246462 px)
18:38:46.248 [DEBUG] Grasp point: robust centroid (640, 358)
18:38:46.249 [INFO ] MaskTracker: anchor locked (IoU streak=46, last IoU=0.963)
18:38:46.755 [INFO ] Servo: err=(+2,-5)px r=6  Δ=(+5.0,+0.0,-1.0)mm  pos=(386,-141,-89)  [calibrated]
18:38:46.769 [INFO ] frame=60 state=NEAR      c=(642,355) z=- tilt=- tilt_corr=False
18:38:47.110 [INFO ] SAM3: 1 detection(s) for 'box'
18:38:47.143 [DEBUG]   det conf=0.97 sim=0.940 pos=0.51 prox=0.99 -> 0.891
18:38:47.147 [INFO ] SAM3: 'box' score=0.97 @ [449   0 830 712]  (top of 1)  sim=0.940
18:38:47.147 [INFO ] SAM3: mask obtained (score=0.966, area=254022 px)
18:38:47.194 [DEBUG] Grasp point: robust centroid (640, 358)
18:38:47.195 [INFO ] MaskTracker: anchor locked (IoU streak=47, last IoU=0.970)
18:38:47.701 [INFO ] Servo: err=(+2,-6)px r=7  Δ=(+5.0,+0.0,-1.0)mm  pos=(391,-141,-90)  [calibrated]
18:38:47.717 [INFO ] frame=61 state=NEAR      c=(642,354) z=- tilt=- tilt_corr=False
18:38:48.089 [INFO ] SAM3: 1 detection(s) for 'box'
18:38:48.093 [DEBUG]   det conf=0.95 sim=0.937 pos=0.50 prox=1.00 -> 0.889
18:38:48.096 [INFO ] SAM3: 'box' score=0.95 @ [445   0 834 714]  (top of 1)  sim=0.937
18:38:48.097 [INFO ] SAM3: mask obtained (score=0.953, area=260057 px)
18:38:48.134 [DEBUG] Grasp point: robust centroid (640, 359)
18:38:48.135 [INFO ] MaskTracker: anchor locked (IoU streak=48, last IoU=0.976)
18:38:48.642 [INFO ] Servo: err=(+2,-5)px r=6  Δ=(+5.0,+0.0,-1.0)mm  pos=(396,-141,-91)  [calibrated]
18:38:48.655 [INFO ] frame=62 state=NEAR      c=(642,355) z=- tilt=- tilt_corr=False
18:38:48.983 [INFO ] SAM3: 1 detection(s) for 'box'
18:38:48.987 [DEBUG]   det conf=0.95 sim=0.936 pos=0.50 prox=1.00 -> 0.888
18:38:48.990 [INFO ] SAM3: 'box' score=0.95 @ [442   1 838 716]  (top of 1)  sim=0.936
18:38:48.990 [INFO ] SAM3: mask obtained (score=0.954, area=266386 px)
18:38:49.020 [DEBUG] Grasp point: robust centroid (641, 359)
18:38:49.021 [INFO ] MaskTracker: anchor locked (IoU streak=49, last IoU=0.976)
18:38:49.528 [INFO ] Servo: err=(+2,-5)px r=5  Δ=(+5.0,+0.0,-1.0)mm  pos=(401,-141,-92)  [calibrated]
18:38:49.540 [INFO ] frame=63 state=NEAR      c=(642,355) z=- tilt=- tilt_corr=False
18:38:49.857 [INFO ] SAM3: 1 detection(s) for 'box'
18:38:49.891 [DEBUG]   det conf=0.95 sim=0.931 pos=0.50 prox=1.00 -> 0.885
18:38:49.929 [INFO ] SAM3: 'box' score=0.95 @ [439   2 842 717]  (top of 1)  sim=0.931
18:38:49.929 [INFO ] SAM3: mask obtained (score=0.946, area=272299 px)
18:38:49.957 [DEBUG] Grasp point: robust centroid (642, 359)
18:38:49.958 [INFO ] MaskTracker: anchor locked (IoU streak=50, last IoU=0.978)
18:38:50.465 [INFO ] Servo: err=(+3,-4)px r=5  Δ=(+5.0,+0.0,-1.0)mm  pos=(406,-141,-93)  [calibrated]
18:38:50.481 [INFO ] frame=64 state=NEAR      c=(643,356) z=- tilt=- tilt_corr=False
18:38:50.824 [INFO ] SAM3: 1 detection(s) for 'box'
18:38:50.828 [DEBUG]   det conf=0.94 sim=0.935 pos=0.50 prox=1.00 -> 0.886
18:38:50.831 [INFO ] SAM3: 'box' score=0.94 @ [434   1 847 717]  (top of 1)  sim=0.935
18:38:50.831 [INFO ] SAM3: mask obtained (score=0.941, area=277932 px)
18:38:50.862 [DEBUG] Grasp point: robust centroid (642, 359)
18:38:50.862 [INFO ] MaskTracker: anchor locked (IoU streak=51, last IoU=0.979)
18:38:51.369 [INFO ] Servo: err=(+3,-3)px r=5  Δ=(+5.0,+0.0,-1.0)mm  pos=(411,-141,-94)  [calibrated]
18:38:51.382 [INFO ] frame=65 state=NEAR      c=(643,357) z=- tilt=- tilt_corr=False
18:38:51.806 [INFO ] SAM3: 1 detection(s) for 'box'
18:38:51.819 [DEBUG]   det conf=0.92 sim=0.932 pos=0.50 prox=0.99 -> 0.881
18:38:51.822 [INFO ] SAM3: 'box' score=0.92 @ [432   2 851 719]  (top of 1)  sim=0.932
18:38:51.822 [INFO ] SAM3: mask obtained (score=0.919, area=283527 px)
18:38:51.854 [DEBUG] Grasp point: robust centroid (643, 359)
18:38:51.854 [INFO ] MaskTracker: anchor locked (IoU streak=52, last IoU=0.979)
18:38:52.361 [INFO ] Servo: err=(+4,-3)px r=5  Δ=(+5.0,+0.0,-1.0)mm  pos=(416,-141,-95)  [calibrated]
18:38:52.374 [INFO ] frame=66 state=NEAR      c=(644,357) z=- tilt=- tilt_corr=False
18:38:52.716 [INFO ] SAM3: 1 detection(s) for 'box'
18:38:52.727 [DEBUG]   det conf=0.90 sim=0.929 pos=0.50 prox=0.99 -> 0.878
18:38:52.730 [INFO ] SAM3: 'box' score=0.90 @ [427   1 853 717]  (top of 1)  sim=0.929
18:38:52.730 [INFO ] SAM3: mask obtained (score=0.904, area=289156 px)
18:38:52.759 [DEBUG] Grasp point: robust centroid (643, 359)
18:38:52.760 [INFO ] MaskTracker: anchor locked (IoU streak=53, last IoU=0.977)
18:38:53.267 [INFO ] Servo: err=(+4,-2)px r=5  Δ=(+5.0,+0.0,-1.0)mm  pos=(421,-141,-96)  [calibrated]
18:38:53.280 [INFO ] frame=67 state=NEAR      c=(644,358) z=- tilt=- tilt_corr=False
18:38:53.626 [INFO ] SAM3: 1 detection(s) for 'box'
18:38:53.630 [DEBUG]   det conf=0.91 sim=0.925 pos=0.50 prox=0.99 -> 0.878
18:38:53.632 [INFO ] SAM3: 'box' score=0.91 @ [425   1 857 718]  (top of 1)  sim=0.925
18:38:53.632 [INFO ] SAM3: mask obtained (score=0.912, area=295750 px)
18:38:53.663 [DEBUG] Grasp point: robust centroid (643, 359)
18:38:53.664 [INFO ] MaskTracker: anchor locked (IoU streak=54, last IoU=0.977)
18:38:54.170 [INFO ] Servo: err=(+5,-2)px r=5  Δ=(+5.0,+0.0,-1.0)mm  pos=(426,-141,-97)  [calibrated]
18:38:54.184 [INFO ] frame=68 state=NEAR      c=(645,358) z=- tilt=- tilt_corr=False
18:38:54.564 [INFO ] SAM3: 1 detection(s) for 'box'
18:38:54.569 [DEBUG]   det conf=0.91 sim=0.928 pos=0.50 prox=1.00 -> 0.879
18:38:54.604 [INFO ] SAM3: 'box' score=0.91 @ [421   2 862 718]  (top of 1)  sim=0.928
18:38:54.604 [INFO ] SAM3: mask obtained (score=0.909, area=302177 px)
18:38:54.634 [DEBUG] Grasp point: robust centroid (642, 359)
18:38:54.634 [INFO ] MaskTracker: anchor locked (IoU streak=55, last IoU=0.979)
18:38:55.141 [INFO ] Servo: err=(+5,-2)px r=5  Δ=(+5.0,+0.0,-1.0)mm  pos=(431,-141,-98)  [calibrated]
18:38:55.159 [INFO ] frame=69 state=NEAR      c=(645,358) z=- tilt=- tilt_corr=False
18:38:55.534 [INFO ] SAM3: 1 detection(s) for 'box'
18:38:55.548 [DEBUG]   det conf=0.88 sim=0.924 pos=0.50 prox=1.00 -> 0.874
18:38:55.558 [INFO ] SAM3: 'box' score=0.88 @ [417   2 867 718]  (top of 1)  sim=0.924
18:38:55.559 [INFO ] SAM3: mask obtained (score=0.883, area=307828 px)
18:38:55.588 [DEBUG] Grasp point: robust centroid (643, 359)
18:38:55.589 [INFO ] MaskTracker: anchor locked (IoU streak=56, last IoU=0.980)
18:38:56.096 [INFO ] Servo: err=(+5,-2)px r=5  Δ=(+5.0,+0.0,-1.0)mm  pos=(436,-141,-99)  [calibrated]
18:38:56.112 [INFO ] frame=70 state=NEAR      c=(645,358) z=- tilt=- tilt_corr=False
18:38:56.456 [INFO ] SAM3: 1 detection(s) for 'box'
18:38:56.470 [DEBUG]   det conf=0.86 sim=0.928 pos=0.50 prox=0.99 -> 0.873
18:38:56.473 [INFO ] SAM3: 'box' score=0.86 @ [412   2 872 719]  (top of 1)  sim=0.928
18:38:56.473 [INFO ] SAM3: mask obtained (score=0.864, area=314582 px)
18:38:56.519 [DEBUG] Grasp point: robust centroid (643, 359)
18:38:56.519 [INFO ] MaskTracker: anchor locked (IoU streak=57, last IoU=0.977)
18:38:57.026 [INFO ] Servo: err=(+5,-2)px r=5  Δ=(+5.0,+0.0,-1.0)mm  pos=(441,-141,-100)  [calibrated]
18:38:57.039 [INFO ] frame=71 state=NEAR      c=(645,358) z=- tilt=- tilt_corr=False
18:38:57.383 [INFO ] SAM3: 1 detection(s) for 'box'
18:38:57.387 [DEBUG]   det conf=0.90 sim=0.922 pos=0.50 prox=0.99 -> 0.874
18:38:57.392 [INFO ] SAM3: 'box' score=0.90 @ [407   3 878 720]  (top of 1)  sim=0.922
18:38:57.392 [INFO ] SAM3: mask obtained (score=0.904, area=321340 px)
18:38:57.439 [DEBUG] Grasp point: robust centroid (644, 359)
18:38:57.440 [INFO ] MaskTracker: anchor locked (IoU streak=58, last IoU=0.976)
18:38:57.946 [INFO ] Servo: err=(+6,-1)px r=6  Δ=(+5.0,+0.0,-1.0)mm  pos=(446,-141,-101)  [calibrated]
18:38:57.960 [INFO ] frame=72 state=NEAR      c=(646,359) z=- tilt=- tilt_corr=False
18:38:58.288 [INFO ] SAM3: 1 detection(s) for 'box'
18:38:58.291 [DEBUG]   det conf=0.91 sim=0.915 pos=0.50 prox=0.99 -> 0.872
18:38:58.296 [INFO ] SAM3: 'box' score=0.91 @ [403   2 883 719]  (top of 1)  sim=0.915
18:38:58.296 [INFO ] SAM3: mask obtained (score=0.910, area=328533 px)
18:38:58.340 [DEBUG] Grasp point: robust centroid (645, 360)
18:38:58.341 [INFO ] MaskTracker: anchor locked (IoU streak=59, last IoU=0.977)
18:38:58.847 [INFO ] Servo: err=(+7,-2)px r=7  Δ=(+5.0,+0.0,-1.0)mm  pos=(451,-141,-102)  [calibrated]
18:38:58.861 [INFO ] frame=73 state=NEAR      c=(647,358) z=- tilt=- tilt_corr=False
18:38:59.238 [INFO ] SAM3: 1 detection(s) for 'box'
18:38:59.244 [DEBUG]   det conf=0.90 sim=0.911 pos=0.50 prox=1.00 -> 0.869
18:38:59.248 [INFO ] SAM3: 'box' score=0.90 @ [398   0 889 718]  (top of 1)  sim=0.911
18:38:59.248 [INFO ] SAM3: mask obtained (score=0.897, area=336119 px)
18:38:59.296 [DEBUG] Grasp point: robust centroid (645, 359)
18:38:59.297 [INFO ] MaskTracker: anchor locked (IoU streak=60, last IoU=0.976)
18:38:59.804 [INFO ] Servo: err=(+7,-2)px r=7  Δ=(+5.0,+0.0,-1.0)mm  pos=(456,-141,-103)  [calibrated]
18:38:59.817 [INFO ] frame=74 state=NEAR      c=(647,358) z=- tilt=- tilt_corr=False
18:39:00.236 [INFO ] SAM3: 1 detection(s) for 'box'
18:39:00.240 [DEBUG]   det conf=0.89 sim=0.920 pos=0.50 prox=1.00 -> 0.873
18:39:00.245 [INFO ] SAM3: 'box' score=0.89 @ [392   1 896 719]  (top of 1)  sim=0.920
18:39:00.245 [INFO ] SAM3: mask obtained (score=0.886, area=344278 px)
18:39:00.275 [DEBUG] Grasp point: robust centroid (645, 360)
18:39:00.276 [INFO ] MaskTracker: anchor locked (IoU streak=61, last IoU=0.974)
18:39:00.887 [INFO ] Servo: err=(+8,-2)px r=8  Δ=(+5.0,-6.1,+0.5)mm  pos=(461,-147,-102)  [calibrated]
18:39:00.903 [INFO ] frame=75 state=NEAR      c=(648,358) z=- tilt=38.2° tilt_corr=False
18:39:01.219 [INFO ] SAM3: 1 detection(s) for 'box'
18:39:01.225 [DEBUG]   det conf=0.89 sim=0.922 pos=0.50 prox=0.93 -> 0.858
18:39:01.231 [INFO ] SAM3: 'box' score=0.89 @ [366   1 880 719]  (top of 1)  sim=0.922
18:39:01.231 [INFO ] SAM3: mask obtained (score=0.890, area=353237 px)
18:39:01.260 [DEBUG] Grasp point: robust centroid (624, 359)
18:39:01.261 [INFO ] MaskTracker: anchor locked (IoU streak=62, last IoU=0.912)
18:39:01.771 [INFO ] Servo: err=(-7,-2)px r=7  Δ=(+5.0,+0.0,-1.0)mm  pos=(466,-147,-103)  [calibrated]
18:39:01.786 [INFO ] frame=76 state=NEAR      c=(633,358) z=- tilt=35.3° tilt_corr=False
18:39:02.129 [INFO ] SAM3: 1 detection(s) for 'box'
18:39:02.160 [DEBUG]   det conf=0.92 sim=0.913 pos=0.50 prox=0.99 -> 0.872
18:39:02.192 [INFO ] SAM3: 'box' score=0.92 @ [358   0 885 718]  (top of 1)  sim=0.913
18:39:02.192 [INFO ] SAM3: mask obtained (score=0.915, area=361380 px)
18:39:02.223 [DEBUG] Grasp point: robust centroid (623, 359)
18:39:02.223 [INFO ] MaskTracker: anchor locked (IoU streak=63, last IoU=0.975)
18:39:02.936 [INFO ] Servo: err=(-12,-2)px r=12  Δ=(+5.0,+10.9,+0.7)mm  pos=(471,-136,-103)  [calibrated]
18:39:02.951 [INFO ] frame=77 state=NEAR      c=(628,358) z=- tilt=28.2° tilt_corr=False
18:39:03.287 [INFO ] SAM3: 1 detection(s) for 'box'
18:39:03.291 [DEBUG]   det conf=0.89 sim=0.910 pos=0.50 prox=0.88 -> 0.841
18:39:03.295 [INFO ] SAM3: 'box' score=0.89 @ [389   0 931 717]  (top of 1)  sim=0.910
18:39:03.295 [INFO ] SAM3: mask obtained (score=0.893, area=371653 px)
18:39:03.325 [DEBUG] Grasp point: robust centroid (661, 359)
18:39:03.326 [INFO ] MaskTracker: anchor locked (IoU streak=64, last IoU=0.860)
18:39:04.039 [INFO ] Servo: err=(+13,-2)px r=13  Δ=(+5.0,-10.2,+0.5)mm  pos=(476,-147,-102)  [calibrated]
18:39:04.057 [INFO ] frame=78 state=NEAR      c=(653,358) z=- tilt=78.2° tilt_corr=False
18:39:04.362 [INFO ] SAM3: 1 detection(s) for 'box'
18:39:04.369 [DEBUG]   det conf=0.90 sim=0.907 pos=0.50 prox=0.89 -> 0.841
18:39:04.374 [INFO ] SAM3: 'box' score=0.90 @ [348  -1 902 716]  (top of 1)  sim=0.907
18:39:04.374 [INFO ] SAM3: mask obtained (score=0.903, area=381402 px)
18:39:04.423 [DEBUG] Grasp point: robust centroid (627, 359)
18:39:04.424 [INFO ] MaskTracker: anchor locked (IoU streak=65, last IoU=0.879)
18:39:04.935 [INFO ] Servo: err=(-3,-2)px r=4  Δ=(+5.0,+0.0,-1.0)mm  pos=(481,-147,-103)  [calibrated]
18:39:04.952 [INFO ] frame=79 state=NEAR      c=(637,358) z=- tilt=59.9° tilt_corr=False
18:39:05.340 [INFO ] SAM3: 1 detection(s) for 'box'
18:39:05.348 [DEBUG]   det conf=0.94 sim=0.911 pos=0.50 prox=0.99 -> 0.872
18:39:05.351 [INFO ] SAM3: 'box' score=0.94 @ [340   1 909 719]  (top of 1)  sim=0.911
18:39:05.351 [INFO ] SAM3: mask obtained (score=0.937, area=391097 px)
18:39:05.383 [DEBUG] Grasp point: robust centroid (625, 360)
18:39:05.383 [INFO ] MaskTracker: anchor locked (IoU streak=66, last IoU=0.974)
18:39:06.046 [INFO ] Servo: err=(-9,-2)px r=9  Δ=(+5.0,+8.5,+0.8)mm  pos=(486,-138,-103)  [calibrated]
18:39:06.061 [INFO ] frame=80 state=NEAR      c=(631,358) z=- tilt=34.8° tilt_corr=False
18:39:06.405 [INFO ] SAM3: 1 detection(s) for 'box'
18:39:06.435 [DEBUG]   det conf=0.90 sim=0.904 pos=0.50 prox=0.90 -> 0.843
18:39:06.438 [INFO ] SAM3: 'box' score=0.90 @ [363   2 948 719]  (top of 1)  sim=0.904
18:39:06.438 [INFO ] SAM3: mask obtained (score=0.905, area=403121 px)
18:39:06.469 [DEBUG] Grasp point: robust centroid (656, 359)
18:39:06.469 [INFO ] MaskTracker: anchor locked (IoU streak=67, last IoU=0.893)
18:39:07.132 [INFO ] Servo: err=(+11,-2)px r=11  Δ=(+5.0,-8.3,+0.5)mm  pos=(491,-147,-102)  [calibrated]
18:39:07.146 [INFO ] frame=81 state=NEAR      c=(651,358) z=- tilt=66.1° tilt_corr=False
18:39:07.525 [INFO ] SAM3: 1 detection(s) for 'box'
18:39:07.555 [DEBUG]   det conf=0.93 sim=0.904 pos=0.50 prox=0.91 -> 0.848
18:39:07.590 [INFO ] SAM3: 'box' score=0.93 @ [327   2 927 719]  (top of 1)  sim=0.904
18:39:07.590 [INFO ] SAM3: mask obtained (score=0.935, area=414207 px)
18:39:07.621 [DEBUG] Grasp point: robust centroid (627, 360)
18:39:07.622 [INFO ] MaskTracker: anchor locked (IoU streak=68, last IoU=0.904)
18:39:08.133 [INFO ] Servo: err=(-3,-2)px r=4  Δ=(+5.0,+0.0,-1.0)mm  pos=(496,-147,-103)  [calibrated]
18:39:08.148 [INFO ] frame=82 state=NEAR      c=(637,358) z=- tilt=54.3° tilt_corr=False
18:39:08.500 [INFO ] SAM3: 1 detection(s) for 'box'
18:39:08.504 [DEBUG]   det conf=0.93 sim=0.904 pos=0.50 prox=0.99 -> 0.868
18:39:08.507 [INFO ] SAM3: 'box' score=0.93 @ [315   2 933 719]  (top of 1)  sim=0.904
18:39:08.507 [INFO ] SAM3: mask obtained (score=0.932, area=426055 px)
18:39:08.556 [DEBUG] Grasp point: robust centroid (625, 359)
18:39:08.557 [INFO ] MaskTracker: anchor locked (IoU streak=69, last IoU=0.971)
18:39:09.220 [INFO ] Servo: err=(-9,-2)px r=9  Δ=(+5.0,+8.4,+0.8)mm  pos=(501,-138,-102)  [calibrated]
18:39:09.234 [INFO ] frame=83 state=NEAR      c=(631,358) z=- tilt=4.1° tilt_corr=False
18:39:09.594 [INFO ] SAM3: 1 detection(s) for 'box'
18:39:09.597 [DEBUG]   det conf=0.92 sim=0.911 pos=0.50 prox=0.89 -> 0.845
18:39:09.600 [INFO ] SAM3: 'box' score=0.92 @ [342   2 977 719]  (top of 1)  sim=0.911
18:39:09.600 [INFO ] SAM3: mask obtained (score=0.918, area=440394 px)
18:39:09.630 [DEBUG] Grasp point: robust centroid (661, 360)
18:39:09.630 [INFO ] MaskTracker: anchor locked (IoU streak=70, last IoU=0.886)
18:39:10.393 [INFO ] Servo: err=(+14,-2)px r=14  Δ=(+5.0,-11.2,+0.5)mm  pos=(506,-149,-102)  [calibrated]
18:39:10.404 [INFO ] frame=84 state=NEAR      c=(654,358) z=- tilt=34.6° tilt_corr=False
18:39:10.829 [INFO ] SAM3: 1 detection(s) for 'box'
18:39:10.865 [DEBUG]   det conf=0.93 sim=0.898 pos=0.50 prox=0.85 -> 0.829
18:39:10.871 [INFO ] SAM3: 'box' score=0.93 @ [286   2 939 719]  (top of 1)  sim=0.898
18:39:10.871 [INFO ] SAM3: mask obtained (score=0.931, area=453605 px)
18:39:10.919 [DEBUG] Grasp point: robust centroid (614, 360)
18:39:10.920 [INFO ] MaskTracker: anchor locked (IoU streak=71, last IoU=0.858)
18:39:11.634 [INFO ] Servo: err=(-12,-2)px r=12  Δ=(+5.0,+10.7,+0.8)mm  pos=(511,-139,-101)  [calibrated]
18:39:11.650 [INFO ] frame=85 state=TERMINAL  c=(628,358) z=- tilt=28.5° tilt_corr=False
18:39:12.170 [INFO ] Servo: err=(+0,+0)px r=0  Δ=(+5.0,+0.0,-1.0)mm  pos=(516,-139,-102)  [calibrated]
18:39:12.187 [INFO ] frame=86 state=TERMINAL  c=(640,360) z=- tilt=46.7° tilt_corr=False
18:39:12.705 [INFO ] Servo: err=(+0,+0)px r=0  Δ=(+5.0,+0.0,-1.0)mm  pos=(521,-139,-103)  [calibrated]
18:39:12.718 [INFO ] frame=87 state=TERMINAL  c=(640,360) z=- tilt=80.5° tilt_corr=False
18:39:13.233 [INFO ] Servo: err=(+0,+0)px r=0  Δ=(+5.0,+0.0,-1.0)mm  pos=(526,-139,-104)  [calibrated]
18:39:13.247 [INFO ] frame=88 state=TERMINAL  c=(640,360) z=- tilt=24.7° tilt_corr=False
18:39:13.763 [INFO ] Servo: err=(+0,+0)px r=0  Δ=(+5.0,+0.0,-1.0)mm  pos=(531,-139,-105)  [calibrated]
18:39:13.776 [INFO ] frame=89 state=TERMINAL  c=(640,360) z=- tilt=23.0° tilt_corr=False
18:39:14.292 [INFO ] Servo: err=(+0,+0)px r=0  Δ=(+5.0,+0.0,-1.0)mm  pos=(536,-139,-106)  [calibrated]
18:39:14.304 [INFO ] frame=90 state=TERMINAL  c=(640,360) z=- tilt=30.0° tilt_corr=False
18:39:14.819 [INFO ] Servo: err=(+0,+0)px r=0  Δ=(+5.0,+0.0,-1.0)mm  pos=(541,-139,-107)  [calibrated]
18:39:14.833 [INFO ] frame=91 state=TERMINAL  c=(640,360) z=- tilt=3.0° tilt_corr=False
18:39:15.348 [INFO ] Servo: err=(+0,+0)px r=0  Δ=(+5.0,+0.0,-1.0)mm  pos=(546,-139,-108)  [calibrated]
18:39:15.363 [INFO ] frame=92 state=TERMINAL  c=(640,360) z=- tilt=45.4° tilt_corr=False
18:39:15.879 [INFO ] Servo: err=(+0,+0)px r=0  Δ=(+5.0,+0.0,-1.0)mm  pos=(551,-139,-109)  [calibrated]
18:39:15.894 [INFO ] frame=93 state=TERMINAL  c=(640,360) z=- tilt=45.9° tilt_corr=False
18:39:16.411 [INFO ] Servo: err=(+0,+0)px r=0  Δ=(+5.0,+0.0,-1.0)mm  pos=(556,-139,-110)  [calibrated]
18:39:16.423 [INFO ] frame=94 state=TERMINAL  c=(640,360) z=- tilt=36.7° tilt_corr=False
18:39:16.938 [INFO ] Servo: err=(+0,+0)px r=0  Δ=(+5.0,+0.0,-1.0)mm  pos=(561,-139,-111)  [calibrated]
18:39:16.952 [INFO ] frame=95 state=TERMINAL  c=(640,360) z=- tilt=49.0° tilt_corr=False
18:39:17.470 [INFO ] Servo: err=(+0,+0)px r=0  Δ=(+5.0,+0.0,-1.0)mm  pos=(566,-139,-112)  [calibrated]
18:39:17.482 [INFO ] frame=96 state=TERMINAL  c=(640,360) z=- tilt=50.7° tilt_corr=False
18:39:17.998 [INFO ] Servo: err=(+0,+0)px r=0  Δ=(+5.0,+0.0,-1.0)mm  pos=(571,-139,-113)  [calibrated]
18:39:18.011 [INFO ] frame=97 state=TERMINAL  c=(640,360) z=- tilt=32.8° tilt_corr=False
18:39:18.525 [INFO ] Servo: err=(+0,+0)px r=0  Δ=(+5.0,+0.0,-1.0)mm  pos=(576,-139,-114)  [calibrated]
18:39:18.540 [INFO ] frame=98 state=TERMINAL  c=(640,360) z=- tilt=30.5° tilt_corr=False
18:39:19.057 [INFO ] Servo: err=(+0,+0)px r=0  Δ=(+5.0,+0.0,-1.0)mm  pos=(581,-139,-115)  [calibrated]
18:39:19.070 [INFO ] frame=99 state=TERMINAL  c=(640,360) z=- tilt=16.4° tilt_corr=False
18:39:19.589 [INFO ] Servo: err=(+0,+0)px r=0  Δ=(+5.0,+0.0,-1.0)mm  pos=(586,-139,-116)  [calibrated]
18:39:19.601 [INFO ] frame=100 state=TERMINAL  c=(640,360) z=- tilt=42.4° tilt_corr=False
18:39:20.122 [INFO ] Servo: err=(+0,+0)px r=0  Δ=(+5.0,+0.0,-1.0)mm  pos=(591,-139,-117)  [calibrated]
18:39:20.139 [INFO ] frame=101 state=TERMINAL  c=(640,360) z=- tilt=17.3° tilt_corr=False
18:39:20.657 [INFO ] Servo: err=(+0,+0)px r=0  Δ=(+5.0,+0.0,-1.0)mm  pos=(596,-139,-118)  [calibrated]
18:39:20.670 [INFO ] frame=102 state=TERMINAL  c=(640,360) z=- tilt=40.7° tilt_corr=False
18:39:21.187 [INFO ] Servo: err=(+0,+0)px r=0  Δ=(+5.0,+0.0,-1.0)mm  pos=(601,-139,-119)  [calibrated]
18:39:21.201 [INFO ] frame=103 state=TERMINAL  c=(640,360) z=- tilt=19.4° tilt_corr=False
18:39:21.718 [INFO ] Servo: err=(+0,+0)px r=0  Δ=(+5.0,+0.0,-1.0)mm  pos=(606,-139,-120)  [calibrated]
18:39:21.731 [INFO ] frame=104 state=TERMINAL  c=(640,360) z=- tilt=25.6° tilt_corr=False
18:39:22.246 [INFO ] Servo: err=(+0,+0)px r=0  Δ=(+5.0,+0.0,-1.0)mm  pos=(611,-139,-121)  [calibrated]
18:39:22.260 [INFO ] frame=105 state=TERMINAL  c=(640,360) z=- tilt=65.3° tilt_corr=False
18:39:22.777 [INFO ] Servo: err=(+0,+0)px r=0  Δ=(+5.0,+0.0,-1.0)mm  pos=(616,-139,-122)  [calibrated]
18:39:22.791 [INFO ] frame=106 state=TERMINAL  c=(640,360) z=- tilt=31.2° tilt_corr=False
18:39:23.311 [INFO ] Servo: err=(+0,+0)px r=0  Δ=(+5.0,+0.0,-1.0)mm  pos=(621,-139,-123)  [calibrated]
18:39:23.325 [INFO ] frame=107 state=TERMINAL  c=(640,360) z=- tilt=39.3° tilt_corr=False
18:39:23.844 [INFO ] Servo: err=(+0,+0)px r=0  Δ=(+5.0,+0.0,-1.0)mm  pos=(626,-139,-124)  [calibrated]
18:39:23.855 [INFO ] frame=108 state=TERMINAL  c=(640,360) z=- tilt=40.1° tilt_corr=False
18:39:23.883 [INFO ] frame=109 state=TERMINAL  c=- z=- tilt=- tilt_corr=False
18:39:23.911 [INFO ] frame=110 state=TERMINAL  c=- z=- tilt=- tilt_corr=False
18:39:23.933 [INFO ] frame=111 state=TERMINAL  c=- z=- tilt=- tilt_corr=False
18:39:23.953 [INFO ] frame=112 state=TERMINAL  c=- z=- tilt=- tilt_corr=False
18:39:23.986 [INFO ] frame=113 state=TERMINAL  c=- z=- tilt=- tilt_corr=False
18:39:24.023 [INFO ] frame=114 state=TERMINAL  c=- z=- tilt=- tilt_corr=False
18:39:24.054 [INFO ] frame=115 state=TERMINAL  c=- z=- tilt=- tilt_corr=False
18:39:24.087 [INFO ] frame=116 state=TERMINAL  c=- z=- tilt=- tilt_corr=False
18:39:24.119 [INFO ] frame=117 state=TERMINAL  c=- z=- tilt=- tilt_corr=False
18:39:24.154 [INFO ] frame=118 state=TERMINAL  c=- z=- tilt=- tilt_corr=False
18:39:24.194 [INFO ] frame=119 state=TERMINAL  c=- z=- tilt=- tilt_corr=False
18:39:24.225 [INFO ] frame=120 state=TERMINAL  c=- z=- tilt=- tilt_corr=False
18:39:24.253 [INFO ] frame=121 state=TERMINAL  c=- z=- tilt=- tilt_corr=False
18:39:24.286 [INFO ] frame=122 state=TERMINAL  c=- z=- tilt=- tilt_corr=False
18:39:24.320 [INFO ] frame=123 state=TERMINAL  c=- z=- tilt=- tilt_corr=False
18:39:24.354 [INFO ] frame=124 state=TERMINAL  c=- z=- tilt=- tilt_corr=False
18:39:24.387 [INFO ] frame=125 state=TERMINAL  c=- z=- tilt=- tilt_corr=False
18:39:24.421 [INFO ] frame=126 state=TERMINAL  c=- z=- tilt=- tilt_corr=False
18:39:24.454 [INFO ] frame=127 state=TERMINAL  c=- z=- tilt=- tilt_corr=False
18:39:24.487 [INFO ] frame=128 state=TERMINAL  c=- z=- tilt=- tilt_corr=False
18:39:24.520 [INFO ] frame=129 state=TERMINAL  c=- z=- tilt=- tilt_corr=False
18:39:24.553 [INFO ] frame=130 state=TERMINAL  c=- z=- tilt=- tilt_corr=False
18:39:24.590 [INFO ] frame=131 state=TERMINAL  c=- z=- tilt=- tilt_corr=False
18:39:24.621 [INFO ] frame=132 state=TERMINAL  c=- z=- tilt=- tilt_corr=False
18:39:24.655 [INFO ] frame=133 state=TERMINAL  c=- z=- tilt=- tilt_corr=False
18:39:24.687 [INFO ] frame=134 state=TERMINAL  c=- z=- tilt=- tilt_corr=False
18:39:24.721 [INFO ] frame=135 state=TERMINAL  c=- z=- tilt=- tilt_corr=False
18:39:24.753 [INFO ] frame=136 state=TERMINAL  c=- z=- tilt=- tilt_corr=False
18:39:24.787 [INFO ] frame=137 state=TERMINAL  c=- z=- tilt=- tilt_corr=False
18:39:24.821 [INFO ] frame=138 state=TERMINAL  c=- z=- tilt=- tilt_corr=False
18:39:24.855 [INFO ] frame=139 state=TERMINAL  c=- z=- tilt=- tilt_corr=False
18:39:24.893 [INFO ] frame=140 state=TERMINAL  c=- z=- tilt=- tilt_corr=False
18:39:24.923 [INFO ] frame=141 state=TERMINAL  c=- z=- tilt=- tilt_corr=False
18:39:24.953 [INFO ] frame=142 state=TERMINAL  c=- z=- tilt=- tilt_corr=False
18:39:24.987 [INFO ] frame=143 state=TERMINAL  c=- z=- tilt=- tilt_corr=False
18:39:25.020 [INFO ] frame=144 state=TERMINAL  c=- z=- tilt=- tilt_corr=False
18:39:25.054 [INFO ] frame=145 state=TERMINAL  c=- z=- tilt=- tilt_corr=False
18:39:25.087 [INFO ] frame=146 state=TERMINAL  c=- z=- tilt=- tilt_corr=False
18:39:25.122 [INFO ] frame=147 state=TERMINAL  c=- z=- tilt=- tilt_corr=False
18:39:25.156 [INFO ] frame=148 state=TERMINAL  c=- z=- tilt=- tilt_corr=False
18:39:25.193 [INFO ] frame=149 state=TERMINAL  c=- z=- tilt=- tilt_corr=False
18:39:25.220 [INFO ] frame=150 state=TERMINAL  c=- z=- tilt=- tilt_corr=False
18:39:25.253 [INFO ] frame=151 state=TERMINAL  c=- z=- tilt=- tilt_corr=False
18:39:25.287 [INFO ] frame=152 state=TERMINAL  c=- z=- tilt=- tilt_corr=False
18:39:25.320 [INFO ] frame=153 state=TERMINAL  c=- z=- tilt=- tilt_corr=False
18:39:25.354 [INFO ] frame=154 state=TERMINAL  c=- z=- tilt=- tilt_corr=False
18:39:25.389 [INFO ] frame=155 state=TERMINAL  c=- z=- tilt=- tilt_corr=False
18:39:25.425 [INFO ] frame=156 state=TERMINAL  c=- z=- tilt=- tilt_corr=False
18:39:25.462 [INFO ] frame=157 state=TERMINAL  c=- z=- tilt=- tilt_corr=False
18:39:25.489 [INFO ] frame=158 state=TERMINAL  c=- z=- tilt=- tilt_corr=False
18:39:25.524 [INFO ] frame=159 state=TERMINAL  c=- z=- tilt=- tilt_corr=False
18:39:25.552 [INFO ] frame=160 state=TERMINAL  c=- z=- tilt=- tilt_corr=False
18:39:25.586 [INFO ] frame=161 state=TERMINAL  c=- z=- tilt=- tilt_corr=False
18:39:25.621 [INFO ] frame=162 state=TERMINAL  c=- z=- tilt=- tilt_corr=False
18:39:25.655 [INFO ] frame=163 state=TERMINAL  c=- z=- tilt=- tilt_corr=False
18:39:25.687 [INFO ] frame=164 state=TERMINAL  c=- z=- tilt=- tilt_corr=False
18:39:25.722 [INFO ] frame=165 state=TERMINAL  c=- z=- tilt=- tilt_corr=False
18:39:25.756 [INFO ] frame=166 state=TERMINAL  c=- z=- tilt=- tilt_corr=False
18:39:25.787 [INFO ] frame=167 state=TERMINAL  c=- z=- tilt=- tilt_corr=False
18:39:25.819 [INFO ] frame=168 state=TERMINAL  c=- z=- tilt=- tilt_corr=False
18:39:25.854 [INFO ] frame=169 state=TERMINAL  c=- z=- tilt=- tilt_corr=False
18:39:25.890 [INFO ] frame=170 state=TERMINAL  c=- z=- tilt=- tilt_corr=False
18:39:25.921 [INFO ] frame=171 state=TERMINAL  c=- z=- tilt=- tilt_corr=False
18:39:25.954 [INFO ] frame=172 state=TERMINAL  c=- z=- tilt=- tilt_corr=False
18:39:25.987 [INFO ] frame=173 state=TERMINAL  c=- z=- tilt=- tilt_corr=False
18:39:26.021 [INFO ] frame=174 state=TERMINAL  c=- z=- tilt=- tilt_corr=False
18:39:26.056 [INFO ] frame=175 state=TERMINAL  c=- z=- tilt=- tilt_corr=False
18:39:26.088 [INFO ] frame=176 state=TERMINAL  c=- z=- tilt=- tilt_corr=False
18:39:26.122 [INFO ] frame=177 state=TERMINAL  c=- z=- tilt=- tilt_corr=False
18:39:26.152 [INFO ] frame=178 state=TERMINAL  c=- z=- tilt=- tilt_corr=False
18:39:26.189 [INFO ] frame=179 state=TERMINAL  c=- z=- tilt=- tilt_corr=False
18:39:26.220 [INFO ] frame=180 state=TERMINAL  c=- z=- tilt=- tilt_corr=False
18:39:26.256 [INFO ] frame=181 state=TERMINAL  c=- z=- tilt=- tilt_corr=False
18:39:26.287 [INFO ] frame=182 state=TERMINAL  c=- z=- tilt=- tilt_corr=False
18:39:26.321 [INFO ] frame=183 state=TERMINAL  c=- z=- tilt=- tilt_corr=False
18:39:26.355 [INFO ] frame=184 state=TERMINAL  c=- z=- tilt=- tilt_corr=False
18:39:26.388 [INFO ] frame=185 state=TERMINAL  c=- z=- tilt=- tilt_corr=False
18:39:26.424 [INFO ] frame=186 state=TERMINAL  c=- z=- tilt=- tilt_corr=False
18:39:26.456 [INFO ] frame=187 state=TERMINAL  c=- z=- tilt=- tilt_corr=False
18:39:26.486 [INFO ] frame=188 state=TERMINAL  c=- z=- tilt=- tilt_corr=False
18:39:26.519 [INFO ] frame=189 state=TERMINAL  c=- z=- tilt=- tilt_corr=False
18:39:26.553 [INFO ] frame=190 state=TERMINAL  c=- z=- tilt=- tilt_corr=False
18:39:26.585 [INFO ] frame=191 state=TERMINAL  c=- z=- tilt=- tilt_corr=False
18:39:26.621 [INFO ] frame=192 state=TERMINAL  c=- z=- tilt=- tilt_corr=False
18:39:26.654 [INFO ] frame=193 state=TERMINAL  c=- z=- tilt=- tilt_corr=False
18:39:26.687 [INFO ] frame=194 state=TERMINAL  c=- z=- tilt=- tilt_corr=False
18:39:26.726 [INFO ] frame=195 state=TERMINAL  c=- z=- tilt=- tilt_corr=False
18:39:26.761 [INFO ] frame=196 state=TERMINAL  c=- z=- tilt=- tilt_corr=False
18:39:26.786 [INFO ] frame=197 state=TERMINAL  c=- z=- tilt=- tilt_corr=False
18:39:26.820 [INFO ] frame=198 state=TERMINAL  c=- z=- tilt=- tilt_corr=False
18:39:26.853 [INFO ] frame=199 state=TERMINAL  c=- z=- tilt=- tilt_corr=False
18:39:26.886 [INFO ] frame=200 state=TERMINAL  c=- z=- tilt=- tilt_corr=False
18:39:26.920 [INFO ] frame=201 state=TERMINAL  c=- z=- tilt=- tilt_corr=False
18:39:26.953 [INFO ] frame=202 state=TERMINAL  c=- z=- tilt=- tilt_corr=False
18:39:26.979 [INFO ] Quit requested via window key.
18:39:26.984 [INFO ] frame=203 state=TERMINAL  c=- z=- tilt=- tilt_corr=False
18:39:27.036 [INFO ] Returning to home position [181.3, -7.5, -48.6] mm ...
18:39:36.964 [INFO ] Home position reached.
18:39:36.965 [INFO ] Robot stopped.
18:39:36.969 [INFO ] Done.
